[1.429s] Invoking command in '/home/huangbo/ros2_learn/tongxun_learn/src/py01_topic': AMENT_PREFIX_PATH=/home/huangbo/ros2_learn/tongxun_learn/install/student_interfaces:${AMENT_PREFIX_PATH} CMAKE_PREFIX_PATH=/home/huangbo/ros2_learn/tongxun_learn/install/student_interfaces:${CMAKE_PREFIX_PATH} DEBUGINFOD_URLS=https://debuginfod.ubuntu.com LD_LIBRARY_PATH=/home/huangbo/ros2_learn/tongxun_learn/install/student_interfaces/lib:${LD_LIBRARY_PATH} PYTHONPATH=/home/huangbo/ros2_learn/tongxun_learn/build/py01_topic/prefix_override:/usr/lib/python3/dist-packages/colcon_core/task/python/colcon_distutils_commands:/home/huangbo/ros2_learn/tongxun_learn/install/py01_topic/lib/python3.12/site-packages:/home/huangbo/ros2_learn/tongxun_learn/install/student_interfaces/lib/python3.12/site-packages:${PYTHONPATH} /usr/bin/python3 -W ignore:setup.py install is deprecated -W ignore:easy_install command is deprecated setup.py egg_info --egg-base ../../build/py01_topic build --build-base /home/huangbo/ros2_learn/tongxun_learn/build/py01_topic/build install --record /home/huangbo/ros2_learn/tongxun_learn/build/py01_topic/install.log --install-scripts $base/lib/py01_topic --single-version-externally-managed install_data
[1.733s] running egg_info
[1.754s] writing ../../build/py01_topic/py01_topic.egg-info/PKG-INFO
[1.755s] writing dependency_links to ../../build/py01_topic/py01_topic.egg-info/dependency_links.txt
[1.756s] writing entry points to ../../build/py01_topic/py01_topic.egg-info/entry_points.txt
[1.758s] writing requirements to ../../build/py01_topic/py01_topic.egg-info/requires.txt
[1.758s] writing top-level names to ../../build/py01_topic/py01_topic.egg-info/top_level.txt
[1.801s] reading manifest file '../../build/py01_topic/py01_topic.egg-info/SOURCES.txt'
[1.802s] writing manifest file '../../build/py01_topic/py01_topic.egg-info/SOURCES.txt'
[1.806s] running build
[1.807s] running build_py
[1.808s] running install
[1.814s] running install_lib
[1.845s] running install_data
[1.848s] running install_egg_info
[1.878s] removing '/home/huangbo/ros2_learn/tongxun_learn/install/py01_topic/lib/python3.12/site-packages/py01_topic-0.0.0-py3.12.egg-info' (and everything under it)
[1.879s] Copying ../../build/py01_topic/py01_topic.egg-info to /home/huangbo/ros2_learn/tongxun_learn/install/py01_topic/lib/python3.12/site-packages/py01_topic-0.0.0-py3.12.egg-info
[1.879s] running install_scripts
[2.047s] Installing addints_client_py script to /home/huangbo/ros2_learn/tongxun_learn/install/py01_topic/lib/py01_topic
[2.048s] Installing addints_server_py script to /home/huangbo/ros2_learn/tongxun_learn/install/py01_topic/lib/py01_topic
[2.049s] Installing demo01_talker_str_py script to /home/huangbo/ros2_learn/tongxun_learn/install/py01_topic/lib/py01_topic
[2.050s] Installing demo02_listener_str_py script to /home/huangbo/ros2_learn/tongxun_learn/install/py01_topic/lib/py01_topic
[2.052s] Installing student_listener_py script to /home/huangbo/ros2_learn/tongxun_learn/install/py01_topic/lib/py01_topic
[2.054s] Installing student_talker_py script to /home/huangbo/ros2_learn/tongxun_learn/install/py01_topic/lib/py01_topic
[2.055s] writing list of installed files to '/home/huangbo/ros2_learn/tongxun_learn/build/py01_topic/install.log'
[2.101s] Invoked command in '/home/huangbo/ros2_learn/tongxun_learn/src/py01_topic' returned '0': AMENT_PREFIX_PATH=/home/huangbo/ros2_learn/tongxun_learn/install/student_interfaces:${AMENT_PREFIX_PATH} CMAKE_PREFIX_PATH=/home/huangbo/ros2_learn/tongxun_learn/install/student_interfaces:${CMAKE_PREFIX_PATH} DEBUGINFOD_URLS=https://debuginfod.ubuntu.com LD_LIBRARY_PATH=/home/huangbo/ros2_learn/tongxun_learn/install/student_interfaces/lib:${LD_LIBRARY_PATH} PYTHONPATH=/home/huangbo/ros2_learn/tongxun_learn/build/py01_topic/prefix_override:/usr/lib/python3/dist-packages/colcon_core/task/python/colcon_distutils_commands:/home/huangbo/ros2_learn/tongxun_learn/install/py01_topic/lib/python3.12/site-packages:/home/huangbo/ros2_learn/tongxun_learn/install/student_interfaces/lib/python3.12/site-packages:${PYTHONPATH} /usr/bin/python3 -W ignore:setup.py install is deprecated -W ignore:easy_install command is deprecated setup.py egg_info --egg-base ../../build/py01_topic build --build-base /home/huangbo/ros2_learn/tongxun_learn/build/py01_topic/build install --record /home/huangbo/ros2_learn/tongxun_learn/build/py01_topic/install.log --install-scripts $base/lib/py01_topic --single-version-externally-managed install_data
