running egg_info
writing ../../build/py01_launch/py01_launch.egg-info/PKG-INFO
writing dependency_links to ../../build/py01_launch/py01_launch.egg-info/dependency_links.txt
writing entry points to ../../build/py01_launch/py01_launch.egg-info/entry_points.txt
writing requirements to ../../build/py01_launch/py01_launch.egg-info/requires.txt
writing top-level names to ../../build/py01_launch/py01_launch.egg-info/top_level.txt
reading manifest file '../../build/py01_launch/py01_launch.egg-info/SOURCES.txt'
writing manifest file '../../build/py01_launch/py01_launch.egg-info/SOURCES.txt'
running build
running build_py
running install
running install_lib
running install_data
copying package.xml -> /home/huangbo/ros2_learn/tools_learn/install/py01_launch/share/py01_launch
running install_egg_info
removing '/home/huangbo/ros2_learn/tools_learn/install/py01_launch/lib/python3.12/site-packages/py01_launch-0.0.0-py3.12.egg-info' (and everything under it)
Copying ../../build/py01_launch/py01_launch.egg-info to /home/huangbo/ros2_learn/tools_learn/install/py01_launch/lib/python3.12/site-packages/py01_launch-0.0.0-py3.12.egg-info
running install_scripts
Installing node_1 script to /home/huangbo/ros2_learn/tools_learn/install/py01_launch/lib/py01_launch
writing list of installed files to '/home/huangbo/ros2_learn/tools_learn/build/py01_launch/install.log'
