[1.364s] Invoking command in '/home/huangbo/ros2_learn/tools_learn/src/py02_rosbag': DEBUGINFOD_URLS=https://debuginfod.ubuntu.com PYTHONPATH=/home/huangbo/ros2_learn/tools_learn/build/py02_rosbag/prefix_override:/usr/lib/python3/dist-packages/colcon_core/task/python/colcon_distutils_commands:/home/huangbo/ros2_learn/tools_learn/install/py02_rosbag/lib/python3.12/site-packages:${PYTHONPATH} /usr/bin/python3 -W ignore:setup.py install is deprecated -W ignore:easy_install command is deprecated setup.py egg_info --egg-base ../../build/py02_rosbag build --build-base /home/huangbo/ros2_learn/tools_learn/build/py02_rosbag/build install --record /home/huangbo/ros2_learn/tools_learn/build/py02_rosbag/install.log --install-scripts $base/lib/py02_rosbag --single-version-externally-managed install_data
[1.754s] running egg_info
[1.788s] writing ../../build/py02_rosbag/py02_rosbag.egg-info/PKG-INFO
[1.790s] writing dependency_links to ../../build/py02_rosbag/py02_rosbag.egg-info/dependency_links.txt
[1.791s] writing entry points to ../../build/py02_rosbag/py02_rosbag.egg-info/entry_points.txt
[1.793s] writing requirements to ../../build/py02_rosbag/py02_rosbag.egg-info/requires.txt
[1.794s] writing top-level names to ../../build/py02_rosbag/py02_rosbag.egg-info/top_level.txt
[1.846s] reading manifest file '../../build/py02_rosbag/py02_rosbag.egg-info/SOURCES.txt'
[1.848s] writing manifest file '../../build/py02_rosbag/py02_rosbag.egg-info/SOURCES.txt'
[1.850s] running build
[1.851s] running build_py
[1.852s] running install
[1.859s] running install_lib
[1.886s] running install_data
[1.887s] running install_egg_info
[1.975s] removing '/home/huangbo/ros2_learn/tools_learn/install/py02_rosbag/lib/python3.12/site-packages/py02_rosbag-0.0.0-py3.12.egg-info' (and everything under it)
[1.985s] Copying ../../build/py02_rosbag/py02_rosbag.egg-info to /home/huangbo/ros2_learn/tools_learn/install/py02_rosbag/lib/python3.12/site-packages/py02_rosbag-0.0.0-py3.12.egg-info
[2.005s] running install_scripts
[2.275s] Installing demo01_writer_py script to /home/huangbo/ros2_learn/tools_learn/install/py02_rosbag/lib/py02_rosbag
[2.276s] Installing demo02_reader_py script to /home/huangbo/ros2_learn/tools_learn/install/py02_rosbag/lib/py02_rosbag
[2.278s] writing list of installed files to '/home/huangbo/ros2_learn/tools_learn/build/py02_rosbag/install.log'
[2.409s] Invoked command in '/home/huangbo/ros2_learn/tools_learn/src/py02_rosbag' returned '0': DEBUGINFOD_URLS=https://debuginfod.ubuntu.com PYTHONPATH=/home/huangbo/ros2_learn/tools_learn/build/py02_rosbag/prefix_override:/usr/lib/python3/dist-packages/colcon_core/task/python/colcon_distutils_commands:/home/huangbo/ros2_learn/tools_learn/install/py02_rosbag/lib/python3.12/site-packages:${PYTHONPATH} /usr/bin/python3 -W ignore:setup.py install is deprecated -W ignore:easy_install command is deprecated setup.py egg_info --egg-base ../../build/py02_rosbag build --build-base /home/huangbo/ros2_learn/tools_learn/build/py02_rosbag/build install --record /home/huangbo/ros2_learn/tools_learn/build/py02_rosbag/install.log --install-scripts $base/lib/py02_rosbag --single-version-externally-managed install_data
