[1.646s] Invoking command in '/home/huangbo/ros2_learn/tools_learn/build/py06_urdf': DEBUGINFOD_URLS=https://debuginfod.ubuntu.com PYTHONPATH=/home/huangbo/ros2_learn/tools_learn/build/py06_urdf/prefix_override:/usr/lib/python3/dist-packages/colcon_core/task/python/colcon_distutils_commands:/home/huangbo/ros2_learn/tools_learn/install/py06_urdf/lib/python3.12/site-packages:${PYTHONPATH} /usr/bin/python3 -W ignore:setup.py install is deprecated -W ignore:easy_install command is deprecated setup.py develop --editable --build-directory /home/huangbo/ros2_learn/tools_learn/build/py06_urdf/build --no-deps symlink_data
[1.996s] running develop
[2.227s] running egg_info
[2.227s] creating py06_urdf.egg-info
[2.249s] writing py06_urdf.egg-info/PKG-INFO
[2.249s] writing dependency_links to py06_urdf.egg-info/dependency_links.txt
[2.250s] writing requirements to py06_urdf.egg-info/requires.txt
[2.250s] writing top-level names to py06_urdf.egg-info/top_level.txt
[2.250s] writing manifest file 'py06_urdf.egg-info/SOURCES.txt'
[2.291s] reading manifest file 'py06_urdf.egg-info/SOURCES.txt'
[2.291s] writing manifest file 'py06_urdf.egg-info/SOURCES.txt'
[2.313s] running build_ext
[2.314s] Creating /home/huangbo/ros2_learn/tools_learn/install/py06_urdf/lib/python3.12/site-packages/py06-urdf.egg-link (link to .)
[2.315s] 
[2.315s] Installed /home/huangbo/ros2_learn/tools_learn/build/py06_urdf
[2.315s] running symlink_data
[2.316s] creating /home/huangbo/ros2_learn/tools_learn/install/py06_urdf/share/ament_index
[2.316s] creating /home/huangbo/ros2_learn/tools_learn/install/py06_urdf/share/ament_index/resource_index
[2.316s] creating /home/huangbo/ros2_learn/tools_learn/install/py06_urdf/share/ament_index/resource_index/packages
[2.316s] symbolically linking /home/huangbo/ros2_learn/tools_learn/build/py06_urdf/resource/py06_urdf -> /home/huangbo/ros2_learn/tools_learn/install/py06_urdf/share/ament_index/resource_index/packages
[2.316s] symbolically linking /home/huangbo/ros2_learn/tools_learn/build/py06_urdf/package.xml -> /home/huangbo/ros2_learn/tools_learn/install/py06_urdf/share/py06_urdf
[2.316s] creating /home/huangbo/ros2_learn/tools_learn/install/py06_urdf/share/py06_urdf/launch
[2.316s] creating /home/huangbo/ros2_learn/tools_learn/install/py06_urdf/share/py06_urdf/urdf
[2.316s] error: can't copy '/home/huangbo/ros2_learn/tools_learn/build/py06_urdf/urdf/urdf': doesn't exist or not a regular file
[2.355s] Invoked command in '/home/huangbo/ros2_learn/tools_learn/build/py06_urdf' returned '1': DEBUGINFOD_URLS=https://debuginfod.ubuntu.com PYTHONPATH=/home/huangbo/ros2_learn/tools_learn/build/py06_urdf/prefix_override:/usr/lib/python3/dist-packages/colcon_core/task/python/colcon_distutils_commands:/home/huangbo/ros2_learn/tools_learn/install/py06_urdf/lib/python3.12/site-packages:${PYTHONPATH} /usr/bin/python3 -W ignore:setup.py install is deprecated -W ignore:easy_install command is deprecated setup.py develop --editable --build-directory /home/huangbo/ros2_learn/tools_learn/build/py06_urdf/build --no-deps symlink_data
