[1.276s] Invoking command in '/home/huangbo/ros2_learn/tools_learn/src/py01_launch': DEBUGINFOD_URLS=https://debuginfod.ubuntu.com PYTHONPATH=/home/huangbo/ros2_learn/tools_learn/build/py01_launch/prefix_override:/usr/lib/python3/dist-packages/colcon_core/task/python/colcon_distutils_commands:/home/huangbo/ros2_learn/tools_learn/install/py01_launch/lib/python3.12/site-packages:${PYTHONPATH} /usr/bin/python3 -W ignore:setup.py install is deprecated -W ignore:easy_install command is deprecated setup.py egg_info --egg-base ../../build/py01_launch build --build-base /home/huangbo/ros2_learn/tools_learn/build/py01_launch/build install --record /home/huangbo/ros2_learn/tools_learn/build/py01_launch/install.log --install-scripts $base/lib/py01_launch --single-version-externally-managed install_data
[1.562s] running egg_info
[1.582s] writing ../../build/py01_launch/py01_launch.egg-info/PKG-INFO
[1.583s] writing dependency_links to ../../build/py01_launch/py01_launch.egg-info/dependency_links.txt
[1.585s] writing entry points to ../../build/py01_launch/py01_launch.egg-info/entry_points.txt
[1.586s] writing requirements to ../../build/py01_launch/py01_launch.egg-info/requires.txt
[1.587s] writing top-level names to ../../build/py01_launch/py01_launch.egg-info/top_level.txt
[1.633s] reading manifest file '../../build/py01_launch/py01_launch.egg-info/SOURCES.txt'
[1.633s] writing manifest file '../../build/py01_launch/py01_launch.egg-info/SOURCES.txt'
[1.634s] running build
[1.635s] running build_py
[1.637s] running install
[1.649s] running install_lib
[1.668s] running install_data
[1.669s] running install_egg_info
[1.690s] removing '/home/huangbo/ros2_learn/tools_learn/install/py01_launch/lib/python3.12/site-packages/py01_launch-0.0.0-py3.12.egg-info' (and everything under it)
[1.695s] Copying ../../build/py01_launch/py01_launch.egg-info to /home/huangbo/ros2_learn/tools_learn/install/py01_launch/lib/python3.12/site-packages/py01_launch-0.0.0-py3.12.egg-info
[1.705s] running install_scripts
[1.930s] Installing node_1 script to /home/huangbo/ros2_learn/tools_learn/install/py01_launch/lib/py01_launch
[1.932s] writing list of installed files to '/home/huangbo/ros2_learn/tools_learn/build/py01_launch/install.log'
[1.979s] Invoked command in '/home/huangbo/ros2_learn/tools_learn/src/py01_launch' returned '0': DEBUGINFOD_URLS=https://debuginfod.ubuntu.com PYTHONPATH=/home/huangbo/ros2_learn/tools_learn/build/py01_launch/prefix_override:/usr/lib/python3/dist-packages/colcon_core/task/python/colcon_distutils_commands:/home/huangbo/ros2_learn/tools_learn/install/py01_launch/lib/python3.12/site-packages:${PYTHONPATH} /usr/bin/python3 -W ignore:setup.py install is deprecated -W ignore:easy_install command is deprecated setup.py egg_info --egg-base ../../build/py01_launch build --build-base /home/huangbo/ros2_learn/tools_learn/build/py01_launch/build install --record /home/huangbo/ros2_learn/tools_learn/build/py01_launch/install.log --install-scripts $base/lib/py01_launch --single-version-externally-managed install_data
