[1.006s] Invoking command in '/home/huangbo/ros2_learn/tools_learn/src/py03_broadcaster': DEBUGINFOD_URLS=https://debuginfod.ubuntu.com PYTHONPATH=/home/huangbo/ros2_learn/tools_learn/build/py03_broadcaster/prefix_override:/usr/lib/python3/dist-packages/colcon_core/task/python/colcon_distutils_commands:/home/huangbo/ros2_learn/tools_learn/install/py03_broadcaster/lib/python3.12/site-packages:${PYTHONPATH} /usr/bin/python3 -W ignore:setup.py install is deprecated -W ignore:easy_install command is deprecated setup.py egg_info --egg-base ../../build/py03_broadcaster build --build-base /home/huangbo/ros2_learn/tools_learn/build/py03_broadcaster/build install --record /home/huangbo/ros2_learn/tools_learn/build/py03_broadcaster/install.log --install-scripts $base/lib/py03_broadcaster --single-version-externally-managed install_data
[1.332s] running egg_info
[1.357s] writing ../../build/py03_broadcaster/py03_broadcaster.egg-info/PKG-INFO
[1.358s] writing dependency_links to ../../build/py03_broadcaster/py03_broadcaster.egg-info/dependency_links.txt
[1.360s] writing entry points to ../../build/py03_broadcaster/py03_broadcaster.egg-info/entry_points.txt
[1.361s] writing requirements to ../../build/py03_broadcaster/py03_broadcaster.egg-info/requires.txt
[1.362s] writing top-level names to ../../build/py03_broadcaster/py03_broadcaster.egg-info/top_level.txt
[1.408s] reading manifest file '../../build/py03_broadcaster/py03_broadcaster.egg-info/SOURCES.txt'
[1.409s] writing manifest file '../../build/py03_broadcaster/py03_broadcaster.egg-info/SOURCES.txt'
[1.410s] running build
[1.411s] running build_py
[1.411s] running install
[1.420s] running install_lib
[1.449s] running install_data
[1.449s] running install_egg_info
[1.474s] removing '/home/huangbo/ros2_learn/tools_learn/install/py03_broadcaster/lib/python3.12/site-packages/py03_broadcaster-0.0.0-py3.12.egg-info' (and everything under it)
[1.479s] Copying ../../build/py03_broadcaster/py03_broadcaster.egg-info to /home/huangbo/ros2_learn/tools_learn/install/py03_broadcaster/lib/python3.12/site-packages/py03_broadcaster-0.0.0-py3.12.egg-info
[1.489s] running install_scripts
[1.670s] Installing demo01_tf_static_broadcaster_py script to /home/huangbo/ros2_learn/tools_learn/install/py03_broadcaster/lib/py03_broadcaster
[1.673s] Installing demo02_dongtai_broadcaster_py script to /home/huangbo/ros2_learn/tools_learn/install/py03_broadcaster/lib/py03_broadcaster
[1.675s] Installing demo03_pub_point_py script to /home/huangbo/ros2_learn/tools_learn/install/py03_broadcaster/lib/py03_broadcaster
[1.677s] writing list of installed files to '/home/huangbo/ros2_learn/tools_learn/build/py03_broadcaster/install.log'
[1.713s] Invoked command in '/home/huangbo/ros2_learn/tools_learn/src/py03_broadcaster' returned '0': DEBUGINFOD_URLS=https://debuginfod.ubuntu.com PYTHONPATH=/home/huangbo/ros2_learn/tools_learn/build/py03_broadcaster/prefix_override:/usr/lib/python3/dist-packages/colcon_core/task/python/colcon_distutils_commands:/home/huangbo/ros2_learn/tools_learn/install/py03_broadcaster/lib/python3.12/site-packages:${PYTHONPATH} /usr/bin/python3 -W ignore:setup.py install is deprecated -W ignore:easy_install command is deprecated setup.py egg_info --egg-base ../../build/py03_broadcaster build --build-base /home/huangbo/ros2_learn/tools_learn/build/py03_broadcaster/build install --record /home/huangbo/ros2_learn/tools_learn/build/py03_broadcaster/install.log --install-scripts $base/lib/py03_broadcaster --single-version-externally-managed install_data
