[2.485s] Invoking command in '/home/huangbo/ros2_learn/tools_learn/src/py01_launch': DEBUGINFOD_URLS=https://debuginfod.ubuntu.com PYTHONPATH=/home/huangbo/ros2_learn/tools_learn/src/build/py01_launch/prefix_override:/usr/lib/python3/dist-packages/colcon_core/task/python/colcon_distutils_commands:/home/huangbo/ros2_learn/tools_learn/src/install/py01_launch/lib/python3.12/site-packages:${PYTHONPATH} /usr/bin/python3 -W ignore:setup.py install is deprecated -W ignore:easy_install command is deprecated setup.py egg_info --egg-base ../build/py01_launch build --build-base /home/huangbo/ros2_learn/tools_learn/src/build/py01_launch/build install --record /home/huangbo/ros2_learn/tools_learn/src/build/py01_launch/install.log --install-scripts $base/lib/py01_launch --single-version-externally-managed install_data
[2.887s] running egg_info
[2.887s] creating ../build/py01_launch/py01_launch.egg-info
[2.913s] writing ../build/py01_launch/py01_launch.egg-info/PKG-INFO
[2.913s] writing dependency_links to ../build/py01_launch/py01_launch.egg-info/dependency_links.txt
[2.914s] writing entry points to ../build/py01_launch/py01_launch.egg-info/entry_points.txt
[2.915s] writing requirements to ../build/py01_launch/py01_launch.egg-info/requires.txt
[2.915s] writing top-level names to ../build/py01_launch/py01_launch.egg-info/top_level.txt
[2.915s] writing manifest file '../build/py01_launch/py01_launch.egg-info/SOURCES.txt'
[2.985s] reading manifest file '../build/py01_launch/py01_launch.egg-info/SOURCES.txt'
[2.985s] writing manifest file '../build/py01_launch/py01_launch.egg-info/SOURCES.txt'
[2.986s] running build
[2.986s] running build_py
[2.986s] creating /home/huangbo/ros2_learn/tools_learn/src/build/py01_launch/build
[2.987s] creating /home/huangbo/ros2_learn/tools_learn/src/build/py01_launch/build/lib
[2.987s] creating /home/huangbo/ros2_learn/tools_learn/src/build/py01_launch/build/lib/py01_launch
[2.988s] copying py01_launch/node_1.py -> /home/huangbo/ros2_learn/tools_learn/src/build/py01_launch/build/lib/py01_launch
[2.988s] copying py01_launch/__init__.py -> /home/huangbo/ros2_learn/tools_learn/src/build/py01_launch/build/lib/py01_launch
[2.990s] running install
[2.998s] running install_lib
[3.032s] creating /home/huangbo/ros2_learn/tools_learn/src/install/py01_launch/lib/python3.12/site-packages/py01_launch
[3.033s] copying /home/huangbo/ros2_learn/tools_learn/src/build/py01_launch/build/lib/py01_launch/node_1.py -> /home/huangbo/ros2_learn/tools_learn/src/install/py01_launch/lib/python3.12/site-packages/py01_launch
[3.033s] copying /home/huangbo/ros2_learn/tools_learn/src/build/py01_launch/build/lib/py01_launch/__init__.py -> /home/huangbo/ros2_learn/tools_learn/src/install/py01_launch/lib/python3.12/site-packages/py01_launch
[3.034s] byte-compiling /home/huangbo/ros2_learn/tools_learn/src/install/py01_launch/lib/python3.12/site-packages/py01_launch/node_1.py to node_1.cpython-312.pyc
[3.037s] byte-compiling /home/huangbo/ros2_learn/tools_learn/src/install/py01_launch/lib/python3.12/site-packages/py01_launch/__init__.py to __init__.cpython-312.pyc
[3.038s] running install_data
[3.039s] creating /home/huangbo/ros2_learn/tools_learn/src/install/py01_launch/share/ament_index
[3.040s] creating /home/huangbo/ros2_learn/tools_learn/src/install/py01_launch/share/ament_index/resource_index
[3.040s] creating /home/huangbo/ros2_learn/tools_learn/src/install/py01_launch/share/ament_index/resource_index/packages
[3.040s] copying resource/py01_launch -> /home/huangbo/ros2_learn/tools_learn/src/install/py01_launch/share/ament_index/resource_index/packages
[3.041s] copying package.xml -> /home/huangbo/ros2_learn/tools_learn/src/install/py01_launch/share/py01_launch
[3.042s] creating /home/huangbo/ros2_learn/tools_learn/src/install/py01_launch/share/py01_launch/launch
[3.042s] creating /home/huangbo/ros2_learn/tools_learn/src/install/py01_launch/share/py01_launch/launch/py
[3.042s] copying py01_launch/launch/py/py04_args_launch.py -> /home/huangbo/ros2_learn/tools_learn/src/install/py01_launch/share/py01_launch/launch/py
[3.043s] copying py01_launch/launch/py/py05_include_launch.py -> /home/huangbo/ros2_learn/tools_learn/src/install/py01_launch/share/py01_launch/launch/py
[3.043s] copying py01_launch/launch/py/py07_event_launch.py -> /home/huangbo/ros2_learn/tools_learn/src/install/py01_launch/share/py01_launch/launch/py
[3.044s] copying py01_launch/launch/py/py06_group_launch.py -> /home/huangbo/ros2_learn/tools_learn/src/install/py01_launch/share/py01_launch/launch/py
[3.045s] copying py01_launch/launch/py/py02_node_launch.py -> /home/huangbo/ros2_learn/tools_learn/src/install/py01_launch/share/py01_launch/launch/py
[3.045s] copying py01_launch/launch/py/py01_helloword_launch.py -> /home/huangbo/ros2_learn/tools_learn/src/install/py01_launch/share/py01_launch/launch/py
[3.045s] copying py01_launch/launch/py/py03_cmd_launch.py -> /home/huangbo/ros2_learn/tools_learn/src/install/py01_launch/share/py01_launch/launch/py
[3.045s] creating /home/huangbo/ros2_learn/tools_learn/src/install/py01_launch/share/py01_launch/launch/xml
[3.046s] creating /home/huangbo/ros2_learn/tools_learn/src/install/py01_launch/share/py01_launch/launch/yaml
[3.046s] copying py01_launch/launch/yaml/yaml01_helloword_launch.yaml -> /home/huangbo/ros2_learn/tools_learn/src/install/py01_launch/share/py01_launch/launch/yaml
[3.046s] creating /home/huangbo/ros2_learn/tools_learn/src/install/py01_launch/share/py01_launch/config
[3.046s] copying py01_launch/config/turtle1.yaml -> /home/huangbo/ros2_learn/tools_learn/src/install/py01_launch/share/py01_launch/config
[3.047s] running install_egg_info
[3.077s] Copying ../build/py01_launch/py01_launch.egg-info to /home/huangbo/ros2_learn/tools_learn/src/install/py01_launch/lib/python3.12/site-packages/py01_launch-0.0.0-py3.12.egg-info
[3.079s] running install_scripts
[3.271s] Installing node_1 script to /home/huangbo/ros2_learn/tools_learn/src/install/py01_launch/lib/py01_launch
[3.272s] writing list of installed files to '/home/huangbo/ros2_learn/tools_learn/src/build/py01_launch/install.log'
[3.317s] Invoked command in '/home/huangbo/ros2_learn/tools_learn/src/py01_launch' returned '0': DEBUGINFOD_URLS=https://debuginfod.ubuntu.com PYTHONPATH=/home/huangbo/ros2_learn/tools_learn/src/build/py01_launch/prefix_override:/usr/lib/python3/dist-packages/colcon_core/task/python/colcon_distutils_commands:/home/huangbo/ros2_learn/tools_learn/src/install/py01_launch/lib/python3.12/site-packages:${PYTHONPATH} /usr/bin/python3 -W ignore:setup.py install is deprecated -W ignore:easy_install command is deprecated setup.py egg_info --egg-base ../build/py01_launch build --build-base /home/huangbo/ros2_learn/tools_learn/src/build/py01_launch/build install --record /home/huangbo/ros2_learn/tools_learn/src/build/py01_launch/install.log --install-scripts $base/lib/py01_launch --single-version-externally-managed install_data
