/home/huangbo/ros2_learn/tools_learn/install/py06_urdf/lib/python3.12/site-packages/py06_urdf/rviz_motion_demo.py
/home/huangbo/ros2_learn/tools_learn/install/py06_urdf/lib/python3.12/site-packages/py06_urdf/__init__.py
/home/huangbo/ros2_learn/tools_learn/install/py06_urdf/lib/python3.12/site-packages/py06_urdf/__pycache__/rviz_motion_demo.cpython-312.pyc
/home/huangbo/ros2_learn/tools_learn/install/py06_urdf/lib/python3.12/site-packages/py06_urdf/__pycache__/__init__.cpython-312.pyc
/home/huangbo/ros2_learn/tools_learn/install/py06_urdf/share/ament_index/resource_index/packages/py06_urdf
/home/huangbo/ros2_learn/tools_learn/install/py06_urdf/share/py06_urdf/package.xml
/home/huangbo/ros2_learn/tools_learn/install/py06_urdf/share/py06_urdf/launch/display.launch.py
/home/huangbo/ros2_learn/tools_learn/install/py06_urdf/share/py06_urdf/launch/rviz_motion.launch.py
/home/huangbo/ros2_learn/tools_learn/install/py06_urdf/share/py06_urdf/launch/gazebo.launch.py
/home/huangbo/ros2_learn/tools_learn/install/py06_urdf/share/py06_urdf/launch/__pycache__/display.launch.cpython-312.pyc
/home/huangbo/ros2_learn/tools_learn/install/py06_urdf/share/py06_urdf/urdf/urdf/my_car.pdf
/home/huangbo/ros2_learn/tools_learn/install/py06_urdf/share/py06_urdf/urdf/urdf/demo01_helloword.urdf
/home/huangbo/ros2_learn/tools_learn/install/py06_urdf/share/py06_urdf/urdf/urdf/demo02_link.urdf
/home/huangbo/ros2_learn/tools_learn/install/py06_urdf/share/py06_urdf/urdf/urdf/demo04_joint_basefootprint.urdf
/home/huangbo/ros2_learn/tools_learn/install/py06_urdf/share/py06_urdf/urdf/urdf/my_car.gv
/home/huangbo/ros2_learn/tools_learn/install/py06_urdf/share/py06_urdf/urdf/urdf/demo03_joint.urdf
/home/huangbo/ros2_learn/tools_learn/install/py06_urdf/share/py06_urdf/urdf/urdf/demo05_car.urdf
/home/huangbo/ros2_learn/tools_learn/install/py06_urdf/share/py06_urdf/urdf/xacro/car_laser.urdf.xacro
/home/huangbo/ros2_learn/tools_learn/install/py06_urdf/share/py06_urdf/urdf/xacro/car_base.urdf.xacro
/home/huangbo/ros2_learn/tools_learn/install/py06_urdf/share/py06_urdf/urdf/xacro/demo01_helloword.urdf.xacro
/home/huangbo/ros2_learn/tools_learn/install/py06_urdf/share/py06_urdf/urdf/xacro/demo02_basepro.urdf.xacro
/home/huangbo/ros2_learn/tools_learn/install/py06_urdf/share/py06_urdf/urdf/xacro/demo04_baseinclude.urdf.xacro
/home/huangbo/ros2_learn/tools_learn/install/py06_urdf/share/py06_urdf/urdf/xacro/car_carmer.urdf.xacro
/home/huangbo/ros2_learn/tools_learn/install/py06_urdf/share/py06_urdf/urdf/xacro/car.urdf.xacro
/home/huangbo/ros2_learn/tools_learn/install/py06_urdf/share/py06_urdf/urdf/xacro/demo03_basefunc.urdf.xacro
/home/huangbo/ros2_learn/tools_learn/install/py06_urdf/share/py06_urdf/urdf/xacro/car_gazebo.urdf.xacro
/home/huangbo/ros2_learn/tools_learn/install/py06_urdf/share/py06_urdf/rviz/urdf1.rviz
/home/huangbo/ros2_learn/tools_learn/install/py06_urdf/share/py06_urdf/meshes/升级版ccd.STL
/home/huangbo/ros2_learn/tools_learn/install/py06_urdf/share/py06_urdf/meshes/burger_base.stl
/home/huangbo/ros2_learn/tools_learn/install/py06_urdf/share/py06_urdf/meshes/.keep
/home/huangbo/ros2_learn/tools_learn/install/py06_urdf/lib/python3.12/site-packages/py06_urdf-0.0.0-py3.12.egg-info/zip-safe
/home/huangbo/ros2_learn/tools_learn/install/py06_urdf/lib/python3.12/site-packages/py06_urdf-0.0.0-py3.12.egg-info/SOURCES.txt
/home/huangbo/ros2_learn/tools_learn/install/py06_urdf/lib/python3.12/site-packages/py06_urdf-0.0.0-py3.12.egg-info/dependency_links.txt
/home/huangbo/ros2_learn/tools_learn/install/py06_urdf/lib/python3.12/site-packages/py06_urdf-0.0.0-py3.12.egg-info/PKG-INFO
/home/huangbo/ros2_learn/tools_learn/install/py06_urdf/lib/python3.12/site-packages/py06_urdf-0.0.0-py3.12.egg-info/entry_points.txt
/home/huangbo/ros2_learn/tools_learn/install/py06_urdf/lib/python3.12/site-packages/py06_urdf-0.0.0-py3.12.egg-info/requires.txt
/home/huangbo/ros2_learn/tools_learn/install/py06_urdf/lib/python3.12/site-packages/py06_urdf-0.0.0-py3.12.egg-info/top_level.txt
/home/huangbo/ros2_learn/tools_learn/install/py06_urdf/lib/py06_urdf/rviz_motion_demo
