[3.361s] Invoking command in '/home/huangbo/ros2_learn/tongxun_learn/src/py01_topic': AMENT_PREFIX_PATH=/home/huangbo/ros2_learn/tongxun_learn/install/student_interfaces:${AMENT_PREFIX_PATH} CMAKE_PREFIX_PATH=/home/huangbo/ros2_learn/tongxun_learn/install/student_interfaces:${CMAKE_PREFIX_PATH} DEBUGINFOD_URLS=https://debuginfod.ubuntu.com LD_LIBRARY_PATH=/home/huangbo/ros2_learn/tongxun_learn/install/student_interfaces/lib:${LD_LIBRARY_PATH} PYTHONPATH=/home/huangbo/ros2_learn/tongxun_learn/build/py01_topic/prefix_override:/usr/lib/python3/dist-packages/colcon_core/task/python/colcon_distutils_commands:/home/huangbo/ros2_learn/tongxun_learn/install/py01_topic/lib/python3.12/site-packages:/home/huangbo/ros2_learn/tongxun_learn/install/student_interfaces/lib/python3.12/site-packages:${PYTHONPATH} /usr/bin/python3 -W ignore:setup.py install is deprecated -W ignore:easy_install command is deprecated setup.py egg_info --egg-base ../../build/py01_topic build --build-base /home/huangbo/ros2_learn/tongxun_learn/build/py01_topic/build install --record /home/huangbo/ros2_learn/tongxun_learn/build/py01_topic/install.log --install-scripts $base/lib/py01_topic --single-version-externally-managed install_data
[3.729s] running egg_info
[3.755s] writing ../../build/py01_topic/py01_topic.egg-info/PKG-INFO
[3.757s] writing dependency_links to ../../build/py01_topic/py01_topic.egg-info/dependency_links.txt
[3.759s] writing entry points to ../../build/py01_topic/py01_topic.egg-info/entry_points.txt
[3.765s] writing requirements to ../../build/py01_topic/py01_topic.egg-info/requires.txt
[3.767s] writing top-level names to ../../build/py01_topic/py01_topic.egg-info/top_level.txt
[3.817s] reading manifest file '../../build/py01_topic/py01_topic.egg-info/SOURCES.txt'
[3.817s] writing manifest file '../../build/py01_topic/py01_topic.egg-info/SOURCES.txt'
[3.819s] running build
[3.819s] running build_py
[3.821s] running install
[3.827s] running install_lib
[3.851s] running install_data
[3.851s] running install_egg_info
[3.880s] removing '/home/huangbo/ros2_learn/tongxun_learn/install/py01_topic/lib/python3.12/site-packages/py01_topic-0.0.0-py3.12.egg-info' (and everything under it)
[3.888s] Copying ../../build/py01_topic/py01_topic.egg-info to /home/huangbo/ros2_learn/tongxun_learn/install/py01_topic/lib/python3.12/site-packages/py01_topic-0.0.0-py3.12.egg-info
[3.897s] running install_scripts
[4.050s] Installing addints_client_py script to /home/huangbo/ros2_learn/tongxun_learn/install/py01_topic/lib/py01_topic
[4.051s] Installing addints_server_py script to /home/huangbo/ros2_learn/tongxun_learn/install/py01_topic/lib/py01_topic
[4.053s] Installing demo01_talker_str_py script to /home/huangbo/ros2_learn/tongxun_learn/install/py01_topic/lib/py01_topic
[4.055s] Installing demo02_listener_str_py script to /home/huangbo/ros2_learn/tongxun_learn/install/py01_topic/lib/py01_topic
[4.057s] Installing student_listener_py script to /home/huangbo/ros2_learn/tongxun_learn/install/py01_topic/lib/py01_topic
[4.059s] Installing student_talker_py script to /home/huangbo/ros2_learn/tongxun_learn/install/py01_topic/lib/py01_topic
[4.061s] writing list of installed files to '/home/huangbo/ros2_learn/tongxun_learn/build/py01_topic/install.log'
[4.149s] Invoked command in '/home/huangbo/ros2_learn/tongxun_learn/src/py01_topic' returned '0': AMENT_PREFIX_PATH=/home/huangbo/ros2_learn/tongxun_learn/install/student_interfaces:${AMENT_PREFIX_PATH} CMAKE_PREFIX_PATH=/home/huangbo/ros2_learn/tongxun_learn/install/student_interfaces:${CMAKE_PREFIX_PATH} DEBUGINFOD_URLS=https://debuginfod.ubuntu.com LD_LIBRARY_PATH=/home/huangbo/ros2_learn/tongxun_learn/install/student_interfaces/lib:${LD_LIBRARY_PATH} PYTHONPATH=/home/huangbo/ros2_learn/tongxun_learn/build/py01_topic/prefix_override:/usr/lib/python3/dist-packages/colcon_core/task/python/colcon_distutils_commands:/home/huangbo/ros2_learn/tongxun_learn/install/py01_topic/lib/python3.12/site-packages:/home/huangbo/ros2_learn/tongxun_learn/install/student_interfaces/lib/python3.12/site-packages:${PYTHONPATH} /usr/bin/python3 -W ignore:setup.py install is deprecated -W ignore:easy_install command is deprecated setup.py egg_info --egg-base ../../build/py01_topic build --build-base /home/huangbo/ros2_learn/tongxun_learn/build/py01_topic/build install --record /home/huangbo/ros2_learn/tongxun_learn/build/py01_topic/install.log --install-scripts $base/lib/py01_topic --single-version-externally-managed install_data
