[1.269s] Invoking command in '/home/huangbo/ros2_learn/tongxun_learn/src/py06_lianxi': DEBUGINFOD_URLS=https://debuginfod.ubuntu.com PYTHONPATH=/home/huangbo/ros2_learn/tongxun_learn/build/py06_lianxi/prefix_override:/usr/lib/python3/dist-packages/colcon_core/task/python/colcon_distutils_commands:/home/huangbo/ros2_learn/tongxun_learn/install/py06_lianxi/lib/python3.12/site-packages:${PYTHONPATH} /usr/bin/python3 -W ignore:setup.py install is deprecated -W ignore:easy_install command is deprecated setup.py egg_info --egg-base ../../build/py06_lianxi build --build-base /home/huangbo/ros2_learn/tongxun_learn/build/py06_lianxi/build install --record /home/huangbo/ros2_learn/tongxun_learn/build/py06_lianxi/install.log --install-scripts $base/lib/py06_lianxi --single-version-externally-managed install_data
[1.587s] running egg_info
[1.618s] writing ../../build/py06_lianxi/py06_lianxi.egg-info/PKG-INFO
[1.618s] writing dependency_links to ../../build/py06_lianxi/py06_lianxi.egg-info/dependency_links.txt
[1.620s] writing entry points to ../../build/py06_lianxi/py06_lianxi.egg-info/entry_points.txt
[1.621s] writing requirements to ../../build/py06_lianxi/py06_lianxi.egg-info/requires.txt
[1.621s] writing top-level names to ../../build/py06_lianxi/py06_lianxi.egg-info/top_level.txt
[1.665s] reading manifest file '../../build/py06_lianxi/py06_lianxi.egg-info/SOURCES.txt'
[1.666s] writing manifest file '../../build/py06_lianxi/py06_lianxi.egg-info/SOURCES.txt'
[1.667s] running build
[1.667s] running build_py
[1.668s] copying py06_lianxi/turtle_fabu.py -> /home/huangbo/ros2_learn/tongxun_learn/build/py06_lianxi/build/lib/py06_lianxi
[1.669s] running install
[1.677s] running install_lib
[1.705s] copying /home/huangbo/ros2_learn/tongxun_learn/build/py06_lianxi/build/lib/py06_lianxi/turtle_fabu.py -> /home/huangbo/ros2_learn/tongxun_learn/install/py06_lianxi/lib/python3.12/site-packages/py06_lianxi
[1.707s] byte-compiling /home/huangbo/ros2_learn/tongxun_learn/install/py06_lianxi/lib/python3.12/site-packages/py06_lianxi/turtle_fabu.py to turtle_fabu.cpython-312.pyc
[1.711s] running install_data
[1.711s] running install_egg_info
[1.736s] removing '/home/huangbo/ros2_learn/tongxun_learn/install/py06_lianxi/lib/python3.12/site-packages/py06_lianxi-0.0.0-py3.12.egg-info' (and everything under it)
[1.737s] Copying ../../build/py06_lianxi/py06_lianxi.egg-info to /home/huangbo/ros2_learn/tongxun_learn/install/py06_lianxi/lib/python3.12/site-packages/py06_lianxi-0.0.0-py3.12.egg-info
[1.738s] running install_scripts
[1.901s] Installing turtle_fabu script to /home/huangbo/ros2_learn/tongxun_learn/install/py06_lianxi/lib/py06_lianxi
[1.902s] Installing turtle_jieshou script to /home/huangbo/ros2_learn/tongxun_learn/install/py06_lianxi/lib/py06_lianxi
[1.903s] writing list of installed files to '/home/huangbo/ros2_learn/tongxun_learn/build/py06_lianxi/install.log'
[1.945s] Invoked command in '/home/huangbo/ros2_learn/tongxun_learn/src/py06_lianxi' returned '0': DEBUGINFOD_URLS=https://debuginfod.ubuntu.com PYTHONPATH=/home/huangbo/ros2_learn/tongxun_learn/build/py06_lianxi/prefix_override:/usr/lib/python3/dist-packages/colcon_core/task/python/colcon_distutils_commands:/home/huangbo/ros2_learn/tongxun_learn/install/py06_lianxi/lib/python3.12/site-packages:${PYTHONPATH} /usr/bin/python3 -W ignore:setup.py install is deprecated -W ignore:easy_install command is deprecated setup.py egg_info --egg-base ../../build/py06_lianxi build --build-base /home/huangbo/ros2_learn/tongxun_learn/build/py06_lianxi/build install --record /home/huangbo/ros2_learn/tongxun_learn/build/py06_lianxi/install.log --install-scripts $base/lib/py06_lianxi --single-version-externally-managed install_data
