running egg_info
creating ../build/py06_lianxi/py06_lianxi.egg-info
writing ../build/py06_lianxi/py06_lianxi.egg-info/PKG-INFO
writing dependency_links to ../build/py06_lianxi/py06_lianxi.egg-info/dependency_links.txt
writing entry points to ../build/py06_lianxi/py06_lianxi.egg-info/entry_points.txt
writing requirements to ../build/py06_lianxi/py06_lianxi.egg-info/requires.txt
writing top-level names to ../build/py06_lianxi/py06_lianxi.egg-info/top_level.txt
writing manifest file '../build/py06_lianxi/py06_lianxi.egg-info/SOURCES.txt'
reading manifest file '../build/py06_lianxi/py06_lianxi.egg-info/SOURCES.txt'
writing manifest file '../build/py06_lianxi/py06_lianxi.egg-info/SOURCES.txt'
running build
running build_py
creating /home/huangbo/ros2_learn/tongxun_learn/src/build/py06_lianxi/build
creating /home/huangbo/ros2_learn/tongxun_learn/src/build/py06_lianxi/build/lib
creating /home/huangbo/ros2_learn/tongxun_learn/src/build/py06_lianxi/build/lib/py06_lianxi
copying py06_lianxi/turtle_fabu.py -> /home/huangbo/ros2_learn/tongxun_learn/src/build/py06_lianxi/build/lib/py06_lianxi
copying py06_lianxi/turtle_jieshou.py -> /home/huangbo/ros2_learn/tongxun_learn/src/build/py06_lianxi/build/lib/py06_lianxi
copying py06_lianxi/__init__.py -> /home/huangbo/ros2_learn/tongxun_learn/src/build/py06_lianxi/build/lib/py06_lianxi
running install
running install_lib
creating /home/huangbo/ros2_learn/tongxun_learn/src/install/py06_lianxi/lib/python3.12/site-packages/py06_lianxi
copying /home/huangbo/ros2_learn/tongxun_learn/src/build/py06_lianxi/build/lib/py06_lianxi/turtle_fabu.py -> /home/huangbo/ros2_learn/tongxun_learn/src/install/py06_lianxi/lib/python3.12/site-packages/py06_lianxi
copying /home/huangbo/ros2_learn/tongxun_learn/src/build/py06_lianxi/build/lib/py06_lianxi/turtle_jieshou.py -> /home/huangbo/ros2_learn/tongxun_learn/src/install/py06_lianxi/lib/python3.12/site-packages/py06_lianxi
copying /home/huangbo/ros2_learn/tongxun_learn/src/build/py06_lianxi/build/lib/py06_lianxi/__init__.py -> /home/huangbo/ros2_learn/tongxun_learn/src/install/py06_lianxi/lib/python3.12/site-packages/py06_lianxi
byte-compiling /home/huangbo/ros2_learn/tongxun_learn/src/install/py06_lianxi/lib/python3.12/site-packages/py06_lianxi/turtle_fabu.py to turtle_fabu.cpython-312.pyc
byte-compiling /home/huangbo/ros2_learn/tongxun_learn/src/install/py06_lianxi/lib/python3.12/site-packages/py06_lianxi/turtle_jieshou.py to turtle_jieshou.cpython-312.pyc
byte-compiling /home/huangbo/ros2_learn/tongxun_learn/src/install/py06_lianxi/lib/python3.12/site-packages/py06_lianxi/__init__.py to __init__.cpython-312.pyc
running install_data
creating /home/huangbo/ros2_learn/tongxun_learn/src/install/py06_lianxi/share/ament_index
creating /home/huangbo/ros2_learn/tongxun_learn/src/install/py06_lianxi/share/ament_index/resource_index
creating /home/huangbo/ros2_learn/tongxun_learn/src/install/py06_lianxi/share/ament_index/resource_index/packages
copying resource/py06_lianxi -> /home/huangbo/ros2_learn/tongxun_learn/src/install/py06_lianxi/share/ament_index/resource_index/packages
copying package.xml -> /home/huangbo/ros2_learn/tongxun_learn/src/install/py06_lianxi/share/py06_lianxi
running install_egg_info
Copying ../build/py06_lianxi/py06_lianxi.egg-info to /home/huangbo/ros2_learn/tongxun_learn/src/install/py06_lianxi/lib/python3.12/site-packages/py06_lianxi-0.0.0-py3.12.egg-info
running install_scripts
Installing turtle_fabu script to /home/huangbo/ros2_learn/tongxun_learn/src/install/py06_lianxi/lib/py06_lianxi
Installing turtle_jieshou script to /home/huangbo/ros2_learn/tongxun_learn/src/install/py06_lianxi/lib/py06_lianxi
writing list of installed files to '/home/huangbo/ros2_learn/tongxun_learn/src/build/py06_lianxi/install.log'
