[1.630s] Invoking command in '/home/huangbo/ros2_learn/tongxun_learn/src/py06_lianxi': DEBUGINFOD_URLS=https://debuginfod.ubuntu.com PYTHONPATH=/home/huangbo/ros2_learn/tongxun_learn/src/build/py06_lianxi/prefix_override:/usr/lib/python3/dist-packages/colcon_core/task/python/colcon_distutils_commands:/home/huangbo/ros2_learn/tongxun_learn/src/install/py06_lianxi/lib/python3.12/site-packages:${PYTHONPATH} /usr/bin/python3 -W ignore:setup.py install is deprecated -W ignore:easy_install command is deprecated setup.py egg_info --egg-base ../build/py06_lianxi build --build-base /home/huangbo/ros2_learn/tongxun_learn/src/build/py06_lianxi/build install --record /home/huangbo/ros2_learn/tongxun_learn/src/build/py06_lianxi/install.log --install-scripts $base/lib/py06_lianxi --single-version-externally-managed install_data
[1.960s] running egg_info
[1.961s] creating ../build/py06_lianxi/py06_lianxi.egg-info
[1.985s] writing ../build/py06_lianxi/py06_lianxi.egg-info/PKG-INFO
[1.986s] writing dependency_links to ../build/py06_lianxi/py06_lianxi.egg-info/dependency_links.txt
[1.987s] writing entry points to ../build/py06_lianxi/py06_lianxi.egg-info/entry_points.txt
[1.987s] writing requirements to ../build/py06_lianxi/py06_lianxi.egg-info/requires.txt
[1.988s] writing top-level names to ../build/py06_lianxi/py06_lianxi.egg-info/top_level.txt
[1.988s] writing manifest file '../build/py06_lianxi/py06_lianxi.egg-info/SOURCES.txt'
[2.037s] reading manifest file '../build/py06_lianxi/py06_lianxi.egg-info/SOURCES.txt'
[2.038s] writing manifest file '../build/py06_lianxi/py06_lianxi.egg-info/SOURCES.txt'
[2.039s] running build
[2.039s] running build_py
[2.040s] creating /home/huangbo/ros2_learn/tongxun_learn/src/build/py06_lianxi/build
[2.040s] creating /home/huangbo/ros2_learn/tongxun_learn/src/build/py06_lianxi/build/lib
[2.041s] creating /home/huangbo/ros2_learn/tongxun_learn/src/build/py06_lianxi/build/lib/py06_lianxi
[2.041s] copying py06_lianxi/turtle_fabu.py -> /home/huangbo/ros2_learn/tongxun_learn/src/build/py06_lianxi/build/lib/py06_lianxi
[2.042s] copying py06_lianxi/turtle_jieshou.py -> /home/huangbo/ros2_learn/tongxun_learn/src/build/py06_lianxi/build/lib/py06_lianxi
[2.042s] copying py06_lianxi/__init__.py -> /home/huangbo/ros2_learn/tongxun_learn/src/build/py06_lianxi/build/lib/py06_lianxi
[2.043s] running install
[2.049s] running install_lib
[2.076s] creating /home/huangbo/ros2_learn/tongxun_learn/src/install/py06_lianxi/lib/python3.12/site-packages/py06_lianxi
[2.076s] copying /home/huangbo/ros2_learn/tongxun_learn/src/build/py06_lianxi/build/lib/py06_lianxi/turtle_fabu.py -> /home/huangbo/ros2_learn/tongxun_learn/src/install/py06_lianxi/lib/python3.12/site-packages/py06_lianxi
[2.077s] copying /home/huangbo/ros2_learn/tongxun_learn/src/build/py06_lianxi/build/lib/py06_lianxi/turtle_jieshou.py -> /home/huangbo/ros2_learn/tongxun_learn/src/install/py06_lianxi/lib/python3.12/site-packages/py06_lianxi
[2.077s] copying /home/huangbo/ros2_learn/tongxun_learn/src/build/py06_lianxi/build/lib/py06_lianxi/__init__.py -> /home/huangbo/ros2_learn/tongxun_learn/src/install/py06_lianxi/lib/python3.12/site-packages/py06_lianxi
[2.078s] byte-compiling /home/huangbo/ros2_learn/tongxun_learn/src/install/py06_lianxi/lib/python3.12/site-packages/py06_lianxi/turtle_fabu.py to turtle_fabu.cpython-312.pyc
[2.079s] byte-compiling /home/huangbo/ros2_learn/tongxun_learn/src/install/py06_lianxi/lib/python3.12/site-packages/py06_lianxi/turtle_jieshou.py to turtle_jieshou.cpython-312.pyc
[2.080s] byte-compiling /home/huangbo/ros2_learn/tongxun_learn/src/install/py06_lianxi/lib/python3.12/site-packages/py06_lianxi/__init__.py to __init__.cpython-312.pyc
[2.081s] running install_data
[2.081s] creating /home/huangbo/ros2_learn/tongxun_learn/src/install/py06_lianxi/share/ament_index
[2.082s] creating /home/huangbo/ros2_learn/tongxun_learn/src/install/py06_lianxi/share/ament_index/resource_index
[2.082s] creating /home/huangbo/ros2_learn/tongxun_learn/src/install/py06_lianxi/share/ament_index/resource_index/packages
[2.083s] copying resource/py06_lianxi -> /home/huangbo/ros2_learn/tongxun_learn/src/install/py06_lianxi/share/ament_index/resource_index/packages
[2.083s] copying package.xml -> /home/huangbo/ros2_learn/tongxun_learn/src/install/py06_lianxi/share/py06_lianxi
[2.085s] running install_egg_info
[2.110s] Copying ../build/py06_lianxi/py06_lianxi.egg-info to /home/huangbo/ros2_learn/tongxun_learn/src/install/py06_lianxi/lib/python3.12/site-packages/py06_lianxi-0.0.0-py3.12.egg-info
[2.111s] running install_scripts
[2.299s] Installing turtle_fabu script to /home/huangbo/ros2_learn/tongxun_learn/src/install/py06_lianxi/lib/py06_lianxi
[2.301s] Installing turtle_jieshou script to /home/huangbo/ros2_learn/tongxun_learn/src/install/py06_lianxi/lib/py06_lianxi
[2.303s] writing list of installed files to '/home/huangbo/ros2_learn/tongxun_learn/src/build/py06_lianxi/install.log'
[2.378s] Invoked command in '/home/huangbo/ros2_learn/tongxun_learn/src/py06_lianxi' returned '0': DEBUGINFOD_URLS=https://debuginfod.ubuntu.com PYTHONPATH=/home/huangbo/ros2_learn/tongxun_learn/src/build/py06_lianxi/prefix_override:/usr/lib/python3/dist-packages/colcon_core/task/python/colcon_distutils_commands:/home/huangbo/ros2_learn/tongxun_learn/src/install/py06_lianxi/lib/python3.12/site-packages:${PYTHONPATH} /usr/bin/python3 -W ignore:setup.py install is deprecated -W ignore:easy_install command is deprecated setup.py egg_info --egg-base ../build/py06_lianxi build --build-base /home/huangbo/ros2_learn/tongxun_learn/src/build/py06_lianxi/build install --record /home/huangbo/ros2_learn/tongxun_learn/src/build/py06_lianxi/install.log --install-scripts $base/lib/py06_lianxi --single-version-externally-managed install_data
