[1.447s] Invoking command in '/home/huangbo/ros2_learn/tools_learn/src/py03_broadcaster': DEBUGINFOD_URLS=https://debuginfod.ubuntu.com PYTHONPATH=/home/huangbo/ros2_learn/tools_learn/build/py03_broadcaster/prefix_override:/usr/lib/python3/dist-packages/colcon_core/task/python/colcon_distutils_commands:/home/huangbo/ros2_learn/tools_learn/install/py03_broadcaster/lib/python3.12/site-packages:${PYTHONPATH} /usr/bin/python3 -W ignore:setup.py install is deprecated -W ignore:easy_install command is deprecated setup.py egg_info --egg-base ../../build/py03_broadcaster build --build-base /home/huangbo/ros2_learn/tools_learn/build/py03_broadcaster/build install --record /home/huangbo/ros2_learn/tools_learn/build/py03_broadcaster/install.log --install-scripts $base/lib/py03_broadcaster --single-version-externally-managed install_data
[1.936s] running egg_info
[1.963s] writing ../../build/py03_broadcaster/py03_broadcaster.egg-info/PKG-INFO
[1.965s] writing dependency_links to ../../build/py03_broadcaster/py03_broadcaster.egg-info/dependency_links.txt
[1.965s] writing entry points to ../../build/py03_broadcaster/py03_broadcaster.egg-info/entry_points.txt
[1.965s] writing requirements to ../../build/py03_broadcaster/py03_broadcaster.egg-info/requires.txt
[1.965s] writing top-level names to ../../build/py03_broadcaster/py03_broadcaster.egg-info/top_level.txt
[2.030s] reading manifest file '../../build/py03_broadcaster/py03_broadcaster.egg-info/SOURCES.txt'
[2.031s] writing manifest file '../../build/py03_broadcaster/py03_broadcaster.egg-info/SOURCES.txt'
[2.032s] running build
[2.032s] running build_py
[2.037s] running install
[2.041s] running install_lib
[2.066s] running install_data
[2.066s] running install_egg_info
[2.092s] removing '/home/huangbo/ros2_learn/tools_learn/install/py03_broadcaster/lib/python3.12/site-packages/py03_broadcaster-0.0.0-py3.12.egg-info' (and everything under it)
[2.093s] Copying ../../build/py03_broadcaster/py03_broadcaster.egg-info to /home/huangbo/ros2_learn/tools_learn/install/py03_broadcaster/lib/python3.12/site-packages/py03_broadcaster-0.0.0-py3.12.egg-info
[2.097s] running install_scripts
[2.294s] Installing demo01_tf_static_broadcaster_py script to /home/huangbo/ros2_learn/tools_learn/install/py03_broadcaster/lib/py03_broadcaster
[2.298s] Installing demo02_dongtai_broadcaster_py script to /home/huangbo/ros2_learn/tools_learn/install/py03_broadcaster/lib/py03_broadcaster
[2.298s] Installing demo03_pub_point_py script to /home/huangbo/ros2_learn/tools_learn/install/py03_broadcaster/lib/py03_broadcaster
[2.300s] writing list of installed files to '/home/huangbo/ros2_learn/tools_learn/build/py03_broadcaster/install.log'
[2.397s] Invoked command in '/home/huangbo/ros2_learn/tools_learn/src/py03_broadcaster' returned '0': DEBUGINFOD_URLS=https://debuginfod.ubuntu.com PYTHONPATH=/home/huangbo/ros2_learn/tools_learn/build/py03_broadcaster/prefix_override:/usr/lib/python3/dist-packages/colcon_core/task/python/colcon_distutils_commands:/home/huangbo/ros2_learn/tools_learn/install/py03_broadcaster/lib/python3.12/site-packages:${PYTHONPATH} /usr/bin/python3 -W ignore:setup.py install is deprecated -W ignore:easy_install command is deprecated setup.py egg_info --egg-base ../../build/py03_broadcaster build --build-base /home/huangbo/ros2_learn/tools_learn/build/py03_broadcaster/build install --record /home/huangbo/ros2_learn/tools_learn/build/py03_broadcaster/install.log --install-scripts $base/lib/py03_broadcaster --single-version-externally-managed install_data
