[1.889s] Invoking command in '/home/huangbo/ros2_learn/tools_learn/src/py01_launch': DEBUGINFOD_URLS=https://debuginfod.ubuntu.com PYTHONPATH=/home/huangbo/ros2_learn/tools_learn/build/py01_launch/prefix_override:/usr/lib/python3/dist-packages/colcon_core/task/python/colcon_distutils_commands:/home/huangbo/ros2_learn/tools_learn/install/py01_launch/lib/python3.12/site-packages:${PYTHONPATH} /usr/bin/python3 -W ignore:setup.py install is deprecated -W ignore:easy_install command is deprecated setup.py egg_info --egg-base ../../build/py01_launch build --build-base /home/huangbo/ros2_learn/tools_learn/build/py01_launch/build install --record /home/huangbo/ros2_learn/tools_learn/build/py01_launch/install.log --install-scripts $base/lib/py01_launch --single-version-externally-managed install_data
[2.271s] running egg_info
[2.299s] writing ../../build/py01_launch/py01_launch.egg-info/PKG-INFO
[2.302s] writing dependency_links to ../../build/py01_launch/py01_launch.egg-info/dependency_links.txt
[2.302s] writing entry points to ../../build/py01_launch/py01_launch.egg-info/entry_points.txt
[2.304s] writing requirements to ../../build/py01_launch/py01_launch.egg-info/requires.txt
[2.305s] writing top-level names to ../../build/py01_launch/py01_launch.egg-info/top_level.txt
[2.379s] reading manifest file '../../build/py01_launch/py01_launch.egg-info/SOURCES.txt'
[2.381s] writing manifest file '../../build/py01_launch/py01_launch.egg-info/SOURCES.txt'
[2.383s] running build
[2.383s] running build_py
[2.383s] running install
[2.392s] running install_lib
[2.417s] running install_data
[2.419s] running install_egg_info
[2.466s] removing '/home/huangbo/ros2_learn/tools_learn/install/py01_launch/lib/python3.12/site-packages/py01_launch-0.0.0-py3.12.egg-info' (and everything under it)
[2.469s] Copying ../../build/py01_launch/py01_launch.egg-info to /home/huangbo/ros2_learn/tools_learn/install/py01_launch/lib/python3.12/site-packages/py01_launch-0.0.0-py3.12.egg-info
[2.473s] running install_scripts
[2.799s] Installing node_1 script to /home/huangbo/ros2_learn/tools_learn/install/py01_launch/lib/py01_launch
[2.804s] writing list of installed files to '/home/huangbo/ros2_learn/tools_learn/build/py01_launch/install.log'
[2.878s] Invoked command in '/home/huangbo/ros2_learn/tools_learn/src/py01_launch' returned '0': DEBUGINFOD_URLS=https://debuginfod.ubuntu.com PYTHONPATH=/home/huangbo/ros2_learn/tools_learn/build/py01_launch/prefix_override:/usr/lib/python3/dist-packages/colcon_core/task/python/colcon_distutils_commands:/home/huangbo/ros2_learn/tools_learn/install/py01_launch/lib/python3.12/site-packages:${PYTHONPATH} /usr/bin/python3 -W ignore:setup.py install is deprecated -W ignore:easy_install command is deprecated setup.py egg_info --egg-base ../../build/py01_launch build --build-base /home/huangbo/ros2_learn/tools_learn/build/py01_launch/build install --record /home/huangbo/ros2_learn/tools_learn/build/py01_launch/install.log --install-scripts $base/lib/py01_launch --single-version-externally-managed install_data
