[2.157s] Invoking command in '/home/huangbo/ros2_learn/tools_learn/src/py05_exercise': DEBUGINFOD_URLS=https://debuginfod.ubuntu.com PYTHONPATH=/home/huangbo/ros2_learn/tools_learn/src/build/py05_exercise/prefix_override:/usr/lib/python3/dist-packages/colcon_core/task/python/colcon_distutils_commands:/home/huangbo/ros2_learn/tools_learn/src/install/py05_exercise/lib/python3.12/site-packages:${PYTHONPATH} /usr/bin/python3 -W ignore:setup.py install is deprecated -W ignore:easy_install command is deprecated setup.py egg_info --egg-base ../build/py05_exercise build --build-base /home/huangbo/ros2_learn/tools_learn/src/build/py05_exercise/build install --record /home/huangbo/ros2_learn/tools_learn/src/build/py05_exercise/install.log --install-scripts $base/lib/py05_exercise --single-version-externally-managed install_data
[2.933s] running egg_info
[2.936s] creating ../build/py05_exercise/py05_exercise.egg-info
[3.002s] writing ../build/py05_exercise/py05_exercise.egg-info/PKG-INFO
[3.003s] writing dependency_links to ../build/py05_exercise/py05_exercise.egg-info/dependency_links.txt
[3.009s] writing entry points to ../build/py05_exercise/py05_exercise.egg-info/entry_points.txt
[3.010s] writing requirements to ../build/py05_exercise/py05_exercise.egg-info/requires.txt
[3.010s] writing top-level names to ../build/py05_exercise/py05_exercise.egg-info/top_level.txt
[3.010s] writing manifest file '../build/py05_exercise/py05_exercise.egg-info/SOURCES.txt'
[3.097s] reading manifest file '../build/py05_exercise/py05_exercise.egg-info/SOURCES.txt'
[3.097s] writing manifest file '../build/py05_exercise/py05_exercise.egg-info/SOURCES.txt'
[3.097s] running build
[3.097s] running build_py
[3.097s] creating /home/huangbo/ros2_learn/tools_learn/src/build/py05_exercise/build
[3.097s] creating /home/huangbo/ros2_learn/tools_learn/src/build/py05_exercise/build/lib
[3.097s] creating /home/huangbo/ros2_learn/tools_learn/src/build/py05_exercise/build/lib/py05_exercise
[3.097s] copying py05_exercise/exer02_tf_broadcaster_py.py -> /home/huangbo/ros2_learn/tools_learn/src/build/py05_exercise/build/lib/py05_exercise
[3.097s] copying py05_exercise/exer01_spawn_py.py -> /home/huangbo/ros2_learn/tools_learn/src/build/py05_exercise/build/lib/py05_exercise
[3.097s] copying py05_exercise/exer03_tf_listener_py.py -> /home/huangbo/ros2_learn/tools_learn/src/build/py05_exercise/build/lib/py05_exercise
[3.097s] copying py05_exercise/__init__.py -> /home/huangbo/ros2_learn/tools_learn/src/build/py05_exercise/build/lib/py05_exercise
[3.100s] running install
[3.128s] running install_lib
[3.190s] creating /home/huangbo/ros2_learn/tools_learn/src/install/py05_exercise/lib/python3.12/site-packages/py05_exercise
[3.190s] copying /home/huangbo/ros2_learn/tools_learn/src/build/py05_exercise/build/lib/py05_exercise/exer02_tf_broadcaster_py.py -> /home/huangbo/ros2_learn/tools_learn/src/install/py05_exercise/lib/python3.12/site-packages/py05_exercise
[3.190s] copying /home/huangbo/ros2_learn/tools_learn/src/build/py05_exercise/build/lib/py05_exercise/exer01_spawn_py.py -> /home/huangbo/ros2_learn/tools_learn/src/install/py05_exercise/lib/python3.12/site-packages/py05_exercise
[3.193s] copying /home/huangbo/ros2_learn/tools_learn/src/build/py05_exercise/build/lib/py05_exercise/exer03_tf_listener_py.py -> /home/huangbo/ros2_learn/tools_learn/src/install/py05_exercise/lib/python3.12/site-packages/py05_exercise
[3.193s] copying /home/huangbo/ros2_learn/tools_learn/src/build/py05_exercise/build/lib/py05_exercise/__init__.py -> /home/huangbo/ros2_learn/tools_learn/src/install/py05_exercise/lib/python3.12/site-packages/py05_exercise
[3.193s] byte-compiling /home/huangbo/ros2_learn/tools_learn/src/install/py05_exercise/lib/python3.12/site-packages/py05_exercise/exer02_tf_broadcaster_py.py to exer02_tf_broadcaster_py.cpython-312.pyc
[3.195s] byte-compiling /home/huangbo/ros2_learn/tools_learn/src/install/py05_exercise/lib/python3.12/site-packages/py05_exercise/exer01_spawn_py.py to exer01_spawn_py.cpython-312.pyc
[3.196s] byte-compiling /home/huangbo/ros2_learn/tools_learn/src/install/py05_exercise/lib/python3.12/site-packages/py05_exercise/exer03_tf_listener_py.py to exer03_tf_listener_py.cpython-312.pyc
[3.204s] byte-compiling /home/huangbo/ros2_learn/tools_learn/src/install/py05_exercise/lib/python3.12/site-packages/py05_exercise/__init__.py to __init__.cpython-312.pyc
[3.204s] running install_data
[3.204s] creating /home/huangbo/ros2_learn/tools_learn/src/install/py05_exercise/share/ament_index
[3.204s] creating /home/huangbo/ros2_learn/tools_learn/src/install/py05_exercise/share/ament_index/resource_index
[3.208s] creating /home/huangbo/ros2_learn/tools_learn/src/install/py05_exercise/share/ament_index/resource_index/packages
[3.208s] copying resource/py05_exercise -> /home/huangbo/ros2_learn/tools_learn/src/install/py05_exercise/share/ament_index/resource_index/packages
[3.208s] copying package.xml -> /home/huangbo/ros2_learn/tools_learn/src/install/py05_exercise/share/py05_exercise
[3.209s] copying launch/fuhang.launch.py -> /home/huangbo/ros2_learn/tools_learn/src/install/py05_exercise/share/py05_exercise
[3.209s] copying launch/follow.launch.py -> /home/huangbo/ros2_learn/tools_learn/src/install/py05_exercise/share/py05_exercise
[3.209s] running install_egg_info
[3.279s] Copying ../build/py05_exercise/py05_exercise.egg-info to /home/huangbo/ros2_learn/tools_learn/src/install/py05_exercise/lib/python3.12/site-packages/py05_exercise-0.0.0-py3.12.egg-info
[3.283s] running install_scripts
[3.559s] Installing exer01_spawn_py script to /home/huangbo/ros2_learn/tools_learn/src/install/py05_exercise/lib/py05_exercise
[3.561s] Installing exer02_tf_broadcaster_py script to /home/huangbo/ros2_learn/tools_learn/src/install/py05_exercise/lib/py05_exercise
[3.561s] Installing exer03_tf_listener_py script to /home/huangbo/ros2_learn/tools_learn/src/install/py05_exercise/lib/py05_exercise
[3.562s] writing list of installed files to '/home/huangbo/ros2_learn/tools_learn/src/build/py05_exercise/install.log'
[3.608s] Invoked command in '/home/huangbo/ros2_learn/tools_learn/src/py05_exercise' returned '0': DEBUGINFOD_URLS=https://debuginfod.ubuntu.com PYTHONPATH=/home/huangbo/ros2_learn/tools_learn/src/build/py05_exercise/prefix_override:/usr/lib/python3/dist-packages/colcon_core/task/python/colcon_distutils_commands:/home/huangbo/ros2_learn/tools_learn/src/install/py05_exercise/lib/python3.12/site-packages:${PYTHONPATH} /usr/bin/python3 -W ignore:setup.py install is deprecated -W ignore:easy_install command is deprecated setup.py egg_info --egg-base ../build/py05_exercise build --build-base /home/huangbo/ros2_learn/tools_learn/src/build/py05_exercise/build install --record /home/huangbo/ros2_learn/tools_learn/src/build/py05_exercise/install.log --install-scripts $base/lib/py05_exercise --single-version-externally-managed install_data
