running egg_info
writing ../build/py03_acton/py03_acton.egg-info/PKG-INFO
writing dependency_links to ../build/py03_acton/py03_acton.egg-info/dependency_links.txt
writing entry points to ../build/py03_acton/py03_acton.egg-info/entry_points.txt
writing requirements to ../build/py03_acton/py03_acton.egg-info/requires.txt
writing top-level names to ../build/py03_acton/py03_acton.egg-info/top_level.txt
reading manifest file '../build/py03_acton/py03_acton.egg-info/SOURCES.txt'
writing manifest file '../build/py03_acton/py03_acton.egg-info/SOURCES.txt'
running build
running build_py
running install
running install_lib
running install_data
running install_egg_info
removing '/home/huangbo/ros2_learn/tongxun_learn/src/install/py03_acton/lib/python3.12/site-packages/py03_acton-0.0.0-py3.12.egg-info' (and everything under it)
Copying ../build/py03_acton/py03_acton.egg-info to /home/huangbo/ros2_learn/tongxun_learn/src/install/py03_acton/lib/python3.12/site-packages/py03_acton-0.0.0-py3.12.egg-info
running install_scripts
Installing demo_action_client_py script to /home/huangbo/ros2_learn/tongxun_learn/src/install/py03_acton/lib/py03_acton
Installing demo_action_server_py script to /home/huangbo/ros2_learn/tongxun_learn/src/install/py03_acton/lib/py03_acton
writing list of installed files to '/home/huangbo/ros2_learn/tongxun_learn/src/build/py03_acton/install.log'
