[2.011s] Invoking command in '/home/huangbo/ros2_learn/tools_learn/src/py06_urdf': DEBUGINFOD_URLS=https://debuginfod.ubuntu.com PYTHONPATH=/home/huangbo/ros2_learn/tools_learn/build/py06_urdf/prefix_override:/usr/lib/python3/dist-packages/colcon_core/task/python/colcon_distutils_commands:/home/huangbo/ros2_learn/tools_learn/install/py06_urdf/lib/python3.12/site-packages:${PYTHONPATH} /usr/bin/python3 -W ignore:setup.py install is deprecated -W ignore:easy_install command is deprecated setup.py egg_info --egg-base ../../build/py06_urdf build --build-base /home/huangbo/ros2_learn/tools_learn/build/py06_urdf/build install --record /home/huangbo/ros2_learn/tools_learn/build/py06_urdf/install.log --install-scripts $base/lib/py06_urdf --single-version-externally-managed install_data
[2.578s] running egg_info
[2.610s] writing ../../build/py06_urdf/py06_urdf.egg-info/PKG-INFO
[2.611s] writing dependency_links to ../../build/py06_urdf/py06_urdf.egg-info/dependency_links.txt
[2.611s] writing requirements to ../../build/py06_urdf/py06_urdf.egg-info/requires.txt
[2.612s] writing top-level names to ../../build/py06_urdf/py06_urdf.egg-info/top_level.txt
[2.675s] reading manifest file '../../build/py06_urdf/py06_urdf.egg-info/SOURCES.txt'
[2.675s] writing manifest file '../../build/py06_urdf/py06_urdf.egg-info/SOURCES.txt'
[2.675s] running build
[2.675s] running build_py
[2.676s] running install
[2.682s] running install_lib
[2.715s] running install_data
[2.717s] copying urdf/xacro/car_gazebo.urdf.xacro -> /home/huangbo/ros2_learn/tools_learn/install/py06_urdf/share/py06_urdf/urdf/xacro
[2.718s] running install_egg_info
[2.770s] removing '/home/huangbo/ros2_learn/tools_learn/install/py06_urdf/lib/python3.12/site-packages/py06_urdf-0.0.0-py3.12.egg-info' (and everything under it)
[2.772s] Copying ../../build/py06_urdf/py06_urdf.egg-info to /home/huangbo/ros2_learn/tools_learn/install/py06_urdf/lib/python3.12/site-packages/py06_urdf-0.0.0-py3.12.egg-info
[2.773s] running install_scripts
[3.033s] writing list of installed files to '/home/huangbo/ros2_learn/tools_learn/build/py06_urdf/install.log'
[3.072s] Invoked command in '/home/huangbo/ros2_learn/tools_learn/src/py06_urdf' returned '0': DEBUGINFOD_URLS=https://debuginfod.ubuntu.com PYTHONPATH=/home/huangbo/ros2_learn/tools_learn/build/py06_urdf/prefix_override:/usr/lib/python3/dist-packages/colcon_core/task/python/colcon_distutils_commands:/home/huangbo/ros2_learn/tools_learn/install/py06_urdf/lib/python3.12/site-packages:${PYTHONPATH} /usr/bin/python3 -W ignore:setup.py install is deprecated -W ignore:easy_install command is deprecated setup.py egg_info --egg-base ../../build/py06_urdf build --build-base /home/huangbo/ros2_learn/tools_learn/build/py06_urdf/build install --record /home/huangbo/ros2_learn/tools_learn/build/py06_urdf/install.log --install-scripts $base/lib/py06_urdf --single-version-externally-managed install_data
