[0.954s] Invoking command in '/home/huangbo/ros2_learn/tools_learn/src/py01_launch': DEBUGINFOD_URLS=https://debuginfod.ubuntu.com PYTHONPATH=/home/huangbo/ros2_learn/tools_learn/build/py01_launch/prefix_override:/usr/lib/python3/dist-packages/colcon_core/task/python/colcon_distutils_commands:/home/huangbo/ros2_learn/tools_learn/install/py01_launch/lib/python3.12/site-packages:${PYTHONPATH} /usr/bin/python3 -W ignore:setup.py install is deprecated -W ignore:easy_install command is deprecated setup.py egg_info --egg-base ../../build/py01_launch build --build-base /home/huangbo/ros2_learn/tools_learn/build/py01_launch/build install --record /home/huangbo/ros2_learn/tools_learn/build/py01_launch/install.log --install-scripts $base/lib/py01_launch --single-version-externally-managed install_data
[1.230s] running egg_info
[1.252s] writing ../../build/py01_launch/py01_launch.egg-info/PKG-INFO
[1.253s] writing dependency_links to ../../build/py01_launch/py01_launch.egg-info/dependency_links.txt
[1.254s] writing entry points to ../../build/py01_launch/py01_launch.egg-info/entry_points.txt
[1.255s] writing requirements to ../../build/py01_launch/py01_launch.egg-info/requires.txt
[1.255s] writing top-level names to ../../build/py01_launch/py01_launch.egg-info/top_level.txt
[1.292s] reading manifest file '../../build/py01_launch/py01_launch.egg-info/SOURCES.txt'
[1.293s] writing manifest file '../../build/py01_launch/py01_launch.egg-info/SOURCES.txt'
[1.294s] running build
[1.295s] running build_py
[1.296s] running install
[1.299s] running install_lib
[1.320s] running install_data
[1.320s] copying py01_launch/launch/py/py05_include_launch.py -> /home/huangbo/ros2_learn/tools_learn/install/py01_launch/share/py01_launch/launch/py
[1.321s] running install_egg_info
[1.340s] removing '/home/huangbo/ros2_learn/tools_learn/install/py01_launch/lib/python3.12/site-packages/py01_launch-0.0.0-py3.12.egg-info' (and everything under it)
[1.341s] Copying ../../build/py01_launch/py01_launch.egg-info to /home/huangbo/ros2_learn/tools_learn/install/py01_launch/lib/python3.12/site-packages/py01_launch-0.0.0-py3.12.egg-info
[1.341s] running install_scripts
[1.478s] Installing node_1 script to /home/huangbo/ros2_learn/tools_learn/install/py01_launch/lib/py01_launch
[1.479s] writing list of installed files to '/home/huangbo/ros2_learn/tools_learn/build/py01_launch/install.log'
[1.507s] Invoked command in '/home/huangbo/ros2_learn/tools_learn/src/py01_launch' returned '0': DEBUGINFOD_URLS=https://debuginfod.ubuntu.com PYTHONPATH=/home/huangbo/ros2_learn/tools_learn/build/py01_launch/prefix_override:/usr/lib/python3/dist-packages/colcon_core/task/python/colcon_distutils_commands:/home/huangbo/ros2_learn/tools_learn/install/py01_launch/lib/python3.12/site-packages:${PYTHONPATH} /usr/bin/python3 -W ignore:setup.py install is deprecated -W ignore:easy_install command is deprecated setup.py egg_info --egg-base ../../build/py01_launch build --build-base /home/huangbo/ros2_learn/tools_learn/build/py01_launch/build install --record /home/huangbo/ros2_learn/tools_learn/build/py01_launch/install.log --install-scripts $base/lib/py01_launch --single-version-externally-managed install_data
