running egg_info
writing ../../build/py05_exercise/py05_exercise.egg-info/PKG-INFO
writing dependency_links to ../../build/py05_exercise/py05_exercise.egg-info/dependency_links.txt
writing entry points to ../../build/py05_exercise/py05_exercise.egg-info/entry_points.txt
writing requirements to ../../build/py05_exercise/py05_exercise.egg-info/requires.txt
writing top-level names to ../../build/py05_exercise/py05_exercise.egg-info/top_level.txt
reading manifest file '../../build/py05_exercise/py05_exercise.egg-info/SOURCES.txt'
writing manifest file '../../build/py05_exercise/py05_exercise.egg-info/SOURCES.txt'
running build
running build_py
copying py05_exercise/exer03_tf_listener_py.py -> /home/huangbo/ros2_learn/tools_learn/build/py05_exercise/build/lib/py05_exercise
running install
running install_lib
copying /home/huangbo/ros2_learn/tools_learn/build/py05_exercise/build/lib/py05_exercise/exer03_tf_listener_py.py -> /home/huangbo/ros2_learn/tools_learn/install/py05_exercise/lib/python3.12/site-packages/py05_exercise
byte-compiling /home/huangbo/ros2_learn/tools_learn/install/py05_exercise/lib/python3.12/site-packages/py05_exercise/exer03_tf_listener_py.py to exer03_tf_listener_py.cpython-312.pyc
running install_data
running install_egg_info
removing '/home/huangbo/ros2_learn/tools_learn/install/py05_exercise/lib/python3.12/site-packages/py05_exercise-0.0.0-py3.12.egg-info' (and everything under it)
Copying ../../build/py05_exercise/py05_exercise.egg-info to /home/huangbo/ros2_learn/tools_learn/install/py05_exercise/lib/python3.12/site-packages/py05_exercise-0.0.0-py3.12.egg-info
running install_scripts
Installing exer01_spawn_py script to /home/huangbo/ros2_learn/tools_learn/install/py05_exercise/lib/py05_exercise
Installing exer02_tf_broadcaster_py script to /home/huangbo/ros2_learn/tools_learn/install/py05_exercise/lib/py05_exercise
Installing exer03_tf_listener_py script to /home/huangbo/ros2_learn/tools_learn/install/py05_exercise/lib/py05_exercise
writing list of installed files to '/home/huangbo/ros2_learn/tools_learn/build/py05_exercise/install.log'
