[1.189s] Invoking command in '/home/huangbo/ros2_learn/tongxun_learn/src/py02_service_my': DEBUGINFOD_URLS=https://debuginfod.ubuntu.com PYTHONPATH=/home/huangbo/ros2_learn/tongxun_learn/build/py02_service_my/prefix_override:/usr/lib/python3/dist-packages/colcon_core/task/python/colcon_distutils_commands:/home/huangbo/ros2_learn/tongxun_learn/install/py02_service_my/lib/python3.12/site-packages:${PYTHONPATH} /usr/bin/python3 -W ignore:setup.py install is deprecated -W ignore:easy_install command is deprecated setup.py egg_info --egg-base ../../build/py02_service_my build --build-base /home/huangbo/ros2_learn/tongxun_learn/build/py02_service_my/build install --record /home/huangbo/ros2_learn/tongxun_learn/build/py02_service_my/install.log --install-scripts $base/lib/py02_service_my --single-version-externally-managed install_data
[1.586s] running egg_info
[1.612s] writing ../../build/py02_service_my/py02_service_my.egg-info/PKG-INFO
[1.615s] writing dependency_links to ../../build/py02_service_my/py02_service_my.egg-info/dependency_links.txt
[1.617s] writing entry points to ../../build/py02_service_my/py02_service_my.egg-info/entry_points.txt
[1.619s] writing requirements to ../../build/py02_service_my/py02_service_my.egg-info/requires.txt
[1.622s] writing top-level names to ../../build/py02_service_my/py02_service_my.egg-info/top_level.txt
[1.686s] reading manifest file '../../build/py02_service_my/py02_service_my.egg-info/SOURCES.txt'
[1.688s] writing manifest file '../../build/py02_service_my/py02_service_my.egg-info/SOURCES.txt'
[1.689s] running build
[1.690s] running build_py
[1.691s] running install
[1.699s] running install_lib
[1.729s] running install_data
[1.731s] running install_egg_info
[1.775s] removing '/home/huangbo/ros2_learn/tongxun_learn/install/py02_service_my/lib/python3.12/site-packages/py02_service_my-0.0.0-py3.12.egg-info' (and everything under it)
[1.780s] Copying ../../build/py02_service_my/py02_service_my.egg-info to /home/huangbo/ros2_learn/tongxun_learn/install/py02_service_my/lib/python3.12/site-packages/py02_service_my-0.0.0-py3.12.egg-info
[1.789s] running install_scripts
[1.966s] Installing demo_client_py script to /home/huangbo/ros2_learn/tongxun_learn/install/py02_service_my/lib/py02_service_my
[1.969s] Installing demo_server_py script to /home/huangbo/ros2_learn/tongxun_learn/install/py02_service_my/lib/py02_service_my
[1.970s] writing list of installed files to '/home/huangbo/ros2_learn/tongxun_learn/build/py02_service_my/install.log'
[2.006s] Invoked command in '/home/huangbo/ros2_learn/tongxun_learn/src/py02_service_my' returned '0': DEBUGINFOD_URLS=https://debuginfod.ubuntu.com PYTHONPATH=/home/huangbo/ros2_learn/tongxun_learn/build/py02_service_my/prefix_override:/usr/lib/python3/dist-packages/colcon_core/task/python/colcon_distutils_commands:/home/huangbo/ros2_learn/tongxun_learn/install/py02_service_my/lib/python3.12/site-packages:${PYTHONPATH} /usr/bin/python3 -W ignore:setup.py install is deprecated -W ignore:easy_install command is deprecated setup.py egg_info --egg-base ../../build/py02_service_my build --build-base /home/huangbo/ros2_learn/tongxun_learn/build/py02_service_my/build install --record /home/huangbo/ros2_learn/tongxun_learn/build/py02_service_my/install.log --install-scripts $base/lib/py02_service_my --single-version-externally-managed install_data
