[1.007s] Invoking command in '/home/huangbo/ros2_learn/tongxun_learn/src/py07_jx': DEBUGINFOD_URLS=https://debuginfod.ubuntu.com PYTHONPATH=/home/huangbo/ros2_learn/tongxun_learn/build/py07_jx/prefix_override:/usr/lib/python3/dist-packages/colcon_core/task/python/colcon_distutils_commands:/home/huangbo/ros2_learn/tongxun_learn/install/py07_jx/lib/python3.12/site-packages:${PYTHONPATH} /usr/bin/python3 -W ignore:setup.py install is deprecated -W ignore:easy_install command is deprecated setup.py egg_info --egg-base ../../build/py07_jx build --build-base /home/huangbo/ros2_learn/tongxun_learn/build/py07_jx/build install --record /home/huangbo/ros2_learn/tongxun_learn/build/py07_jx/install.log --install-scripts $base/lib/py07_jx --single-version-externally-managed install_data
[1.334s] running egg_info
[1.359s] writing ../../build/py07_jx/py07_jx.egg-info/PKG-INFO
[1.360s] writing dependency_links to ../../build/py07_jx/py07_jx.egg-info/dependency_links.txt
[1.361s] writing entry points to ../../build/py07_jx/py07_jx.egg-info/entry_points.txt
[1.361s] writing requirements to ../../build/py07_jx/py07_jx.egg-info/requires.txt
[1.362s] writing top-level names to ../../build/py07_jx/py07_jx.egg-info/top_level.txt
[1.404s] reading manifest file '../../build/py07_jx/py07_jx.egg-info/SOURCES.txt'
[1.405s] writing manifest file '../../build/py07_jx/py07_jx.egg-info/SOURCES.txt'
[1.406s] running build
[1.406s] running build_py
[1.406s] running install
[1.414s] running install_lib
[1.439s] running install_data
[1.439s] copying package.xml -> /home/huangbo/ros2_learn/tongxun_learn/install/py07_jx/share/py07_jx
[1.439s] copying launch/mirror_launch.py -> /home/huangbo/ros2_learn/tongxun_learn/install/py07_jx/share/py07_jx/launch
[1.439s] running install_egg_info
[1.469s] removing '/home/huangbo/ros2_learn/tongxun_learn/install/py07_jx/lib/python3.12/site-packages/py07_jx-0.0.0-py3.12.egg-info' (and everything under it)
[1.469s] Copying ../../build/py07_jx/py07_jx.egg-info to /home/huangbo/ros2_learn/tongxun_learn/install/py07_jx/lib/python3.12/site-packages/py07_jx-0.0.0-py3.12.egg-info
[1.471s] running install_scripts
[1.642s] Installing turtle_jingxiang script to /home/huangbo/ros2_learn/tongxun_learn/install/py07_jx/lib/py07_jx
[1.643s] writing list of installed files to '/home/huangbo/ros2_learn/tongxun_learn/build/py07_jx/install.log'
[1.698s] Invoked command in '/home/huangbo/ros2_learn/tongxun_learn/src/py07_jx' returned '0': DEBUGINFOD_URLS=https://debuginfod.ubuntu.com PYTHONPATH=/home/huangbo/ros2_learn/tongxun_learn/build/py07_jx/prefix_override:/usr/lib/python3/dist-packages/colcon_core/task/python/colcon_distutils_commands:/home/huangbo/ros2_learn/tongxun_learn/install/py07_jx/lib/python3.12/site-packages:${PYTHONPATH} /usr/bin/python3 -W ignore:setup.py install is deprecated -W ignore:easy_install command is deprecated setup.py egg_info --egg-base ../../build/py07_jx build --build-base /home/huangbo/ros2_learn/tongxun_learn/build/py07_jx/build install --record /home/huangbo/ros2_learn/tongxun_learn/build/py07_jx/install.log --install-scripts $base/lib/py07_jx --single-version-externally-managed install_data
