[1.067s] Invoking command in '/home/huangbo/ros2_learn/tongxun_learn/src/py07_jx': DEBUGINFOD_URLS=https://debuginfod.ubuntu.com PYTHONPATH=/home/huangbo/ros2_learn/tongxun_learn/build/py07_jx/prefix_override:/usr/lib/python3/dist-packages/colcon_core/task/python/colcon_distutils_commands:/home/huangbo/ros2_learn/tongxun_learn/install/py07_jx/lib/python3.12/site-packages:${PYTHONPATH} /usr/bin/python3 -W ignore:setup.py install is deprecated -W ignore:easy_install command is deprecated setup.py egg_info --egg-base ../../build/py07_jx build --build-base /home/huangbo/ros2_learn/tongxun_learn/build/py07_jx/build install --record /home/huangbo/ros2_learn/tongxun_learn/build/py07_jx/install.log --install-scripts $base/lib/py07_jx --single-version-externally-managed install_data
[1.537s] running egg_info
[1.540s] creating ../../build/py07_jx/py07_jx.egg-info
[1.565s] writing ../../build/py07_jx/py07_jx.egg-info/PKG-INFO
[1.569s] writing dependency_links to ../../build/py07_jx/py07_jx.egg-info/dependency_links.txt
[1.570s] writing entry points to ../../build/py07_jx/py07_jx.egg-info/entry_points.txt
[1.573s] writing requirements to ../../build/py07_jx/py07_jx.egg-info/requires.txt
[1.575s] writing top-level names to ../../build/py07_jx/py07_jx.egg-info/top_level.txt
[1.576s] writing manifest file '../../build/py07_jx/py07_jx.egg-info/SOURCES.txt'
[1.616s] reading manifest file '../../build/py07_jx/py07_jx.egg-info/SOURCES.txt'
[1.619s] writing manifest file '../../build/py07_jx/py07_jx.egg-info/SOURCES.txt'
[1.620s] running build
[1.623s] running build_py
[1.625s] creating /home/huangbo/ros2_learn/tongxun_learn/build/py07_jx/build
[1.627s] creating /home/huangbo/ros2_learn/tongxun_learn/build/py07_jx/build/lib
[1.628s] creating /home/huangbo/ros2_learn/tongxun_learn/build/py07_jx/build/lib/py07_jx
[1.630s] copying py07_jx/turtle_jingxiang.py -> /home/huangbo/ros2_learn/tongxun_learn/build/py07_jx/build/lib/py07_jx
[1.631s] copying py07_jx/__init__.py -> /home/huangbo/ros2_learn/tongxun_learn/build/py07_jx/build/lib/py07_jx
[1.631s] running install
[1.639s] running install_lib
[1.695s] creating /home/huangbo/ros2_learn/tongxun_learn/install/py07_jx/lib/python3.12/site-packages/py07_jx
[1.700s] copying /home/huangbo/ros2_learn/tongxun_learn/build/py07_jx/build/lib/py07_jx/turtle_jingxiang.py -> /home/huangbo/ros2_learn/tongxun_learn/install/py07_jx/lib/python3.12/site-packages/py07_jx
[1.701s] copying /home/huangbo/ros2_learn/tongxun_learn/build/py07_jx/build/lib/py07_jx/__init__.py -> /home/huangbo/ros2_learn/tongxun_learn/install/py07_jx/lib/python3.12/site-packages/py07_jx
[1.703s] byte-compiling /home/huangbo/ros2_learn/tongxun_learn/install/py07_jx/lib/python3.12/site-packages/py07_jx/turtle_jingxiang.py to turtle_jingxiang.cpython-312.pyc
[1.704s] byte-compiling /home/huangbo/ros2_learn/tongxun_learn/install/py07_jx/lib/python3.12/site-packages/py07_jx/__init__.py to __init__.cpython-312.pyc
[1.705s] running install_data
[1.705s] creating /home/huangbo/ros2_learn/tongxun_learn/install/py07_jx/share/ament_index
[1.706s] creating /home/huangbo/ros2_learn/tongxun_learn/install/py07_jx/share/ament_index/resource_index
[1.707s] creating /home/huangbo/ros2_learn/tongxun_learn/install/py07_jx/share/ament_index/resource_index/packages
[1.707s] copying resource/py07_jx -> /home/huangbo/ros2_learn/tongxun_learn/install/py07_jx/share/ament_index/resource_index/packages
[1.708s] copying package.xml -> /home/huangbo/ros2_learn/tongxun_learn/install/py07_jx/share/py07_jx
[1.709s] running install_egg_info
[1.757s] Copying ../../build/py07_jx/py07_jx.egg-info to /home/huangbo/ros2_learn/tongxun_learn/install/py07_jx/lib/python3.12/site-packages/py07_jx-0.0.0-py3.12.egg-info
[1.758s] running install_scripts
[2.047s] Installing turtle_jingxiang script to /home/huangbo/ros2_learn/tongxun_learn/install/py07_jx/lib/py07_jx
[2.049s] writing list of installed files to '/home/huangbo/ros2_learn/tongxun_learn/build/py07_jx/install.log'
[2.210s] Invoked command in '/home/huangbo/ros2_learn/tongxun_learn/src/py07_jx' returned '0': DEBUGINFOD_URLS=https://debuginfod.ubuntu.com PYTHONPATH=/home/huangbo/ros2_learn/tongxun_learn/build/py07_jx/prefix_override:/usr/lib/python3/dist-packages/colcon_core/task/python/colcon_distutils_commands:/home/huangbo/ros2_learn/tongxun_learn/install/py07_jx/lib/python3.12/site-packages:${PYTHONPATH} /usr/bin/python3 -W ignore:setup.py install is deprecated -W ignore:easy_install command is deprecated setup.py egg_info --egg-base ../../build/py07_jx build --build-base /home/huangbo/ros2_learn/tongxun_learn/build/py07_jx/build install --record /home/huangbo/ros2_learn/tongxun_learn/build/py07_jx/install.log --install-scripts $base/lib/py07_jx --single-version-externally-managed install_data
