[1.508s] Invoking command in '/home/huangbo/ros2_learn/tongxun_learn/src/py05_time': DEBUGINFOD_URLS=https://debuginfod.ubuntu.com PYTHONPATH=/home/huangbo/ros2_learn/tongxun_learn/build/py05_time/prefix_override:/usr/lib/python3/dist-packages/colcon_core/task/python/colcon_distutils_commands:/home/huangbo/ros2_learn/tongxun_learn/install/py05_time/lib/python3.12/site-packages:${PYTHONPATH} /usr/bin/python3 -W ignore:setup.py install is deprecated -W ignore:easy_install command is deprecated setup.py egg_info --egg-base ../../build/py05_time build --build-base /home/huangbo/ros2_learn/tongxun_learn/build/py05_time/build install --record /home/huangbo/ros2_learn/tongxun_learn/build/py05_time/install.log --install-scripts $base/lib/py05_time --single-version-externally-managed install_data
[1.917s] running egg_info
[1.918s] creating ../../build/py05_time/py05_time.egg-info
[1.947s] writing ../../build/py05_time/py05_time.egg-info/PKG-INFO
[1.948s] writing dependency_links to ../../build/py05_time/py05_time.egg-info/dependency_links.txt
[1.948s] writing entry points to ../../build/py05_time/py05_time.egg-info/entry_points.txt
[1.949s] writing requirements to ../../build/py05_time/py05_time.egg-info/requires.txt
[1.949s] writing top-level names to ../../build/py05_time/py05_time.egg-info/top_level.txt
[1.949s] writing manifest file '../../build/py05_time/py05_time.egg-info/SOURCES.txt'
[1.997s] reading manifest file '../../build/py05_time/py05_time.egg-info/SOURCES.txt'
[1.998s] writing manifest file '../../build/py05_time/py05_time.egg-info/SOURCES.txt'
[1.999s] running build
[1.999s] running build_py
[1.999s] creating /home/huangbo/ros2_learn/tongxun_learn/build/py05_time/build
[1.999s] creating /home/huangbo/ros2_learn/tongxun_learn/build/py05_time/build/lib
[2.000s] creating /home/huangbo/ros2_learn/tongxun_learn/build/py05_time/build/lib/py05_time
[2.000s] copying py05_time/demo01_time.py -> /home/huangbo/ros2_learn/tongxun_learn/build/py05_time/build/lib/py05_time
[2.000s] copying py05_time/__init__.py -> /home/huangbo/ros2_learn/tongxun_learn/build/py05_time/build/lib/py05_time
[2.000s] running install
[2.008s] running install_lib
[2.032s] creating /home/huangbo/ros2_learn/tongxun_learn/install/py05_time/lib/python3.12/site-packages/py05_time
[2.033s] copying /home/huangbo/ros2_learn/tongxun_learn/build/py05_time/build/lib/py05_time/demo01_time.py -> /home/huangbo/ros2_learn/tongxun_learn/install/py05_time/lib/python3.12/site-packages/py05_time
[2.033s] copying /home/huangbo/ros2_learn/tongxun_learn/build/py05_time/build/lib/py05_time/__init__.py -> /home/huangbo/ros2_learn/tongxun_learn/install/py05_time/lib/python3.12/site-packages/py05_time
[2.034s] byte-compiling /home/huangbo/ros2_learn/tongxun_learn/install/py05_time/lib/python3.12/site-packages/py05_time/demo01_time.py to demo01_time.cpython-312.pyc
[2.037s] byte-compiling /home/huangbo/ros2_learn/tongxun_learn/install/py05_time/lib/python3.12/site-packages/py05_time/__init__.py to __init__.cpython-312.pyc
[2.037s] running install_data
[2.037s] creating /home/huangbo/ros2_learn/tongxun_learn/install/py05_time/share/ament_index
[2.037s] creating /home/huangbo/ros2_learn/tongxun_learn/install/py05_time/share/ament_index/resource_index
[2.038s] creating /home/huangbo/ros2_learn/tongxun_learn/install/py05_time/share/ament_index/resource_index/packages
[2.038s] copying resource/py05_time -> /home/huangbo/ros2_learn/tongxun_learn/install/py05_time/share/ament_index/resource_index/packages
[2.038s] copying package.xml -> /home/huangbo/ros2_learn/tongxun_learn/install/py05_time/share/py05_time
[2.038s] running install_egg_info
[2.069s] Copying ../../build/py05_time/py05_time.egg-info to /home/huangbo/ros2_learn/tongxun_learn/install/py05_time/lib/python3.12/site-packages/py05_time-0.0.0-py3.12.egg-info
[2.069s] running install_scripts
[2.244s] Installing demo01_time script to /home/huangbo/ros2_learn/tongxun_learn/install/py05_time/lib/py05_time
[2.245s] writing list of installed files to '/home/huangbo/ros2_learn/tongxun_learn/build/py05_time/install.log'
[2.281s] Invoked command in '/home/huangbo/ros2_learn/tongxun_learn/src/py05_time' returned '0': DEBUGINFOD_URLS=https://debuginfod.ubuntu.com PYTHONPATH=/home/huangbo/ros2_learn/tongxun_learn/build/py05_time/prefix_override:/usr/lib/python3/dist-packages/colcon_core/task/python/colcon_distutils_commands:/home/huangbo/ros2_learn/tongxun_learn/install/py05_time/lib/python3.12/site-packages:${PYTHONPATH} /usr/bin/python3 -W ignore:setup.py install is deprecated -W ignore:easy_install command is deprecated setup.py egg_info --egg-base ../../build/py05_time build --build-base /home/huangbo/ros2_learn/tongxun_learn/build/py05_time/build install --record /home/huangbo/ros2_learn/tongxun_learn/build/py05_time/install.log --install-scripts $base/lib/py05_time --single-version-externally-managed install_data
