[1.150s] Invoking command in '/home/huangbo/ros2_learn/tongxun_learn/src/py02_service': DEBUGINFOD_URLS=https://debuginfod.ubuntu.com PYTHONPATH=/home/huangbo/ros2_learn/tongxun_learn/src/build/py02_service/prefix_override:/usr/lib/python3/dist-packages/colcon_core/task/python/colcon_distutils_commands:/home/huangbo/ros2_learn/tongxun_learn/src/install/py02_service/lib/python3.12/site-packages:${PYTHONPATH} /usr/bin/python3 -W ignore:setup.py install is deprecated -W ignore:easy_install command is deprecated setup.py egg_info --egg-base ../build/py02_service build --build-base /home/huangbo/ros2_learn/tongxun_learn/src/build/py02_service/build install --record /home/huangbo/ros2_learn/tongxun_learn/src/build/py02_service/install.log --install-scripts $base/lib/py02_service --single-version-externally-managed install_data
[1.523s] running egg_info
[1.524s] creating ../build/py02_service/py02_service.egg-info
[1.556s] writing ../build/py02_service/py02_service.egg-info/PKG-INFO
[1.558s] writing dependency_links to ../build/py02_service/py02_service.egg-info/dependency_links.txt
[1.559s] writing entry points to ../build/py02_service/py02_service.egg-info/entry_points.txt
[1.560s] writing requirements to ../build/py02_service/py02_service.egg-info/requires.txt
[1.560s] writing top-level names to ../build/py02_service/py02_service.egg-info/top_level.txt
[1.561s] writing manifest file '../build/py02_service/py02_service.egg-info/SOURCES.txt'
[1.612s] reading manifest file '../build/py02_service/py02_service.egg-info/SOURCES.txt'
[1.613s] writing manifest file '../build/py02_service/py02_service.egg-info/SOURCES.txt'
[1.614s] running build
[1.614s] running build_py
[1.615s] creating /home/huangbo/ros2_learn/tongxun_learn/src/build/py02_service/build
[1.615s] creating /home/huangbo/ros2_learn/tongxun_learn/src/build/py02_service/build/lib
[1.615s] creating /home/huangbo/ros2_learn/tongxun_learn/src/build/py02_service/build/lib/py02_service
[1.616s] copying py02_service/demo02_client_py.py -> /home/huangbo/ros2_learn/tongxun_learn/src/build/py02_service/build/lib/py02_service
[1.616s] copying py02_service/demo01_server_py.py -> /home/huangbo/ros2_learn/tongxun_learn/src/build/py02_service/build/lib/py02_service
[1.617s] copying py02_service/__init__.py -> /home/huangbo/ros2_learn/tongxun_learn/src/build/py02_service/build/lib/py02_service
[1.617s] running install
[1.624s] running install_lib
[1.652s] creating /home/huangbo/ros2_learn/tongxun_learn/src/install/py02_service/lib/python3.12/site-packages/py02_service
[1.652s] copying /home/huangbo/ros2_learn/tongxun_learn/src/build/py02_service/build/lib/py02_service/demo02_client_py.py -> /home/huangbo/ros2_learn/tongxun_learn/src/install/py02_service/lib/python3.12/site-packages/py02_service
[1.653s] copying /home/huangbo/ros2_learn/tongxun_learn/src/build/py02_service/build/lib/py02_service/demo01_server_py.py -> /home/huangbo/ros2_learn/tongxun_learn/src/install/py02_service/lib/python3.12/site-packages/py02_service
[1.653s] copying /home/huangbo/ros2_learn/tongxun_learn/src/build/py02_service/build/lib/py02_service/__init__.py -> /home/huangbo/ros2_learn/tongxun_learn/src/install/py02_service/lib/python3.12/site-packages/py02_service
[1.654s] byte-compiling /home/huangbo/ros2_learn/tongxun_learn/src/install/py02_service/lib/python3.12/site-packages/py02_service/demo02_client_py.py to demo02_client_py.cpython-312.pyc
[1.656s] byte-compiling /home/huangbo/ros2_learn/tongxun_learn/src/install/py02_service/lib/python3.12/site-packages/py02_service/demo01_server_py.py to demo01_server_py.cpython-312.pyc
[1.656s] byte-compiling /home/huangbo/ros2_learn/tongxun_learn/src/install/py02_service/lib/python3.12/site-packages/py02_service/__init__.py to __init__.cpython-312.pyc
[1.657s] running install_data
[1.657s] creating /home/huangbo/ros2_learn/tongxun_learn/src/install/py02_service/share/ament_index
[1.658s] creating /home/huangbo/ros2_learn/tongxun_learn/src/install/py02_service/share/ament_index/resource_index
[1.658s] creating /home/huangbo/ros2_learn/tongxun_learn/src/install/py02_service/share/ament_index/resource_index/packages
[1.659s] copying resource/py02_service -> /home/huangbo/ros2_learn/tongxun_learn/src/install/py02_service/share/ament_index/resource_index/packages
[1.660s] copying package.xml -> /home/huangbo/ros2_learn/tongxun_learn/src/install/py02_service/share/py02_service
[1.661s] running install_egg_info
[1.686s] Copying ../build/py02_service/py02_service.egg-info to /home/huangbo/ros2_learn/tongxun_learn/src/install/py02_service/lib/python3.12/site-packages/py02_service-0.0.0-py3.12.egg-info
[1.688s] running install_scripts
[1.887s] Installing demo01_server_py script to /home/huangbo/ros2_learn/tongxun_learn/src/install/py02_service/lib/py02_service
[1.888s] writing list of installed files to '/home/huangbo/ros2_learn/tongxun_learn/src/build/py02_service/install.log'
[1.930s] Invoked command in '/home/huangbo/ros2_learn/tongxun_learn/src/py02_service' returned '0': DEBUGINFOD_URLS=https://debuginfod.ubuntu.com PYTHONPATH=/home/huangbo/ros2_learn/tongxun_learn/src/build/py02_service/prefix_override:/usr/lib/python3/dist-packages/colcon_core/task/python/colcon_distutils_commands:/home/huangbo/ros2_learn/tongxun_learn/src/install/py02_service/lib/python3.12/site-packages:${PYTHONPATH} /usr/bin/python3 -W ignore:setup.py install is deprecated -W ignore:easy_install command is deprecated setup.py egg_info --egg-base ../build/py02_service build --build-base /home/huangbo/ros2_learn/tongxun_learn/src/build/py02_service/build install --record /home/huangbo/ros2_learn/tongxun_learn/src/build/py02_service/install.log --install-scripts $base/lib/py02_service --single-version-externally-managed install_data
