[1.353s] Invoking command in '/home/huangbo/ros2_learn/tongxun_learn/src/py07_jx': DEBUGINFOD_URLS=https://debuginfod.ubuntu.com PYTHONPATH=/home/huangbo/ros2_learn/tongxun_learn/build/py07_jx/prefix_override:/usr/lib/python3/dist-packages/colcon_core/task/python/colcon_distutils_commands:/home/huangbo/ros2_learn/tongxun_learn/install/py07_jx/lib/python3.12/site-packages:${PYTHONPATH} /usr/bin/python3 -W ignore:setup.py install is deprecated -W ignore:easy_install command is deprecated setup.py egg_info --egg-base ../../build/py07_jx build --build-base /home/huangbo/ros2_learn/tongxun_learn/build/py07_jx/build install --record /home/huangbo/ros2_learn/tongxun_learn/build/py07_jx/install.log --install-scripts $base/lib/py07_jx --single-version-externally-managed install_data
[1.711s] running egg_info
[1.736s] writing ../../build/py07_jx/py07_jx.egg-info/PKG-INFO
[1.738s] writing dependency_links to ../../build/py07_jx/py07_jx.egg-info/dependency_links.txt
[1.739s] writing entry points to ../../build/py07_jx/py07_jx.egg-info/entry_points.txt
[1.739s] writing requirements to ../../build/py07_jx/py07_jx.egg-info/requires.txt
[1.740s] writing top-level names to ../../build/py07_jx/py07_jx.egg-info/top_level.txt
[1.799s] reading manifest file '../../build/py07_jx/py07_jx.egg-info/SOURCES.txt'
[1.800s] writing manifest file '../../build/py07_jx/py07_jx.egg-info/SOURCES.txt'
[1.801s] running build
[1.801s] running build_py
[1.802s] copying py07_jx/turtle_jingxiang.py -> /home/huangbo/ros2_learn/tongxun_learn/build/py07_jx/build/lib/py07_jx
[1.803s] running install
[1.809s] running install_lib
[1.832s] copying /home/huangbo/ros2_learn/tongxun_learn/build/py07_jx/build/lib/py07_jx/turtle_jingxiang.py -> /home/huangbo/ros2_learn/tongxun_learn/install/py07_jx/lib/python3.12/site-packages/py07_jx
[1.834s] byte-compiling /home/huangbo/ros2_learn/tongxun_learn/install/py07_jx/lib/python3.12/site-packages/py07_jx/turtle_jingxiang.py to turtle_jingxiang.cpython-312.pyc
[1.835s] running install_data
[1.835s] copying launch/mirror_launch.py -> /home/huangbo/ros2_learn/tongxun_learn/install/py07_jx/share/py07_jx/launch
[1.836s] running install_egg_info
[1.862s] removing '/home/huangbo/ros2_learn/tongxun_learn/install/py07_jx/lib/python3.12/site-packages/py07_jx-0.0.0-py3.12.egg-info' (and everything under it)
[1.864s] Copying ../../build/py07_jx/py07_jx.egg-info to /home/huangbo/ros2_learn/tongxun_learn/install/py07_jx/lib/python3.12/site-packages/py07_jx-0.0.0-py3.12.egg-info
[1.864s] running install_scripts
[2.039s] Installing turtle_jingxiang script to /home/huangbo/ros2_learn/tongxun_learn/install/py07_jx/lib/py07_jx
[2.041s] writing list of installed files to '/home/huangbo/ros2_learn/tongxun_learn/build/py07_jx/install.log'
[2.074s] Invoked command in '/home/huangbo/ros2_learn/tongxun_learn/src/py07_jx' returned '0': DEBUGINFOD_URLS=https://debuginfod.ubuntu.com PYTHONPATH=/home/huangbo/ros2_learn/tongxun_learn/build/py07_jx/prefix_override:/usr/lib/python3/dist-packages/colcon_core/task/python/colcon_distutils_commands:/home/huangbo/ros2_learn/tongxun_learn/install/py07_jx/lib/python3.12/site-packages:${PYTHONPATH} /usr/bin/python3 -W ignore:setup.py install is deprecated -W ignore:easy_install command is deprecated setup.py egg_info --egg-base ../../build/py07_jx build --build-base /home/huangbo/ros2_learn/tongxun_learn/build/py07_jx/build install --record /home/huangbo/ros2_learn/tongxun_learn/build/py07_jx/install.log --install-scripts $base/lib/py07_jx --single-version-externally-managed install_data
