[0.999s] Invoking command in '/home/huangbo/ros2_learn/tools_learn/src/py04_tf_listener': DEBUGINFOD_URLS=https://debuginfod.ubuntu.com PYTHONPATH=/home/huangbo/ros2_learn/tools_learn/build/py04_tf_listener/prefix_override:/usr/lib/python3/dist-packages/colcon_core/task/python/colcon_distutils_commands:/home/huangbo/ros2_learn/tools_learn/install/py04_tf_listener/lib/python3.12/site-packages:${PYTHONPATH} /usr/bin/python3 -W ignore:setup.py install is deprecated -W ignore:easy_install command is deprecated setup.py egg_info --egg-base ../../build/py04_tf_listener build --build-base /home/huangbo/ros2_learn/tools_learn/build/py04_tf_listener/build install --record /home/huangbo/ros2_learn/tools_learn/build/py04_tf_listener/install.log --install-scripts $base/lib/py04_tf_listener --single-version-externally-managed install_data
[1.341s] running egg_info
[1.373s] writing ../../build/py04_tf_listener/py04_tf_listener.egg-info/PKG-INFO
[1.374s] writing dependency_links to ../../build/py04_tf_listener/py04_tf_listener.egg-info/dependency_links.txt
[1.376s] writing entry points to ../../build/py04_tf_listener/py04_tf_listener.egg-info/entry_points.txt
[1.377s] writing requirements to ../../build/py04_tf_listener/py04_tf_listener.egg-info/requires.txt
[1.378s] writing top-level names to ../../build/py04_tf_listener/py04_tf_listener.egg-info/top_level.txt
[1.449s] reading manifest file '../../build/py04_tf_listener/py04_tf_listener.egg-info/SOURCES.txt'
[1.453s] writing manifest file '../../build/py04_tf_listener/py04_tf_listener.egg-info/SOURCES.txt'
[1.453s] running build
[1.456s] running build_py
[1.456s] running install
[1.460s] running install_lib
[1.489s] running install_data
[1.490s] running install_egg_info
[1.517s] removing '/home/huangbo/ros2_learn/tools_learn/install/py04_tf_listener/lib/python3.12/site-packages/py04_tf_listener-0.0.0-py3.12.egg-info' (and everything under it)
[1.531s] Copying ../../build/py04_tf_listener/py04_tf_listener.egg-info to /home/huangbo/ros2_learn/tools_learn/install/py04_tf_listener/lib/python3.12/site-packages/py04_tf_listener-0.0.0-py3.12.egg-info
[1.534s] running install_scripts
[1.741s] Installing demo01_tf_jianting_py script to /home/huangbo/ros2_learn/tools_learn/install/py04_tf_listener/lib/py04_tf_listener
[1.744s] writing list of installed files to '/home/huangbo/ros2_learn/tools_learn/build/py04_tf_listener/install.log'
[1.914s] Invoked command in '/home/huangbo/ros2_learn/tools_learn/src/py04_tf_listener' returned '0': DEBUGINFOD_URLS=https://debuginfod.ubuntu.com PYTHONPATH=/home/huangbo/ros2_learn/tools_learn/build/py04_tf_listener/prefix_override:/usr/lib/python3/dist-packages/colcon_core/task/python/colcon_distutils_commands:/home/huangbo/ros2_learn/tools_learn/install/py04_tf_listener/lib/python3.12/site-packages:${PYTHONPATH} /usr/bin/python3 -W ignore:setup.py install is deprecated -W ignore:easy_install command is deprecated setup.py egg_info --egg-base ../../build/py04_tf_listener build --build-base /home/huangbo/ros2_learn/tools_learn/build/py04_tf_listener/build install --record /home/huangbo/ros2_learn/tools_learn/build/py04_tf_listener/install.log --install-scripts $base/lib/py04_tf_listener --single-version-externally-managed install_data
