running egg_info
writing ../../build/py02_rosbag/py02_rosbag.egg-info/PKG-INFO
writing dependency_links to ../../build/py02_rosbag/py02_rosbag.egg-info/dependency_links.txt
writing entry points to ../../build/py02_rosbag/py02_rosbag.egg-info/entry_points.txt
writing requirements to ../../build/py02_rosbag/py02_rosbag.egg-info/requires.txt
writing top-level names to ../../build/py02_rosbag/py02_rosbag.egg-info/top_level.txt
reading manifest file '../../build/py02_rosbag/py02_rosbag.egg-info/SOURCES.txt'
writing manifest file '../../build/py02_rosbag/py02_rosbag.egg-info/SOURCES.txt'
running build
running build_py
copying py02_rosbag/demo02_reader_py.py -> /home/huangbo/ros2_learn/tools_learn/build/py02_rosbag/build/lib/py02_rosbag
running install
running install_lib
copying /home/huangbo/ros2_learn/tools_learn/build/py02_rosbag/build/lib/py02_rosbag/demo02_reader_py.py -> /home/huangbo/ros2_learn/tools_learn/install/py02_rosbag/lib/python3.12/site-packages/py02_rosbag
byte-compiling /home/huangbo/ros2_learn/tools_learn/install/py02_rosbag/lib/python3.12/site-packages/py02_rosbag/demo02_reader_py.py to demo02_reader_py.cpython-312.pyc
running install_data
running install_egg_info
removing '/home/huangbo/ros2_learn/tools_learn/install/py02_rosbag/lib/python3.12/site-packages/py02_rosbag-0.0.0-py3.12.egg-info' (and everything under it)
Copying ../../build/py02_rosbag/py02_rosbag.egg-info to /home/huangbo/ros2_learn/tools_learn/install/py02_rosbag/lib/python3.12/site-packages/py02_rosbag-0.0.0-py3.12.egg-info
running install_scripts
Installing demo01_writer_py script to /home/huangbo/ros2_learn/tools_learn/install/py02_rosbag/lib/py02_rosbag
Installing demo02_reader_py script to /home/huangbo/ros2_learn/tools_learn/install/py02_rosbag/lib/py02_rosbag
writing list of installed files to '/home/huangbo/ros2_learn/tools_learn/build/py02_rosbag/install.log'
