[0.956s] Invoking command in '/home/huangbo/ros2_learn/tools_learn/src/py03_broadcaster': DEBUGINFOD_URLS=https://debuginfod.ubuntu.com PYTHONPATH=/home/huangbo/ros2_learn/tools_learn/build/py03_broadcaster/prefix_override:/usr/lib/python3/dist-packages/colcon_core/task/python/colcon_distutils_commands:/home/huangbo/ros2_learn/tools_learn/install/py03_broadcaster/lib/python3.12/site-packages:${PYTHONPATH} /usr/bin/python3 -W ignore:setup.py install is deprecated -W ignore:easy_install command is deprecated setup.py egg_info --egg-base ../../build/py03_broadcaster build --build-base /home/huangbo/ros2_learn/tools_learn/build/py03_broadcaster/build install --record /home/huangbo/ros2_learn/tools_learn/build/py03_broadcaster/install.log --install-scripts $base/lib/py03_broadcaster --single-version-externally-managed install_data
[1.295s] running egg_info
[1.318s] writing ../../build/py03_broadcaster/py03_broadcaster.egg-info/PKG-INFO
[1.320s] writing dependency_links to ../../build/py03_broadcaster/py03_broadcaster.egg-info/dependency_links.txt
[1.321s] writing entry points to ../../build/py03_broadcaster/py03_broadcaster.egg-info/entry_points.txt
[1.323s] writing requirements to ../../build/py03_broadcaster/py03_broadcaster.egg-info/requires.txt
[1.325s] writing top-level names to ../../build/py03_broadcaster/py03_broadcaster.egg-info/top_level.txt
[1.373s] reading manifest file '../../build/py03_broadcaster/py03_broadcaster.egg-info/SOURCES.txt'
[1.375s] writing manifest file '../../build/py03_broadcaster/py03_broadcaster.egg-info/SOURCES.txt'
[1.377s] running build
[1.378s] running build_py
[1.379s] running install
[1.385s] running install_lib
[1.406s] running install_data
[1.407s] running install_egg_info
[1.430s] removing '/home/huangbo/ros2_learn/tools_learn/install/py03_broadcaster/lib/python3.12/site-packages/py03_broadcaster-0.0.0-py3.12.egg-info' (and everything under it)
[1.434s] Copying ../../build/py03_broadcaster/py03_broadcaster.egg-info to /home/huangbo/ros2_learn/tools_learn/install/py03_broadcaster/lib/python3.12/site-packages/py03_broadcaster-0.0.0-py3.12.egg-info
[1.444s] running install_scripts
[1.613s] Installing demo01_tf_static_broadcaster_py script to /home/huangbo/ros2_learn/tools_learn/install/py03_broadcaster/lib/py03_broadcaster
[1.615s] Installing demo02_dongtai_broadcaster_py script to /home/huangbo/ros2_learn/tools_learn/install/py03_broadcaster/lib/py03_broadcaster
[1.617s] Installing demo03_pub_point_py script to /home/huangbo/ros2_learn/tools_learn/install/py03_broadcaster/lib/py03_broadcaster
[1.618s] writing list of installed files to '/home/huangbo/ros2_learn/tools_learn/build/py03_broadcaster/install.log'
[1.664s] Invoked command in '/home/huangbo/ros2_learn/tools_learn/src/py03_broadcaster' returned '0': DEBUGINFOD_URLS=https://debuginfod.ubuntu.com PYTHONPATH=/home/huangbo/ros2_learn/tools_learn/build/py03_broadcaster/prefix_override:/usr/lib/python3/dist-packages/colcon_core/task/python/colcon_distutils_commands:/home/huangbo/ros2_learn/tools_learn/install/py03_broadcaster/lib/python3.12/site-packages:${PYTHONPATH} /usr/bin/python3 -W ignore:setup.py install is deprecated -W ignore:easy_install command is deprecated setup.py egg_info --egg-base ../../build/py03_broadcaster build --build-base /home/huangbo/ros2_learn/tools_learn/build/py03_broadcaster/build install --record /home/huangbo/ros2_learn/tools_learn/build/py03_broadcaster/install.log --install-scripts $base/lib/py03_broadcaster --single-version-externally-managed install_data
