[1.327s] Invoking command in '/home/huangbo/ros2_learn/tongxun_learn/src/py02_service': DEBUGINFOD_URLS=https://debuginfod.ubuntu.com PYTHONPATH=/home/huangbo/ros2_learn/tongxun_learn/build/py02_service/prefix_override:/usr/lib/python3/dist-packages/colcon_core/task/python/colcon_distutils_commands:/home/huangbo/ros2_learn/tongxun_learn/install/py02_service/lib/python3.12/site-packages:${PYTHONPATH} /usr/bin/python3 -W ignore:setup.py install is deprecated -W ignore:easy_install command is deprecated setup.py egg_info --egg-base ../../build/py02_service build --build-base /home/huangbo/ros2_learn/tongxun_learn/build/py02_service/build install --record /home/huangbo/ros2_learn/tongxun_learn/build/py02_service/install.log --install-scripts $base/lib/py02_service --single-version-externally-managed install_data
[2.260s] running egg_info
[2.337s] writing ../../build/py02_service/py02_service.egg-info/PKG-INFO
[2.340s] writing dependency_links to ../../build/py02_service/py02_service.egg-info/dependency_links.txt
[2.343s] writing entry points to ../../build/py02_service/py02_service.egg-info/entry_points.txt
[2.344s] writing requirements to ../../build/py02_service/py02_service.egg-info/requires.txt
[2.346s] writing top-level names to ../../build/py02_service/py02_service.egg-info/top_level.txt
[2.475s] reading manifest file '../../build/py02_service/py02_service.egg-info/SOURCES.txt'
[2.478s] writing manifest file '../../build/py02_service/py02_service.egg-info/SOURCES.txt'
[2.483s] running build
[2.484s] running build_py
[2.485s] running install
[2.507s] running install_lib
[2.562s] running install_data
[2.565s] running install_egg_info
[2.591s] removing '/home/huangbo/ros2_learn/tongxun_learn/install/py02_service/lib/python3.12/site-packages/py02_service-0.0.0-py3.12.egg-info' (and everything under it)
[2.592s] Copying ../../build/py02_service/py02_service.egg-info to /home/huangbo/ros2_learn/tongxun_learn/install/py02_service/lib/python3.12/site-packages/py02_service-0.0.0-py3.12.egg-info
[2.594s] running install_scripts
[2.930s] Installing demo01_server_py script to /home/huangbo/ros2_learn/tongxun_learn/install/py02_service/lib/py02_service
[2.934s] Installing demo02_client_py script to /home/huangbo/ros2_learn/tongxun_learn/install/py02_service/lib/py02_service
[2.938s] writing list of installed files to '/home/huangbo/ros2_learn/tongxun_learn/build/py02_service/install.log'
[3.069s] Invoked command in '/home/huangbo/ros2_learn/tongxun_learn/src/py02_service' returned '0': DEBUGINFOD_URLS=https://debuginfod.ubuntu.com PYTHONPATH=/home/huangbo/ros2_learn/tongxun_learn/build/py02_service/prefix_override:/usr/lib/python3/dist-packages/colcon_core/task/python/colcon_distutils_commands:/home/huangbo/ros2_learn/tongxun_learn/install/py02_service/lib/python3.12/site-packages:${PYTHONPATH} /usr/bin/python3 -W ignore:setup.py install is deprecated -W ignore:easy_install command is deprecated setup.py egg_info --egg-base ../../build/py02_service build --build-base /home/huangbo/ros2_learn/tongxun_learn/build/py02_service/build install --record /home/huangbo/ros2_learn/tongxun_learn/build/py02_service/install.log --install-scripts $base/lib/py02_service --single-version-externally-managed install_data
