[1.255s] Invoking command in '/home/huangbo/ros2_learn/tools_learn/src/py01_launch': DEBUGINFOD_URLS=https://debuginfod.ubuntu.com PYTHONPATH=/home/huangbo/ros2_learn/build/py01_launch/prefix_override:/usr/lib/python3/dist-packages/colcon_core/task/python/colcon_distutils_commands:/home/huangbo/ros2_learn/install/py01_launch/lib/python3.12/site-packages:${PYTHONPATH} /usr/bin/python3 -W ignore:setup.py install is deprecated -W ignore:easy_install command is deprecated setup.py egg_info --egg-base ../../../build/py01_launch build --build-base /home/huangbo/ros2_learn/build/py01_launch/build install --record /home/huangbo/ros2_learn/build/py01_launch/install.log --install-scripts $base/lib/py01_launch --single-version-externally-managed install_data
[1.624s] running egg_info
[1.625s] creating ../../../build/py01_launch/py01_launch.egg-info
[1.655s] writing ../../../build/py01_launch/py01_launch.egg-info/PKG-INFO
[1.656s] writing dependency_links to ../../../build/py01_launch/py01_launch.egg-info/dependency_links.txt
[1.657s] writing entry points to ../../../build/py01_launch/py01_launch.egg-info/entry_points.txt
[1.659s] writing requirements to ../../../build/py01_launch/py01_launch.egg-info/requires.txt
[1.660s] writing top-level names to ../../../build/py01_launch/py01_launch.egg-info/top_level.txt
[1.660s] writing manifest file '../../../build/py01_launch/py01_launch.egg-info/SOURCES.txt'
[1.726s] reading manifest file '../../../build/py01_launch/py01_launch.egg-info/SOURCES.txt'
[1.727s] writing manifest file '../../../build/py01_launch/py01_launch.egg-info/SOURCES.txt'
[1.729s] running build
[1.730s] running build_py
[1.730s] creating /home/huangbo/ros2_learn/build/py01_launch/build
[1.730s] creating /home/huangbo/ros2_learn/build/py01_launch/build/lib
[1.730s] creating /home/huangbo/ros2_learn/build/py01_launch/build/lib/py01_launch
[1.730s] copying py01_launch/node_1.py -> /home/huangbo/ros2_learn/build/py01_launch/build/lib/py01_launch
[1.733s] copying py01_launch/__init__.py -> /home/huangbo/ros2_learn/build/py01_launch/build/lib/py01_launch
[1.733s] running install
[1.741s] running install_lib
[1.778s] creating /home/huangbo/ros2_learn/install/py01_launch/lib/python3.12/site-packages/py01_launch
[1.779s] copying /home/huangbo/ros2_learn/build/py01_launch/build/lib/py01_launch/node_1.py -> /home/huangbo/ros2_learn/install/py01_launch/lib/python3.12/site-packages/py01_launch
[1.780s] copying /home/huangbo/ros2_learn/build/py01_launch/build/lib/py01_launch/__init__.py -> /home/huangbo/ros2_learn/install/py01_launch/lib/python3.12/site-packages/py01_launch
[1.781s] byte-compiling /home/huangbo/ros2_learn/install/py01_launch/lib/python3.12/site-packages/py01_launch/node_1.py to node_1.cpython-312.pyc
[1.782s] byte-compiling /home/huangbo/ros2_learn/install/py01_launch/lib/python3.12/site-packages/py01_launch/__init__.py to __init__.cpython-312.pyc
[1.783s] running install_data
[1.783s] creating /home/huangbo/ros2_learn/install/py01_launch/share/ament_index
[1.784s] creating /home/huangbo/ros2_learn/install/py01_launch/share/ament_index/resource_index
[1.786s] creating /home/huangbo/ros2_learn/install/py01_launch/share/ament_index/resource_index/packages
[1.786s] copying resource/py01_launch -> /home/huangbo/ros2_learn/install/py01_launch/share/ament_index/resource_index/packages
[1.792s] copying package.xml -> /home/huangbo/ros2_learn/install/py01_launch/share/py01_launch
[1.792s] creating /home/huangbo/ros2_learn/install/py01_launch/share/py01_launch/launch
[1.792s] creating /home/huangbo/ros2_learn/install/py01_launch/share/py01_launch/launch/py
[1.792s] copying py01_launch/launch/py/py04_args_launch.py -> /home/huangbo/ros2_learn/install/py01_launch/share/py01_launch/launch/py
[1.797s] copying py01_launch/launch/py/py05_include_launch.py -> /home/huangbo/ros2_learn/install/py01_launch/share/py01_launch/launch/py
[1.799s] copying py01_launch/launch/py/py07_event_launch.py -> /home/huangbo/ros2_learn/install/py01_launch/share/py01_launch/launch/py
[1.801s] copying py01_launch/launch/py/py06_group_launch.py -> /home/huangbo/ros2_learn/install/py01_launch/share/py01_launch/launch/py
[1.803s] copying py01_launch/launch/py/py02_node_launch.py -> /home/huangbo/ros2_learn/install/py01_launch/share/py01_launch/launch/py
[1.803s] copying py01_launch/launch/py/py01_helloword_launch.py -> /home/huangbo/ros2_learn/install/py01_launch/share/py01_launch/launch/py
[1.805s] copying py01_launch/launch/py/py03_cmd_launch.py -> /home/huangbo/ros2_learn/install/py01_launch/share/py01_launch/launch/py
[1.809s] creating /home/huangbo/ros2_learn/install/py01_launch/share/py01_launch/launch/xml
[1.809s] creating /home/huangbo/ros2_learn/install/py01_launch/share/py01_launch/launch/yaml
[1.811s] copying py01_launch/launch/yaml/yaml01_helloword_launch.yaml -> /home/huangbo/ros2_learn/install/py01_launch/share/py01_launch/launch/yaml
[1.812s] creating /home/huangbo/ros2_learn/install/py01_launch/share/py01_launch/config
[1.812s] copying py01_launch/config/turtle1.yaml -> /home/huangbo/ros2_learn/install/py01_launch/share/py01_launch/config
[1.815s] running install_egg_info
[1.847s] Copying ../../../build/py01_launch/py01_launch.egg-info to /home/huangbo/ros2_learn/install/py01_launch/lib/python3.12/site-packages/py01_launch-0.0.0-py3.12.egg-info
[1.851s] running install_scripts
[2.055s] Installing node_1 script to /home/huangbo/ros2_learn/install/py01_launch/lib/py01_launch
[2.056s] writing list of installed files to '/home/huangbo/ros2_learn/build/py01_launch/install.log'
[2.120s] Invoked command in '/home/huangbo/ros2_learn/tools_learn/src/py01_launch' returned '0': DEBUGINFOD_URLS=https://debuginfod.ubuntu.com PYTHONPATH=/home/huangbo/ros2_learn/build/py01_launch/prefix_override:/usr/lib/python3/dist-packages/colcon_core/task/python/colcon_distutils_commands:/home/huangbo/ros2_learn/install/py01_launch/lib/python3.12/site-packages:${PYTHONPATH} /usr/bin/python3 -W ignore:setup.py install is deprecated -W ignore:easy_install command is deprecated setup.py egg_info --egg-base ../../../build/py01_launch build --build-base /home/huangbo/ros2_learn/build/py01_launch/build install --record /home/huangbo/ros2_learn/build/py01_launch/install.log --install-scripts $base/lib/py01_launch --single-version-externally-managed install_data
