[0.129s] DEBUG:colcon:Command line arguments: ['/usr/bin/colcon', 'build']
[0.129s] DEBUG:colcon:Parsed command line arguments: Namespace(log_base=None, log_level=None, verb_name='build', build_base='build', install_base='install', merge_install=False, symlink_install=False, test_result_base=None, continue_on_error=False, executor='parallel', parallel_workers=2, event_handlers=None, ignore_user_meta=False, metas=['./colcon.meta'], base_paths=['.'], packages_ignore=None, packages_ignore_regex=None, paths=None, packages_up_to=None, packages_up_to_regex=None, packages_above=None, packages_above_and_dependencies=None, packages_above_depth=None, packages_select_by_dep=None, packages_skip_by_dep=None, packages_skip_up_to=None, packages_select_build_failed=False, packages_skip_build_finished=False, packages_select_test_failures=False, packages_skip_test_passed=False, packages_select=None, packages_skip=None, packages_select_regex=None, packages_skip_regex=None, packages_start=None, packages_end=None, allow_overriding=[], cmake_args=None, cmake_target=None, cmake_target_skip_unavailable=False, cmake_clean_cache=False, cmake_clean_first=False, cmake_force_configure=False, ament_cmake_args=None, catkin_cmake_args=None, catkin_skip_building_tests=False, mixin_files=None, mixin=None, verb_parser=<colcon_mixin.mixin.mixin_argument.MixinArgumentDecorator object at 0x7893370a05f0>, verb_extension=<colcon_core.verb.build.BuildVerb object at 0x78933702a1b0>, main=<bound method BuildVerb.main of <colcon_core.verb.build.BuildVerb object at 0x78933702a1b0>>, mixin_verb=('build',))
[0.185s] Level 1:colcon.colcon_core.package_discovery:discover_packages(colcon_meta) check parameters
[0.185s] Level 1:colcon.colcon_core.package_discovery:discover_packages(recursive) check parameters
[0.186s] Level 1:colcon.colcon_core.package_discovery:discover_packages(ignore) check parameters
[0.186s] Level 1:colcon.colcon_core.package_discovery:discover_packages(path) check parameters
[0.186s] Level 1:colcon.colcon_core.package_discovery:discover_packages(colcon_meta) discover
[0.186s] Level 1:colcon.colcon_core.package_discovery:discover_packages(recursive) discover
[0.186s] INFO:colcon.colcon_core.package_discovery:Crawling recursively for packages in '/home/huangbo/ros2_learn/tools_learn'
[0.186s] Level 1:colcon.colcon_core.package_identification:_identify(.) by extensions ['ignore', 'ignore_ament_install']
[0.186s] Level 1:colcon.colcon_core.package_identification:_identify(.) by extension 'ignore'
[0.186s] Level 1:colcon.colcon_core.package_identification:_identify(.) by extension 'ignore_ament_install'
[0.187s] Level 1:colcon.colcon_core.package_identification:_identify(.) by extensions ['colcon_pkg']
[0.187s] Level 1:colcon.colcon_core.package_identification:_identify(.) by extension 'colcon_pkg'
[0.187s] Level 1:colcon.colcon_core.package_identification:_identify(.) by extensions ['colcon_meta']
[0.187s] Level 1:colcon.colcon_core.package_identification:_identify(.) by extension 'colcon_meta'
[0.187s] Level 1:colcon.colcon_core.package_identification:_identify(.) by extensions ['ros']
[0.187s] Level 1:colcon.colcon_core.package_identification:_identify(.) by extension 'ros'
[0.218s] Level 1:colcon.colcon_core.package_identification:_identify(.) by extensions ['cmake', 'python']
[0.219s] Level 1:colcon.colcon_core.package_identification:_identify(.) by extension 'cmake'
[0.219s] Level 1:colcon.colcon_core.package_identification:_identify(.) by extension 'python'
[0.219s] Level 1:colcon.colcon_core.package_identification:_identify(.) by extensions ['python_setup_py']
[0.219s] Level 1:colcon.colcon_core.package_identification:_identify(.) by extension 'python_setup_py'
[0.219s] Level 1:colcon.colcon_core.package_identification:_identify(build) by extensions ['ignore', 'ignore_ament_install']
[0.219s] Level 1:colcon.colcon_core.package_identification:_identify(build) by extension 'ignore'
[0.219s] Level 1:colcon.colcon_core.package_identification:_identify(build) ignored
[0.219s] Level 1:colcon.colcon_core.package_identification:_identify(install) by extensions ['ignore', 'ignore_ament_install']
[0.219s] Level 1:colcon.colcon_core.package_identification:_identify(install) by extension 'ignore'
[0.219s] Level 1:colcon.colcon_core.package_identification:_identify(install) ignored
[0.220s] Level 1:colcon.colcon_core.package_identification:_identify(log) by extensions ['ignore', 'ignore_ament_install']
[0.220s] Level 1:colcon.colcon_core.package_identification:_identify(log) by extension 'ignore'
[0.220s] Level 1:colcon.colcon_core.package_identification:_identify(log) ignored
[0.220s] Level 1:colcon.colcon_core.package_identification:_identify(my_bag_py) by extensions ['ignore', 'ignore_ament_install']
[0.220s] Level 1:colcon.colcon_core.package_identification:_identify(my_bag_py) by extension 'ignore'
[0.220s] Level 1:colcon.colcon_core.package_identification:_identify(my_bag_py) by extension 'ignore_ament_install'
[0.220s] Level 1:colcon.colcon_core.package_identification:_identify(my_bag_py) by extensions ['colcon_pkg']
[0.220s] Level 1:colcon.colcon_core.package_identification:_identify(my_bag_py) by extension 'colcon_pkg'
[0.220s] Level 1:colcon.colcon_core.package_identification:_identify(my_bag_py) by extensions ['colcon_meta']
[0.220s] Level 1:colcon.colcon_core.package_identification:_identify(my_bag_py) by extension 'colcon_meta'
[0.220s] Level 1:colcon.colcon_core.package_identification:_identify(my_bag_py) by extensions ['ros']
[0.220s] Level 1:colcon.colcon_core.package_identification:_identify(my_bag_py) by extension 'ros'
[0.220s] Level 1:colcon.colcon_core.package_identification:_identify(my_bag_py) by extensions ['cmake', 'python']
[0.220s] Level 1:colcon.colcon_core.package_identification:_identify(my_bag_py) by extension 'cmake'
[0.221s] Level 1:colcon.colcon_core.package_identification:_identify(my_bag_py) by extension 'python'
[0.221s] Level 1:colcon.colcon_core.package_identification:_identify(my_bag_py) by extensions ['python_setup_py']
[0.221s] Level 1:colcon.colcon_core.package_identification:_identify(my_bag_py) by extension 'python_setup_py'
[0.221s] Level 1:colcon.colcon_core.package_identification:_identify(src) by extensions ['ignore', 'ignore_ament_install']
[0.221s] Level 1:colcon.colcon_core.package_identification:_identify(src) by extension 'ignore'
[0.221s] Level 1:colcon.colcon_core.package_identification:_identify(src) by extension 'ignore_ament_install'
[0.221s] Level 1:colcon.colcon_core.package_identification:_identify(src) by extensions ['colcon_pkg']
[0.221s] Level 1:colcon.colcon_core.package_identification:_identify(src) by extension 'colcon_pkg'
[0.221s] Level 1:colcon.colcon_core.package_identification:_identify(src) by extensions ['colcon_meta']
[0.221s] Level 1:colcon.colcon_core.package_identification:_identify(src) by extension 'colcon_meta'
[0.221s] Level 1:colcon.colcon_core.package_identification:_identify(src) by extensions ['ros']
[0.221s] Level 1:colcon.colcon_core.package_identification:_identify(src) by extension 'ros'
[0.221s] Level 1:colcon.colcon_core.package_identification:_identify(src) by extensions ['cmake', 'python']
[0.221s] Level 1:colcon.colcon_core.package_identification:_identify(src) by extension 'cmake'
[0.222s] Level 1:colcon.colcon_core.package_identification:_identify(src) by extension 'python'
[0.222s] Level 1:colcon.colcon_core.package_identification:_identify(src) by extensions ['python_setup_py']
[0.222s] Level 1:colcon.colcon_core.package_identification:_identify(src) by extension 'python_setup_py'
[0.222s] Level 1:colcon.colcon_core.package_identification:_identify(src/build) by extensions ['ignore', 'ignore_ament_install']
[0.222s] Level 1:colcon.colcon_core.package_identification:_identify(src/build) by extension 'ignore'
[0.222s] Level 1:colcon.colcon_core.package_identification:_identify(src/build) ignored
[0.222s] Level 1:colcon.colcon_core.package_identification:_identify(src/install) by extensions ['ignore', 'ignore_ament_install']
[0.222s] Level 1:colcon.colcon_core.package_identification:_identify(src/install) by extension 'ignore'
[0.222s] Level 1:colcon.colcon_core.package_identification:_identify(src/install) ignored
[0.222s] Level 1:colcon.colcon_core.package_identification:_identify(src/log) by extensions ['ignore', 'ignore_ament_install']
[0.222s] Level 1:colcon.colcon_core.package_identification:_identify(src/log) by extension 'ignore'
[0.222s] Level 1:colcon.colcon_core.package_identification:_identify(src/log) ignored
[0.222s] Level 1:colcon.colcon_core.package_identification:_identify(src/py01_launch) by extensions ['ignore', 'ignore_ament_install']
[0.223s] Level 1:colcon.colcon_core.package_identification:_identify(src/py01_launch) by extension 'ignore'
[0.223s] Level 1:colcon.colcon_core.package_identification:_identify(src/py01_launch) by extension 'ignore_ament_install'
[0.223s] Level 1:colcon.colcon_core.package_identification:_identify(src/py01_launch) by extensions ['colcon_pkg']
[0.223s] Level 1:colcon.colcon_core.package_identification:_identify(src/py01_launch) by extension 'colcon_pkg'
[0.223s] Level 1:colcon.colcon_core.package_identification:_identify(src/py01_launch) by extensions ['colcon_meta']
[0.223s] Level 1:colcon.colcon_core.package_identification:_identify(src/py01_launch) by extension 'colcon_meta'
[0.223s] Level 1:colcon.colcon_core.package_identification:_identify(src/py01_launch) by extensions ['ros']
[0.223s] Level 1:colcon.colcon_core.package_identification:_identify(src/py01_launch) by extension 'ros'
[0.225s] DEBUG:colcon.colcon_core.package_identification:Package 'src/py01_launch' with type 'ros.ament_python' and name 'py01_launch'
[0.225s] Level 1:colcon.colcon_core.package_identification:_identify(src/py02_rosbag) by extensions ['ignore', 'ignore_ament_install']
[0.226s] Level 1:colcon.colcon_core.package_identification:_identify(src/py02_rosbag) by extension 'ignore'
[0.226s] Level 1:colcon.colcon_core.package_identification:_identify(src/py02_rosbag) by extension 'ignore_ament_install'
[0.226s] Level 1:colcon.colcon_core.package_identification:_identify(src/py02_rosbag) by extensions ['colcon_pkg']
[0.226s] Level 1:colcon.colcon_core.package_identification:_identify(src/py02_rosbag) by extension 'colcon_pkg'
[0.226s] Level 1:colcon.colcon_core.package_identification:_identify(src/py02_rosbag) by extensions ['colcon_meta']
[0.226s] Level 1:colcon.colcon_core.package_identification:_identify(src/py02_rosbag) by extension 'colcon_meta'
[0.226s] Level 1:colcon.colcon_core.package_identification:_identify(src/py02_rosbag) by extensions ['ros']
[0.226s] Level 1:colcon.colcon_core.package_identification:_identify(src/py02_rosbag) by extension 'ros'
[0.227s] DEBUG:colcon.colcon_core.package_identification:Package 'src/py02_rosbag' with type 'ros.ament_python' and name 'py02_rosbag'
[0.227s] Level 1:colcon.colcon_core.package_identification:_identify(src/py03_broadcaster) by extensions ['ignore', 'ignore_ament_install']
[0.227s] Level 1:colcon.colcon_core.package_identification:_identify(src/py03_broadcaster) by extension 'ignore'
[0.227s] Level 1:colcon.colcon_core.package_identification:_identify(src/py03_broadcaster) by extension 'ignore_ament_install'
[0.227s] Level 1:colcon.colcon_core.package_identification:_identify(src/py03_broadcaster) by extensions ['colcon_pkg']
[0.227s] Level 1:colcon.colcon_core.package_identification:_identify(src/py03_broadcaster) by extension 'colcon_pkg'
[0.227s] Level 1:colcon.colcon_core.package_identification:_identify(src/py03_broadcaster) by extensions ['colcon_meta']
[0.227s] Level 1:colcon.colcon_core.package_identification:_identify(src/py03_broadcaster) by extension 'colcon_meta'
[0.227s] Level 1:colcon.colcon_core.package_identification:_identify(src/py03_broadcaster) by extensions ['ros']
[0.227s] Level 1:colcon.colcon_core.package_identification:_identify(src/py03_broadcaster) by extension 'ros'
[0.228s] DEBUG:colcon.colcon_core.package_identification:Package 'src/py03_broadcaster' with type 'ros.ament_python' and name 'py03_broadcaster'
[0.228s] Level 1:colcon.colcon_core.package_discovery:discover_packages(recursive) using defaults
[0.228s] Level 1:colcon.colcon_core.package_discovery:discover_packages(ignore) discover
[0.228s] Level 1:colcon.colcon_core.package_discovery:discover_packages(ignore) using defaults
[0.228s] Level 1:colcon.colcon_core.package_discovery:discover_packages(path) discover
[0.228s] Level 1:colcon.colcon_core.package_discovery:discover_packages(path) using defaults
[0.250s] Level 1:colcon.colcon_core.package_discovery:discover_packages(prefix_path) check parameters
[0.250s] Level 1:colcon.colcon_core.package_discovery:discover_packages(prefix_path) discover
[0.252s] DEBUG:colcon.colcon_installed_package_information.package_discovery:Found 2 installed packages in /home/huangbo/ros2_learn/tools_learn/install
[0.254s] DEBUG:colcon.colcon_installed_package_information.package_discovery:Found 289 installed packages in /opt/ros/jazzy
[0.256s] Level 1:colcon.colcon_core.package_discovery:discover_packages(prefix_path) using defaults
[0.302s] Level 5:colcon.colcon_core.verb:set package 'py01_launch' build argument 'cmake_args' from command line to 'None'
[0.302s] Level 5:colcon.colcon_core.verb:set package 'py01_launch' build argument 'cmake_target' from command line to 'None'
[0.303s] Level 5:colcon.colcon_core.verb:set package 'py01_launch' build argument 'cmake_target_skip_unavailable' from command line to 'False'
[0.303s] Level 5:colcon.colcon_core.verb:set package 'py01_launch' build argument 'cmake_clean_cache' from command line to 'False'
[0.303s] Level 5:colcon.colcon_core.verb:set package 'py01_launch' build argument 'cmake_clean_first' from command line to 'False'
[0.303s] Level 5:colcon.colcon_core.verb:set package 'py01_launch' build argument 'cmake_force_configure' from command line to 'False'
[0.303s] Level 5:colcon.colcon_core.verb:set package 'py01_launch' build argument 'ament_cmake_args' from command line to 'None'
[0.303s] Level 5:colcon.colcon_core.verb:set package 'py01_launch' build argument 'catkin_cmake_args' from command line to 'None'
[0.303s] Level 5:colcon.colcon_core.verb:set package 'py01_launch' build argument 'catkin_skip_building_tests' from command line to 'False'
[0.303s] DEBUG:colcon.colcon_core.verb:Building package 'py01_launch' with the following arguments: {'ament_cmake_args': None, 'build_base': '/home/huangbo/ros2_learn/tools_learn/build/py01_launch', 'catkin_cmake_args': None, 'catkin_skip_building_tests': False, 'cmake_args': None, 'cmake_clean_cache': False, 'cmake_clean_first': False, 'cmake_force_configure': False, 'cmake_target': None, 'cmake_target_skip_unavailable': False, 'install_base': '/home/huangbo/ros2_learn/tools_learn/install/py01_launch', 'merge_install': False, 'path': '/home/huangbo/ros2_learn/tools_learn/src/py01_launch', 'symlink_install': False, 'test_result_base': None}
[0.303s] Level 5:colcon.colcon_core.verb:set package 'py02_rosbag' build argument 'cmake_args' from command line to 'None'
[0.303s] Level 5:colcon.colcon_core.verb:set package 'py02_rosbag' build argument 'cmake_target' from command line to 'None'
[0.303s] Level 5:colcon.colcon_core.verb:set package 'py02_rosbag' build argument 'cmake_target_skip_unavailable' from command line to 'False'
[0.303s] Level 5:colcon.colcon_core.verb:set package 'py02_rosbag' build argument 'cmake_clean_cache' from command line to 'False'
[0.303s] Level 5:colcon.colcon_core.verb:set package 'py02_rosbag' build argument 'cmake_clean_first' from command line to 'False'
[0.303s] Level 5:colcon.colcon_core.verb:set package 'py02_rosbag' build argument 'cmake_force_configure' from command line to 'False'
[0.303s] Level 5:colcon.colcon_core.verb:set package 'py02_rosbag' build argument 'ament_cmake_args' from command line to 'None'
[0.303s] Level 5:colcon.colcon_core.verb:set package 'py02_rosbag' build argument 'catkin_cmake_args' from command line to 'None'
[0.303s] Level 5:colcon.colcon_core.verb:set package 'py02_rosbag' build argument 'catkin_skip_building_tests' from command line to 'False'
[0.303s] DEBUG:colcon.colcon_core.verb:Building package 'py02_rosbag' with the following arguments: {'ament_cmake_args': None, 'build_base': '/home/huangbo/ros2_learn/tools_learn/build/py02_rosbag', 'catkin_cmake_args': None, 'catkin_skip_building_tests': False, 'cmake_args': None, 'cmake_clean_cache': False, 'cmake_clean_first': False, 'cmake_force_configure': False, 'cmake_target': None, 'cmake_target_skip_unavailable': False, 'install_base': '/home/huangbo/ros2_learn/tools_learn/install/py02_rosbag', 'merge_install': False, 'path': '/home/huangbo/ros2_learn/tools_learn/src/py02_rosbag', 'symlink_install': False, 'test_result_base': None}
[0.304s] Level 5:colcon.colcon_core.verb:set package 'py03_broadcaster' build argument 'cmake_args' from command line to 'None'
[0.304s] Level 5:colcon.colcon_core.verb:set package 'py03_broadcaster' build argument 'cmake_target' from command line to 'None'
[0.304s] Level 5:colcon.colcon_core.verb:set package 'py03_broadcaster' build argument 'cmake_target_skip_unavailable' from command line to 'False'
[0.304s] Level 5:colcon.colcon_core.verb:set package 'py03_broadcaster' build argument 'cmake_clean_cache' from command line to 'False'
[0.304s] Level 5:colcon.colcon_core.verb:set package 'py03_broadcaster' build argument 'cmake_clean_first' from command line to 'False'
[0.304s] Level 5:colcon.colcon_core.verb:set package 'py03_broadcaster' build argument 'cmake_force_configure' from command line to 'False'
[0.304s] Level 5:colcon.colcon_core.verb:set package 'py03_broadcaster' build argument 'ament_cmake_args' from command line to 'None'
[0.304s] Level 5:colcon.colcon_core.verb:set package 'py03_broadcaster' build argument 'catkin_cmake_args' from command line to 'None'
[0.304s] Level 5:colcon.colcon_core.verb:set package 'py03_broadcaster' build argument 'catkin_skip_building_tests' from command line to 'False'
[0.304s] DEBUG:colcon.colcon_core.verb:Building package 'py03_broadcaster' with the following arguments: {'ament_cmake_args': None, 'build_base': '/home/huangbo/ros2_learn/tools_learn/build/py03_broadcaster', 'catkin_cmake_args': None, 'catkin_skip_building_tests': False, 'cmake_args': None, 'cmake_clean_cache': False, 'cmake_clean_first': False, 'cmake_force_configure': False, 'cmake_target': None, 'cmake_target_skip_unavailable': False, 'install_base': '/home/huangbo/ros2_learn/tools_learn/install/py03_broadcaster', 'merge_install': False, 'path': '/home/huangbo/ros2_learn/tools_learn/src/py03_broadcaster', 'symlink_install': False, 'test_result_base': None}
[0.304s] INFO:colcon.colcon_core.executor:Executing jobs using 'parallel' executor
[0.305s] DEBUG:colcon.colcon_parallel_executor.executor.parallel:run_until_complete
[0.306s] INFO:colcon.colcon_ros.task.ament_python.build:Building ROS package in '/home/huangbo/ros2_learn/tools_learn/src/py01_launch' with build type 'ament_python'
[0.306s] Level 1:colcon.colcon_core.shell:create_environment_hook('py01_launch', 'ament_prefix_path')
[0.309s] INFO:colcon.colcon_core.plugin_system:Skipping extension 'colcon_core.shell.bat': Not used on non-Windows systems
[0.309s] INFO:colcon.colcon_core.shell:Creating environment hook '/home/huangbo/ros2_learn/tools_learn/install/py01_launch/share/py01_launch/hook/ament_prefix_path.ps1'
[0.311s] INFO:colcon.colcon_core.shell:Creating environment descriptor '/home/huangbo/ros2_learn/tools_learn/install/py01_launch/share/py01_launch/hook/ament_prefix_path.dsv'
[0.313s] INFO:colcon.colcon_core.shell:Creating environment hook '/home/huangbo/ros2_learn/tools_learn/install/py01_launch/share/py01_launch/hook/ament_prefix_path.sh'
[0.314s] INFO:colcon.colcon_core.shell:Skip shell extension 'powershell' for command environment: Not usable outside of PowerShell
[0.314s] DEBUG:colcon.colcon_core.shell:Skip shell extension 'dsv' for command environment
[0.321s] INFO:colcon.colcon_ros.task.ament_python.build:Building ROS package in '/home/huangbo/ros2_learn/tools_learn/src/py02_rosbag' with build type 'ament_python'
[0.321s] Level 1:colcon.colcon_core.shell:create_environment_hook('py02_rosbag', 'ament_prefix_path')
[0.322s] INFO:colcon.colcon_core.shell:Creating environment hook '/home/huangbo/ros2_learn/tools_learn/install/py02_rosbag/share/py02_rosbag/hook/ament_prefix_path.ps1'
[0.324s] INFO:colcon.colcon_core.shell:Creating environment descriptor '/home/huangbo/ros2_learn/tools_learn/install/py02_rosbag/share/py02_rosbag/hook/ament_prefix_path.dsv'
[0.324s] INFO:colcon.colcon_core.shell:Creating environment hook '/home/huangbo/ros2_learn/tools_learn/install/py02_rosbag/share/py02_rosbag/hook/ament_prefix_path.sh'
[0.327s] INFO:colcon.colcon_core.shell:Skip shell extension 'powershell' for command environment: Not usable outside of PowerShell
[0.327s] DEBUG:colcon.colcon_core.shell:Skip shell extension 'dsv' for command environment
[0.644s] INFO:colcon.colcon_core.task.python.build:Building Python package in '/home/huangbo/ros2_learn/tools_learn/src/py01_launch'
[0.644s] INFO:colcon.colcon_core.shell:Skip shell extension 'powershell' for command environment: Not usable outside of PowerShell
[0.644s] DEBUG:colcon.colcon_core.shell:Skip shell extension 'dsv' for command environment
[0.901s] INFO:colcon.colcon_core.task.python.build:Building Python package in '/home/huangbo/ros2_learn/tools_learn/src/py02_rosbag'
[0.902s] INFO:colcon.colcon_core.shell:Skip shell extension 'powershell' for command environment: Not usable outside of PowerShell
[0.902s] DEBUG:colcon.colcon_core.shell:Skip shell extension 'dsv' for command environment
[1.593s] DEBUG:colcon.colcon_core.task.python.build:Available setuptools commands: setopt, symlink_data, bdist, develop, compile_catalog, bdist_dumb, install_egg_info, install_data, install, install_scripts, bdist_rpm, init_catalog, upload_docs, build_py, egg_info, build_scripts, register, install_lib, dist_info, test, editable_wheel, install_headers, rotate, build_clib, alias, saveopts, bdist_wheel, update_catalog, bdist_egg, upload, clean, extract_messages, check, build, sdist, easy_install, build_ext
[1.600s] DEBUG:colcon.colcon_core.event_handler.log_command:Invoking command in '/home/huangbo/ros2_learn/tools_learn/src/py02_rosbag': DEBUGINFOD_URLS=https://debuginfod.ubuntu.com PYTHONPATH=/home/huangbo/ros2_learn/tools_learn/build/py02_rosbag/prefix_override:/usr/lib/python3/dist-packages/colcon_core/task/python/colcon_distutils_commands:/home/huangbo/ros2_learn/tools_learn/install/py02_rosbag/lib/python3.12/site-packages:${PYTHONPATH} /usr/bin/python3 -W ignore:setup.py install is deprecated -W ignore:easy_install command is deprecated setup.py egg_info --egg-base ../../build/py02_rosbag build --build-base /home/huangbo/ros2_learn/tools_learn/build/py02_rosbag/build install --record /home/huangbo/ros2_learn/tools_learn/build/py02_rosbag/install.log --install-scripts $base/lib/py02_rosbag --single-version-externally-managed install_data
[1.676s] DEBUG:colcon.colcon_core.task.python.build:Available setuptools commands: setopt, symlink_data, bdist, develop, compile_catalog, bdist_dumb, install_egg_info, install_data, install, install_scripts, bdist_rpm, init_catalog, upload_docs, build_py, egg_info, build_scripts, register, install_lib, dist_info, test, editable_wheel, install_headers, rotate, build_clib, alias, saveopts, bdist_wheel, update_catalog, bdist_egg, upload, clean, extract_messages, check, build, sdist, easy_install, build_ext
[1.680s] DEBUG:colcon.colcon_core.event_handler.log_command:Invoking command in '/home/huangbo/ros2_learn/tools_learn/src/py01_launch': DEBUGINFOD_URLS=https://debuginfod.ubuntu.com PYTHONPATH=/home/huangbo/ros2_learn/tools_learn/build/py01_launch/prefix_override:/usr/lib/python3/dist-packages/colcon_core/task/python/colcon_distutils_commands:/home/huangbo/ros2_learn/tools_learn/install/py01_launch/lib/python3.12/site-packages:${PYTHONPATH} /usr/bin/python3 -W ignore:setup.py install is deprecated -W ignore:easy_install command is deprecated setup.py egg_info --egg-base ../../build/py01_launch build --build-base /home/huangbo/ros2_learn/tools_learn/build/py01_launch/build install --record /home/huangbo/ros2_learn/tools_learn/build/py01_launch/install.log --install-scripts $base/lib/py01_launch --single-version-externally-managed install_data
[2.277s] DEBUG:colcon.colcon_core.event_handler.log_command:Invoked command in '/home/huangbo/ros2_learn/tools_learn/src/py02_rosbag' returned '0': DEBUGINFOD_URLS=https://debuginfod.ubuntu.com PYTHONPATH=/home/huangbo/ros2_learn/tools_learn/build/py02_rosbag/prefix_override:/usr/lib/python3/dist-packages/colcon_core/task/python/colcon_distutils_commands:/home/huangbo/ros2_learn/tools_learn/install/py02_rosbag/lib/python3.12/site-packages:${PYTHONPATH} /usr/bin/python3 -W ignore:setup.py install is deprecated -W ignore:easy_install command is deprecated setup.py egg_info --egg-base ../../build/py02_rosbag build --build-base /home/huangbo/ros2_learn/tools_learn/build/py02_rosbag/build install --record /home/huangbo/ros2_learn/tools_learn/build/py02_rosbag/install.log --install-scripts $base/lib/py02_rosbag --single-version-externally-managed install_data
[2.278s] Level 1:colcon.colcon_core.environment:checking '/home/huangbo/ros2_learn/tools_learn/install/py02_rosbag' for CMake module files
[2.278s] Level 1:colcon.colcon_core.environment:checking '/home/huangbo/ros2_learn/tools_learn/install/py02_rosbag' for CMake config files
[2.286s] Level 1:colcon.colcon_core.environment:checking '/home/huangbo/ros2_learn/tools_learn/install/py02_rosbag/lib'
[2.287s] Level 1:colcon.colcon_core.environment:checking '/home/huangbo/ros2_learn/tools_learn/install/py02_rosbag/bin'
[2.287s] Level 1:colcon.colcon_core.environment:checking '/home/huangbo/ros2_learn/tools_learn/install/py02_rosbag/lib/pkgconfig/py02_rosbag.pc'
[2.287s] Level 1:colcon.colcon_core.environment:checking '/home/huangbo/ros2_learn/tools_learn/install/py02_rosbag/lib/python3.12/site-packages'
[2.287s] Level 1:colcon.colcon_core.shell:create_environment_hook('py02_rosbag', 'pythonpath')
[2.287s] INFO:colcon.colcon_core.shell:Creating environment hook '/home/huangbo/ros2_learn/tools_learn/install/py02_rosbag/share/py02_rosbag/hook/pythonpath.ps1'
[2.288s] INFO:colcon.colcon_core.shell:Creating environment descriptor '/home/huangbo/ros2_learn/tools_learn/install/py02_rosbag/share/py02_rosbag/hook/pythonpath.dsv'
[2.290s] INFO:colcon.colcon_core.shell:Creating environment hook '/home/huangbo/ros2_learn/tools_learn/install/py02_rosbag/share/py02_rosbag/hook/pythonpath.sh'
[2.294s] Level 1:colcon.colcon_core.environment:checking '/home/huangbo/ros2_learn/tools_learn/install/py02_rosbag/bin'
[2.295s] Level 1:colcon.colcon_core.environment:create_environment_scripts_only(py02_rosbag)
[2.295s] INFO:colcon.colcon_core.shell:Creating package script '/home/huangbo/ros2_learn/tools_learn/install/py02_rosbag/share/py02_rosbag/package.ps1'
[2.303s] INFO:colcon.colcon_core.shell:Creating package descriptor '/home/huangbo/ros2_learn/tools_learn/install/py02_rosbag/share/py02_rosbag/package.dsv'
[2.306s] INFO:colcon.colcon_core.shell:Creating package script '/home/huangbo/ros2_learn/tools_learn/install/py02_rosbag/share/py02_rosbag/package.sh'
[2.308s] INFO:colcon.colcon_core.shell:Creating package script '/home/huangbo/ros2_learn/tools_learn/install/py02_rosbag/share/py02_rosbag/package.bash'
[2.311s] INFO:colcon.colcon_core.shell:Creating package script '/home/huangbo/ros2_learn/tools_learn/install/py02_rosbag/share/py02_rosbag/package.zsh'
[2.313s] Level 1:colcon.colcon_core.environment:create_file_with_runtime_dependencies(/home/huangbo/ros2_learn/tools_learn/install/py02_rosbag/share/colcon-core/packages/py02_rosbag)
[2.314s] INFO:colcon.colcon_ros.task.ament_python.build:Building ROS package in '/home/huangbo/ros2_learn/tools_learn/src/py03_broadcaster' with build type 'ament_python'
[2.314s] Level 1:colcon.colcon_core.shell:create_environment_hook('py03_broadcaster', 'ament_prefix_path')
[2.314s] INFO:colcon.colcon_core.shell:Creating environment hook '/home/huangbo/ros2_learn/tools_learn/install/py03_broadcaster/share/py03_broadcaster/hook/ament_prefix_path.ps1'
[2.318s] INFO:colcon.colcon_core.shell:Creating environment descriptor '/home/huangbo/ros2_learn/tools_learn/install/py03_broadcaster/share/py03_broadcaster/hook/ament_prefix_path.dsv'
[2.319s] INFO:colcon.colcon_core.shell:Creating environment hook '/home/huangbo/ros2_learn/tools_learn/install/py03_broadcaster/share/py03_broadcaster/hook/ament_prefix_path.sh'
[2.319s] INFO:colcon.colcon_core.shell:Skip shell extension 'powershell' for command environment: Not usable outside of PowerShell
[2.319s] DEBUG:colcon.colcon_core.shell:Skip shell extension 'dsv' for command environment
[2.588s] INFO:colcon.colcon_core.task.python.build:Building Python package in '/home/huangbo/ros2_learn/tools_learn/src/py03_broadcaster'
[2.588s] INFO:colcon.colcon_core.shell:Skip shell extension 'powershell' for command environment: Not usable outside of PowerShell
[2.589s] DEBUG:colcon.colcon_core.shell:Skip shell extension 'dsv' for command environment
[2.595s] Level 1:colcon.colcon_core.environment:checking '/home/huangbo/ros2_learn/tools_learn/install/py01_launch' for CMake module files
[2.596s] Level 1:colcon.colcon_core.environment:checking '/home/huangbo/ros2_learn/tools_learn/install/py01_launch' for CMake config files
[2.597s] DEBUG:colcon.colcon_core.event_handler.log_command:Invoked command in '/home/huangbo/ros2_learn/tools_learn/src/py01_launch' returned '0': DEBUGINFOD_URLS=https://debuginfod.ubuntu.com PYTHONPATH=/home/huangbo/ros2_learn/tools_learn/build/py01_launch/prefix_override:/usr/lib/python3/dist-packages/colcon_core/task/python/colcon_distutils_commands:/home/huangbo/ros2_learn/tools_learn/install/py01_launch/lib/python3.12/site-packages:${PYTHONPATH} /usr/bin/python3 -W ignore:setup.py install is deprecated -W ignore:easy_install command is deprecated setup.py egg_info --egg-base ../../build/py01_launch build --build-base /home/huangbo/ros2_learn/tools_learn/build/py01_launch/build install --record /home/huangbo/ros2_learn/tools_learn/build/py01_launch/install.log --install-scripts $base/lib/py01_launch --single-version-externally-managed install_data
[2.598s] Level 1:colcon.colcon_core.environment:checking '/home/huangbo/ros2_learn/tools_learn/install/py01_launch/lib'
[2.599s] Level 1:colcon.colcon_core.environment:checking '/home/huangbo/ros2_learn/tools_learn/install/py01_launch/bin'
[2.599s] Level 1:colcon.colcon_core.environment:checking '/home/huangbo/ros2_learn/tools_learn/install/py01_launch/lib/pkgconfig/py01_launch.pc'
[2.599s] Level 1:colcon.colcon_core.environment:checking '/home/huangbo/ros2_learn/tools_learn/install/py01_launch/lib/python3.12/site-packages'
[2.599s] Level 1:colcon.colcon_core.shell:create_environment_hook('py01_launch', 'pythonpath')
[2.600s] INFO:colcon.colcon_core.shell:Creating environment hook '/home/huangbo/ros2_learn/tools_learn/install/py01_launch/share/py01_launch/hook/pythonpath.ps1'
[2.601s] INFO:colcon.colcon_core.shell:Creating environment descriptor '/home/huangbo/ros2_learn/tools_learn/install/py01_launch/share/py01_launch/hook/pythonpath.dsv'
[2.601s] INFO:colcon.colcon_core.shell:Creating environment hook '/home/huangbo/ros2_learn/tools_learn/install/py01_launch/share/py01_launch/hook/pythonpath.sh'
[2.602s] Level 1:colcon.colcon_core.environment:checking '/home/huangbo/ros2_learn/tools_learn/install/py01_launch/bin'
[2.602s] Level 1:colcon.colcon_core.environment:create_environment_scripts_only(py01_launch)
[2.602s] INFO:colcon.colcon_core.shell:Creating package script '/home/huangbo/ros2_learn/tools_learn/install/py01_launch/share/py01_launch/package.ps1'
[2.603s] INFO:colcon.colcon_core.shell:Creating package descriptor '/home/huangbo/ros2_learn/tools_learn/install/py01_launch/share/py01_launch/package.dsv'
[2.604s] INFO:colcon.colcon_core.shell:Creating package script '/home/huangbo/ros2_learn/tools_learn/install/py01_launch/share/py01_launch/package.sh'
[2.605s] INFO:colcon.colcon_core.shell:Creating package script '/home/huangbo/ros2_learn/tools_learn/install/py01_launch/share/py01_launch/package.bash'
[2.605s] INFO:colcon.colcon_core.shell:Creating package script '/home/huangbo/ros2_learn/tools_learn/install/py01_launch/share/py01_launch/package.zsh'
[2.606s] Level 1:colcon.colcon_core.environment:create_file_with_runtime_dependencies(/home/huangbo/ros2_learn/tools_learn/install/py01_launch/share/colcon-core/packages/py01_launch)
[3.309s] DEBUG:colcon.colcon_core.task.python.build:Available setuptools commands: setopt, symlink_data, bdist, develop, compile_catalog, bdist_dumb, install_egg_info, install_data, install, install_scripts, bdist_rpm, init_catalog, upload_docs, build_py, egg_info, build_scripts, register, install_lib, dist_info, test, editable_wheel, install_headers, rotate, build_clib, alias, saveopts, bdist_wheel, update_catalog, bdist_egg, upload, clean, extract_messages, check, build, sdist, easy_install, build_ext
[3.311s] DEBUG:colcon.colcon_core.event_handler.log_command:Invoking command in '/home/huangbo/ros2_learn/tools_learn/src/py03_broadcaster': DEBUGINFOD_URLS=https://debuginfod.ubuntu.com PYTHONPATH=/home/huangbo/ros2_learn/tools_learn/build/py03_broadcaster/prefix_override:/usr/lib/python3/dist-packages/colcon_core/task/python/colcon_distutils_commands:/home/huangbo/ros2_learn/tools_learn/install/py03_broadcaster/lib/python3.12/site-packages:${PYTHONPATH} /usr/bin/python3 -W ignore:setup.py install is deprecated -W ignore:easy_install command is deprecated setup.py egg_info --egg-base ../../build/py03_broadcaster build --build-base /home/huangbo/ros2_learn/tools_learn/build/py03_broadcaster/build install --record /home/huangbo/ros2_learn/tools_learn/build/py03_broadcaster/install.log --install-scripts $base/lib/py03_broadcaster --single-version-externally-managed install_data
[3.910s] Level 1:colcon.colcon_core.environment:checking '/home/huangbo/ros2_learn/tools_learn/install/py03_broadcaster' for CMake module files
[3.912s] Level 1:colcon.colcon_core.environment:checking '/home/huangbo/ros2_learn/tools_learn/install/py03_broadcaster' for CMake config files
[3.912s] Level 1:colcon.colcon_core.environment:checking '/home/huangbo/ros2_learn/tools_learn/install/py03_broadcaster/lib'
[3.912s] Level 1:colcon.colcon_core.environment:checking '/home/huangbo/ros2_learn/tools_learn/install/py03_broadcaster/bin'
[3.911s] DEBUG:colcon.colcon_core.event_handler.log_command:Invoked command in '/home/huangbo/ros2_learn/tools_learn/src/py03_broadcaster' returned '0': DEBUGINFOD_URLS=https://debuginfod.ubuntu.com PYTHONPATH=/home/huangbo/ros2_learn/tools_learn/build/py03_broadcaster/prefix_override:/usr/lib/python3/dist-packages/colcon_core/task/python/colcon_distutils_commands:/home/huangbo/ros2_learn/tools_learn/install/py03_broadcaster/lib/python3.12/site-packages:${PYTHONPATH} /usr/bin/python3 -W ignore:setup.py install is deprecated -W ignore:easy_install command is deprecated setup.py egg_info --egg-base ../../build/py03_broadcaster build --build-base /home/huangbo/ros2_learn/tools_learn/build/py03_broadcaster/build install --record /home/huangbo/ros2_learn/tools_learn/build/py03_broadcaster/install.log --install-scripts $base/lib/py03_broadcaster --single-version-externally-managed install_data
[3.913s] Level 1:colcon.colcon_core.environment:checking '/home/huangbo/ros2_learn/tools_learn/install/py03_broadcaster/lib/pkgconfig/py03_broadcaster.pc'
[3.913s] Level 1:colcon.colcon_core.environment:checking '/home/huangbo/ros2_learn/tools_learn/install/py03_broadcaster/lib/python3.12/site-packages'
[3.914s] Level 1:colcon.colcon_core.shell:create_environment_hook('py03_broadcaster', 'pythonpath')
[3.914s] INFO:colcon.colcon_core.shell:Creating environment hook '/home/huangbo/ros2_learn/tools_learn/install/py03_broadcaster/share/py03_broadcaster/hook/pythonpath.ps1'
[3.915s] INFO:colcon.colcon_core.shell:Creating environment descriptor '/home/huangbo/ros2_learn/tools_learn/install/py03_broadcaster/share/py03_broadcaster/hook/pythonpath.dsv'
[3.915s] INFO:colcon.colcon_core.shell:Creating environment hook '/home/huangbo/ros2_learn/tools_learn/install/py03_broadcaster/share/py03_broadcaster/hook/pythonpath.sh'
[3.916s] Level 1:colcon.colcon_core.environment:checking '/home/huangbo/ros2_learn/tools_learn/install/py03_broadcaster/bin'
[3.916s] Level 1:colcon.colcon_core.environment:create_environment_scripts_only(py03_broadcaster)
[3.916s] INFO:colcon.colcon_core.shell:Creating package script '/home/huangbo/ros2_learn/tools_learn/install/py03_broadcaster/share/py03_broadcaster/package.ps1'
[3.917s] INFO:colcon.colcon_core.shell:Creating package descriptor '/home/huangbo/ros2_learn/tools_learn/install/py03_broadcaster/share/py03_broadcaster/package.dsv'
[3.917s] INFO:colcon.colcon_core.shell:Creating package script '/home/huangbo/ros2_learn/tools_learn/install/py03_broadcaster/share/py03_broadcaster/package.sh'
[3.918s] INFO:colcon.colcon_core.shell:Creating package script '/home/huangbo/ros2_learn/tools_learn/install/py03_broadcaster/share/py03_broadcaster/package.bash'
[3.918s] INFO:colcon.colcon_core.shell:Creating package script '/home/huangbo/ros2_learn/tools_learn/install/py03_broadcaster/share/py03_broadcaster/package.zsh'
[3.919s] Level 1:colcon.colcon_core.environment:create_file_with_runtime_dependencies(/home/huangbo/ros2_learn/tools_learn/install/py03_broadcaster/share/colcon-core/packages/py03_broadcaster)
[3.919s] DEBUG:colcon.colcon_parallel_executor.executor.parallel:closing loop
[3.919s] DEBUG:colcon.colcon_parallel_executor.executor.parallel:loop closed
[3.920s] DEBUG:colcon.colcon_parallel_executor.executor.parallel:run_until_complete finished with '0'
[3.920s] DEBUG:colcon.colcon_core.event_reactor:joining thread
[3.921s] DEBUG:colcon.colcon_core.event_reactor:joined thread
[3.922s] INFO:colcon.colcon_core.shell:Creating prefix script '/home/huangbo/ros2_learn/tools_learn/install/local_setup.ps1'
[3.923s] INFO:colcon.colcon_core.shell:Creating prefix util module '/home/huangbo/ros2_learn/tools_learn/install/_local_setup_util_ps1.py'
[3.924s] INFO:colcon.colcon_core.shell:Creating prefix chain script '/home/huangbo/ros2_learn/tools_learn/install/setup.ps1'
[3.925s] INFO:colcon.colcon_core.shell:Creating prefix script '/home/huangbo/ros2_learn/tools_learn/install/local_setup.sh'
[3.926s] INFO:colcon.colcon_core.shell:Creating prefix util module '/home/huangbo/ros2_learn/tools_learn/install/_local_setup_util_sh.py'
[3.927s] INFO:colcon.colcon_core.shell:Creating prefix chain script '/home/huangbo/ros2_learn/tools_learn/install/setup.sh'
[3.929s] INFO:colcon.colcon_core.shell:Creating prefix script '/home/huangbo/ros2_learn/tools_learn/install/local_setup.bash'
[3.930s] INFO:colcon.colcon_core.shell:Creating prefix chain script '/home/huangbo/ros2_learn/tools_learn/install/setup.bash'
[3.932s] INFO:colcon.colcon_core.shell:Creating prefix script '/home/huangbo/ros2_learn/tools_learn/install/local_setup.zsh'
[3.933s] INFO:colcon.colcon_core.shell:Creating prefix chain script '/home/huangbo/ros2_learn/tools_learn/install/setup.zsh'
