[1.179s] Invoking command in '/home/huangbo/ros2_learn/tongxun_learn/src/py02_service': DEBUGINFOD_URLS=https://debuginfod.ubuntu.com PYTHONPATH=/home/huangbo/ros2_learn/tongxun_learn/build/py02_service/prefix_override:/usr/lib/python3/dist-packages/colcon_core/task/python/colcon_distutils_commands:/home/huangbo/ros2_learn/tongxun_learn/install/py02_service/lib/python3.12/site-packages:${PYTHONPATH} /usr/bin/python3 -W ignore:setup.py install is deprecated -W ignore:easy_install command is deprecated setup.py egg_info --egg-base ../../build/py02_service build --build-base /home/huangbo/ros2_learn/tongxun_learn/build/py02_service/build install --record /home/huangbo/ros2_learn/tongxun_learn/build/py02_service/install.log --install-scripts $base/lib/py02_service --single-version-externally-managed install_data
[1.572s] running egg_info
[1.593s] writing ../../build/py02_service/py02_service.egg-info/PKG-INFO
[1.596s] writing dependency_links to ../../build/py02_service/py02_service.egg-info/dependency_links.txt
[1.596s] writing entry points to ../../build/py02_service/py02_service.egg-info/entry_points.txt
[1.596s] writing requirements to ../../build/py02_service/py02_service.egg-info/requires.txt
[1.596s] writing top-level names to ../../build/py02_service/py02_service.egg-info/top_level.txt
[1.686s] reading manifest file '../../build/py02_service/py02_service.egg-info/SOURCES.txt'
[1.687s] writing manifest file '../../build/py02_service/py02_service.egg-info/SOURCES.txt'
[1.687s] running build
[1.687s] running build_py
[1.689s] running install
[1.694s] running install_lib
[1.721s] running install_data
[1.722s] running install_egg_info
[1.753s] removing '/home/huangbo/ros2_learn/tongxun_learn/install/py02_service/lib/python3.12/site-packages/py02_service-0.0.0-py3.12.egg-info' (and everything under it)
[1.755s] Copying ../../build/py02_service/py02_service.egg-info to /home/huangbo/ros2_learn/tongxun_learn/install/py02_service/lib/python3.12/site-packages/py02_service-0.0.0-py3.12.egg-info
[1.755s] running install_scripts
[2.023s] Installing demo01_server_py script to /home/huangbo/ros2_learn/tongxun_learn/install/py02_service/lib/py02_service
[2.027s] Installing demo02_client_py script to /home/huangbo/ros2_learn/tongxun_learn/install/py02_service/lib/py02_service
[2.027s] writing list of installed files to '/home/huangbo/ros2_learn/tongxun_learn/build/py02_service/install.log'
[2.138s] Invoked command in '/home/huangbo/ros2_learn/tongxun_learn/src/py02_service' returned '0': DEBUGINFOD_URLS=https://debuginfod.ubuntu.com PYTHONPATH=/home/huangbo/ros2_learn/tongxun_learn/build/py02_service/prefix_override:/usr/lib/python3/dist-packages/colcon_core/task/python/colcon_distutils_commands:/home/huangbo/ros2_learn/tongxun_learn/install/py02_service/lib/python3.12/site-packages:${PYTHONPATH} /usr/bin/python3 -W ignore:setup.py install is deprecated -W ignore:easy_install command is deprecated setup.py egg_info --egg-base ../../build/py02_service build --build-base /home/huangbo/ros2_learn/tongxun_learn/build/py02_service/build install --record /home/huangbo/ros2_learn/tongxun_learn/build/py02_service/install.log --install-scripts $base/lib/py02_service --single-version-externally-managed install_data
