[0.934s] Invoking command in '/home/huangbo/ros2_learn/tools_learn/src/py01_launch': DEBUGINFOD_URLS=https://debuginfod.ubuntu.com PYTHONPATH=/home/huangbo/ros2_learn/tools_learn/build/py01_launch/prefix_override:/usr/lib/python3/dist-packages/colcon_core/task/python/colcon_distutils_commands:/home/huangbo/ros2_learn/tools_learn/install/py01_launch/lib/python3.12/site-packages:${PYTHONPATH} /usr/bin/python3 -W ignore:setup.py install is deprecated -W ignore:easy_install command is deprecated setup.py egg_info --egg-base ../../build/py01_launch build --build-base /home/huangbo/ros2_learn/tools_learn/build/py01_launch/build install --record /home/huangbo/ros2_learn/tools_learn/build/py01_launch/install.log --install-scripts $base/lib/py01_launch --single-version-externally-managed install_data
[1.216s] running egg_info
[1.236s] writing ../../build/py01_launch/py01_launch.egg-info/PKG-INFO
[1.238s] writing dependency_links to ../../build/py01_launch/py01_launch.egg-info/dependency_links.txt
[1.240s] writing entry points to ../../build/py01_launch/py01_launch.egg-info/entry_points.txt
[1.242s] writing requirements to ../../build/py01_launch/py01_launch.egg-info/requires.txt
[1.243s] writing top-level names to ../../build/py01_launch/py01_launch.egg-info/top_level.txt
[1.285s] reading manifest file '../../build/py01_launch/py01_launch.egg-info/SOURCES.txt'
[1.286s] writing manifest file '../../build/py01_launch/py01_launch.egg-info/SOURCES.txt'
[1.287s] running build
[1.287s] running build_py
[1.288s] running install
[1.294s] running install_lib
[1.316s] running install_data
[1.317s] copying py01_launch/launch/py/py04_args_launch.py -> /home/huangbo/ros2_learn/tools_learn/install/py01_launch/share/py01_launch
[1.318s] copying py01_launch/launch/py/py05_include_launch.py -> /home/huangbo/ros2_learn/tools_learn/install/py01_launch/share/py01_launch
[1.319s] running install_egg_info
[1.342s] removing '/home/huangbo/ros2_learn/tools_learn/install/py01_launch/lib/python3.12/site-packages/py01_launch-0.0.0-py3.12.egg-info' (and everything under it)
[1.348s] Copying ../../build/py01_launch/py01_launch.egg-info to /home/huangbo/ros2_learn/tools_learn/install/py01_launch/lib/python3.12/site-packages/py01_launch-0.0.0-py3.12.egg-info
[1.355s] running install_scripts
[1.493s] Installing node_1 script to /home/huangbo/ros2_learn/tools_learn/install/py01_launch/lib/py01_launch
[1.494s] writing list of installed files to '/home/huangbo/ros2_learn/tools_learn/build/py01_launch/install.log'
[1.530s] Invoked command in '/home/huangbo/ros2_learn/tools_learn/src/py01_launch' returned '0': DEBUGINFOD_URLS=https://debuginfod.ubuntu.com PYTHONPATH=/home/huangbo/ros2_learn/tools_learn/build/py01_launch/prefix_override:/usr/lib/python3/dist-packages/colcon_core/task/python/colcon_distutils_commands:/home/huangbo/ros2_learn/tools_learn/install/py01_launch/lib/python3.12/site-packages:${PYTHONPATH} /usr/bin/python3 -W ignore:setup.py install is deprecated -W ignore:easy_install command is deprecated setup.py egg_info --egg-base ../../build/py01_launch build --build-base /home/huangbo/ros2_learn/tools_learn/build/py01_launch/build install --record /home/huangbo/ros2_learn/tools_learn/build/py01_launch/install.log --install-scripts $base/lib/py01_launch --single-version-externally-managed install_data
