[2.994s] Invoking command in '/home/huangbo/ros2_learn/tongxun_learn/src/py02_service': DEBUGINFOD_URLS=https://debuginfod.ubuntu.com PYTHONPATH=/home/huangbo/ros2_learn/tongxun_learn/build/py02_service/prefix_override:/usr/lib/python3/dist-packages/colcon_core/task/python/colcon_distutils_commands:/home/huangbo/ros2_learn/tongxun_learn/install/py02_service/lib/python3.12/site-packages:${PYTHONPATH} /usr/bin/python3 -W ignore:setup.py install is deprecated -W ignore:easy_install command is deprecated setup.py egg_info --egg-base ../../build/py02_service build --build-base /home/huangbo/ros2_learn/tongxun_learn/build/py02_service/build install --record /home/huangbo/ros2_learn/tongxun_learn/build/py02_service/install.log --install-scripts $base/lib/py02_service --single-version-externally-managed install_data
[3.726s] running egg_info
[3.750s] writing ../../build/py02_service/py02_service.egg-info/PKG-INFO
[3.752s] writing dependency_links to ../../build/py02_service/py02_service.egg-info/dependency_links.txt
[3.754s] writing entry points to ../../build/py02_service/py02_service.egg-info/entry_points.txt
[3.754s] writing requirements to ../../build/py02_service/py02_service.egg-info/requires.txt
[3.756s] writing top-level names to ../../build/py02_service/py02_service.egg-info/top_level.txt
[3.851s] reading manifest file '../../build/py02_service/py02_service.egg-info/SOURCES.txt'
[3.854s] writing manifest file '../../build/py02_service/py02_service.egg-info/SOURCES.txt'
[3.855s] running build
[3.855s] running build_py
[3.855s] running install
[3.864s] running install_lib
[3.891s] running install_data
[3.891s] running install_egg_info
[3.978s] removing '/home/huangbo/ros2_learn/tongxun_learn/install/py02_service/lib/python3.12/site-packages/py02_service-0.0.0-py3.12.egg-info' (and everything under it)
[3.980s] Copying ../../build/py02_service/py02_service.egg-info to /home/huangbo/ros2_learn/tongxun_learn/install/py02_service/lib/python3.12/site-packages/py02_service-0.0.0-py3.12.egg-info
[3.985s] running install_scripts
[4.338s] Installing demo01_server_py script to /home/huangbo/ros2_learn/tongxun_learn/install/py02_service/lib/py02_service
[4.339s] Installing demo02_client_py script to /home/huangbo/ros2_learn/tongxun_learn/install/py02_service/lib/py02_service
[4.340s] writing list of installed files to '/home/huangbo/ros2_learn/tongxun_learn/build/py02_service/install.log'
[4.384s] Invoked command in '/home/huangbo/ros2_learn/tongxun_learn/src/py02_service' returned '0': DEBUGINFOD_URLS=https://debuginfod.ubuntu.com PYTHONPATH=/home/huangbo/ros2_learn/tongxun_learn/build/py02_service/prefix_override:/usr/lib/python3/dist-packages/colcon_core/task/python/colcon_distutils_commands:/home/huangbo/ros2_learn/tongxun_learn/install/py02_service/lib/python3.12/site-packages:${PYTHONPATH} /usr/bin/python3 -W ignore:setup.py install is deprecated -W ignore:easy_install command is deprecated setup.py egg_info --egg-base ../../build/py02_service build --build-base /home/huangbo/ros2_learn/tongxun_learn/build/py02_service/build install --record /home/huangbo/ros2_learn/tongxun_learn/build/py02_service/install.log --install-scripts $base/lib/py02_service --single-version-externally-managed install_data
