running egg_info
writing ../../build/py06_urdf/py06_urdf.egg-info/PKG-INFO
writing dependency_links to ../../build/py06_urdf/py06_urdf.egg-info/dependency_links.txt
writing requirements to ../../build/py06_urdf/py06_urdf.egg-info/requires.txt
writing top-level names to ../../build/py06_urdf/py06_urdf.egg-info/top_level.txt
reading manifest file '../../build/py06_urdf/py06_urdf.egg-info/SOURCES.txt'
writing manifest file '../../build/py06_urdf/py06_urdf.egg-info/SOURCES.txt'
running build
running build_py
running install
running install_lib
running install_data
copying package.xml -> /home/huangbo/ros2_learn/tools_learn/install/py06_urdf/share/py06_urdf
copying launch/gazebo.launch.py -> /home/huangbo/ros2_learn/tools_learn/install/py06_urdf/share/py06_urdf/launch
copying urdf/xacro/car_gazebo.urdf.xacro -> /home/huangbo/ros2_learn/tools_learn/install/py06_urdf/share/py06_urdf/urdf/xacro
running install_egg_info
removing '/home/huangbo/ros2_learn/tools_learn/install/py06_urdf/lib/python3.12/site-packages/py06_urdf-0.0.0-py3.12.egg-info' (and everything under it)
Copying ../../build/py06_urdf/py06_urdf.egg-info to /home/huangbo/ros2_learn/tools_learn/install/py06_urdf/lib/python3.12/site-packages/py06_urdf-0.0.0-py3.12.egg-info
running install_scripts
writing list of installed files to '/home/huangbo/ros2_learn/tools_learn/build/py06_urdf/install.log'
