[1.189s] Invoking command in '/home/huangbo/ros2_learn/tongxun_learn/src/py01_topic': AMENT_PREFIX_PATH=/home/huangbo/ros2_learn/tongxun_learn/src/install/student_interfaces:${AMENT_PREFIX_PATH} CMAKE_PREFIX_PATH=/home/huangbo/ros2_learn/tongxun_learn/src/install/student_interfaces:${CMAKE_PREFIX_PATH} DEBUGINFOD_URLS=https://debuginfod.ubuntu.com LD_LIBRARY_PATH=/home/huangbo/ros2_learn/tongxun_learn/src/install/student_interfaces/lib:${LD_LIBRARY_PATH} PYTHONPATH=/home/huangbo/ros2_learn/tongxun_learn/src/build/py01_topic/prefix_override:/usr/lib/python3/dist-packages/colcon_core/task/python/colcon_distutils_commands:/home/huangbo/ros2_learn/tongxun_learn/src/install/py01_topic/lib/python3.12/site-packages:/home/huangbo/ros2_learn/tongxun_learn/src/install/student_interfaces/lib/python3.12/site-packages:${PYTHONPATH} /usr/bin/python3 -W ignore:setup.py install is deprecated -W ignore:easy_install command is deprecated setup.py egg_info --egg-base ../build/py01_topic build --build-base /home/huangbo/ros2_learn/tongxun_learn/src/build/py01_topic/build install --record /home/huangbo/ros2_learn/tongxun_learn/src/build/py01_topic/install.log --install-scripts $base/lib/py01_topic --single-version-externally-managed install_data
[1.510s] running egg_info
[1.538s] writing ../build/py01_topic/py01_topic.egg-info/PKG-INFO
[1.539s] writing dependency_links to ../build/py01_topic/py01_topic.egg-info/dependency_links.txt
[1.540s] writing entry points to ../build/py01_topic/py01_topic.egg-info/entry_points.txt
[1.541s] writing requirements to ../build/py01_topic/py01_topic.egg-info/requires.txt
[1.541s] writing top-level names to ../build/py01_topic/py01_topic.egg-info/top_level.txt
[1.587s] reading manifest file '../build/py01_topic/py01_topic.egg-info/SOURCES.txt'
[1.588s] writing manifest file '../build/py01_topic/py01_topic.egg-info/SOURCES.txt'
[1.589s] running build
[1.589s] running build_py
[1.590s] copying py01_topic/student_listener_py.py -> /home/huangbo/ros2_learn/tongxun_learn/src/build/py01_topic/build/lib/py01_topic
[1.591s] copying py01_topic/addints_client_py.py -> /home/huangbo/ros2_learn/tongxun_learn/src/build/py01_topic/build/lib/py01_topic
[1.591s] copying py01_topic/demo01_talker_str_py.py -> /home/huangbo/ros2_learn/tongxun_learn/src/build/py01_topic/build/lib/py01_topic
[1.592s] copying py01_topic/demo02_listrner_str_py.py -> /home/huangbo/ros2_learn/tongxun_learn/src/build/py01_topic/build/lib/py01_topic
[1.592s] copying py01_topic/student_talker_py.py -> /home/huangbo/ros2_learn/tongxun_learn/src/build/py01_topic/build/lib/py01_topic
[1.593s] copying py01_topic/addints_server_py.py -> /home/huangbo/ros2_learn/tongxun_learn/src/build/py01_topic/build/lib/py01_topic
[1.593s] running install
[1.600s] running install_lib
[1.626s] copying /home/huangbo/ros2_learn/tongxun_learn/src/build/py01_topic/build/lib/py01_topic/student_listener_py.py -> /home/huangbo/ros2_learn/tongxun_learn/src/install/py01_topic/lib/python3.12/site-packages/py01_topic
[1.626s] copying /home/huangbo/ros2_learn/tongxun_learn/src/build/py01_topic/build/lib/py01_topic/addints_client_py.py -> /home/huangbo/ros2_learn/tongxun_learn/src/install/py01_topic/lib/python3.12/site-packages/py01_topic
[1.627s] copying /home/huangbo/ros2_learn/tongxun_learn/src/build/py01_topic/build/lib/py01_topic/demo01_talker_str_py.py -> /home/huangbo/ros2_learn/tongxun_learn/src/install/py01_topic/lib/python3.12/site-packages/py01_topic
[1.627s] copying /home/huangbo/ros2_learn/tongxun_learn/src/build/py01_topic/build/lib/py01_topic/demo02_listrner_str_py.py -> /home/huangbo/ros2_learn/tongxun_learn/src/install/py01_topic/lib/python3.12/site-packages/py01_topic
[1.627s] copying /home/huangbo/ros2_learn/tongxun_learn/src/build/py01_topic/build/lib/py01_topic/student_talker_py.py -> /home/huangbo/ros2_learn/tongxun_learn/src/install/py01_topic/lib/python3.12/site-packages/py01_topic
[1.627s] copying /home/huangbo/ros2_learn/tongxun_learn/src/build/py01_topic/build/lib/py01_topic/addints_server_py.py -> /home/huangbo/ros2_learn/tongxun_learn/src/install/py01_topic/lib/python3.12/site-packages/py01_topic
[1.627s] byte-compiling /home/huangbo/ros2_learn/tongxun_learn/src/install/py01_topic/lib/python3.12/site-packages/py01_topic/student_listener_py.py to student_listener_py.cpython-312.pyc
[1.628s] byte-compiling /home/huangbo/ros2_learn/tongxun_learn/src/install/py01_topic/lib/python3.12/site-packages/py01_topic/addints_client_py.py to addints_client_py.cpython-312.pyc
[1.629s] byte-compiling /home/huangbo/ros2_learn/tongxun_learn/src/install/py01_topic/lib/python3.12/site-packages/py01_topic/demo01_talker_str_py.py to demo01_talker_str_py.cpython-312.pyc
[1.630s] byte-compiling /home/huangbo/ros2_learn/tongxun_learn/src/install/py01_topic/lib/python3.12/site-packages/py01_topic/demo02_listrner_str_py.py to demo02_listrner_str_py.cpython-312.pyc
[1.631s] byte-compiling /home/huangbo/ros2_learn/tongxun_learn/src/install/py01_topic/lib/python3.12/site-packages/py01_topic/student_talker_py.py to student_talker_py.cpython-312.pyc
[1.632s] byte-compiling /home/huangbo/ros2_learn/tongxun_learn/src/install/py01_topic/lib/python3.12/site-packages/py01_topic/addints_server_py.py to addints_server_py.cpython-312.pyc
[1.633s] running install_data
[1.633s] copying package.xml -> /home/huangbo/ros2_learn/tongxun_learn/src/install/py01_topic/share/py01_topic
[1.634s] running install_egg_info
[1.659s] removing '/home/huangbo/ros2_learn/tongxun_learn/src/install/py01_topic/lib/python3.12/site-packages/py01_topic-0.0.0-py3.12.egg-info' (and everything under it)
[1.660s] Copying ../build/py01_topic/py01_topic.egg-info to /home/huangbo/ros2_learn/tongxun_learn/src/install/py01_topic/lib/python3.12/site-packages/py01_topic-0.0.0-py3.12.egg-info
[1.664s] running install_scripts
[1.844s] Installing addints_client_py script to /home/huangbo/ros2_learn/tongxun_learn/src/install/py01_topic/lib/py01_topic
[1.844s] Installing addints_server_py script to /home/huangbo/ros2_learn/tongxun_learn/src/install/py01_topic/lib/py01_topic
[1.845s] Installing demo01_talker_str_py script to /home/huangbo/ros2_learn/tongxun_learn/src/install/py01_topic/lib/py01_topic
[1.845s] Installing demo02_listener_str_py script to /home/huangbo/ros2_learn/tongxun_learn/src/install/py01_topic/lib/py01_topic
[1.845s] Installing student_listener_py script to /home/huangbo/ros2_learn/tongxun_learn/src/install/py01_topic/lib/py01_topic
[1.845s] Installing student_talker_py script to /home/huangbo/ros2_learn/tongxun_learn/src/install/py01_topic/lib/py01_topic
[1.845s] writing list of installed files to '/home/huangbo/ros2_learn/tongxun_learn/src/build/py01_topic/install.log'
[1.922s] Invoked command in '/home/huangbo/ros2_learn/tongxun_learn/src/py01_topic' returned '0': AMENT_PREFIX_PATH=/home/huangbo/ros2_learn/tongxun_learn/src/install/student_interfaces:${AMENT_PREFIX_PATH} CMAKE_PREFIX_PATH=/home/huangbo/ros2_learn/tongxun_learn/src/install/student_interfaces:${CMAKE_PREFIX_PATH} DEBUGINFOD_URLS=https://debuginfod.ubuntu.com LD_LIBRARY_PATH=/home/huangbo/ros2_learn/tongxun_learn/src/install/student_interfaces/lib:${LD_LIBRARY_PATH} PYTHONPATH=/home/huangbo/ros2_learn/tongxun_learn/src/build/py01_topic/prefix_override:/usr/lib/python3/dist-packages/colcon_core/task/python/colcon_distutils_commands:/home/huangbo/ros2_learn/tongxun_learn/src/install/py01_topic/lib/python3.12/site-packages:/home/huangbo/ros2_learn/tongxun_learn/src/install/student_interfaces/lib/python3.12/site-packages:${PYTHONPATH} /usr/bin/python3 -W ignore:setup.py install is deprecated -W ignore:easy_install command is deprecated setup.py egg_info --egg-base ../build/py01_topic build --build-base /home/huangbo/ros2_learn/tongxun_learn/src/build/py01_topic/build install --record /home/huangbo/ros2_learn/tongxun_learn/src/build/py01_topic/install.log --install-scripts $base/lib/py01_topic --single-version-externally-managed install_data
