[0.239s] DEBUG:colcon:Command line arguments: ['/usr/bin/colcon', 'build']
[0.239s] DEBUG:colcon:Parsed command line arguments: Namespace(log_base=None, log_level=None, verb_name='build', build_base='build', install_base='install', merge_install=False, symlink_install=False, test_result_base=None, continue_on_error=False, executor='parallel', parallel_workers=2, event_handlers=None, ignore_user_meta=False, metas=['./colcon.meta'], base_paths=['.'], packages_ignore=None, packages_ignore_regex=None, paths=None, packages_up_to=None, packages_up_to_regex=None, packages_above=None, packages_above_and_dependencies=None, packages_above_depth=None, packages_select_by_dep=None, packages_skip_by_dep=None, packages_skip_up_to=None, packages_select_build_failed=False, packages_skip_build_finished=False, packages_select_test_failures=False, packages_skip_test_passed=False, packages_select=None, packages_skip=None, packages_select_regex=None, packages_skip_regex=None, packages_start=None, packages_end=None, allow_overriding=[], cmake_args=None, cmake_target=None, cmake_target_skip_unavailable=False, cmake_clean_cache=False, cmake_clean_first=False, cmake_force_configure=False, ament_cmake_args=None, catkin_cmake_args=None, catkin_skip_building_tests=False, mixin_files=None, mixin=None, verb_parser=<colcon_mixin.mixin.mixin_argument.MixinArgumentDecorator object at 0x7750800944d0>, verb_extension=<colcon_core.verb.build.BuildVerb object at 0x77508001a270>, main=<bound method BuildVerb.main of <colcon_core.verb.build.BuildVerb object at 0x77508001a270>>, mixin_verb=('build',))
[0.315s] Level 1:colcon.colcon_core.package_discovery:discover_packages(colcon_meta) check parameters
[0.316s] Level 1:colcon.colcon_core.package_discovery:discover_packages(recursive) check parameters
[0.316s] Level 1:colcon.colcon_core.package_discovery:discover_packages(ignore) check parameters
[0.316s] Level 1:colcon.colcon_core.package_discovery:discover_packages(path) check parameters
[0.316s] Level 1:colcon.colcon_core.package_discovery:discover_packages(colcon_meta) discover
[0.316s] Level 1:colcon.colcon_core.package_discovery:discover_packages(recursive) discover
[0.316s] INFO:colcon.colcon_core.package_discovery:Crawling recursively for packages in '/home/huangbo/ros2_learn/tools_learn'
[0.316s] Level 1:colcon.colcon_core.package_identification:_identify(.) by extensions ['ignore', 'ignore_ament_install']
[0.316s] Level 1:colcon.colcon_core.package_identification:_identify(.) by extension 'ignore'
[0.317s] Level 1:colcon.colcon_core.package_identification:_identify(.) by extension 'ignore_ament_install'
[0.317s] Level 1:colcon.colcon_core.package_identification:_identify(.) by extensions ['colcon_pkg']
[0.317s] Level 1:colcon.colcon_core.package_identification:_identify(.) by extension 'colcon_pkg'
[0.318s] Level 1:colcon.colcon_core.package_identification:_identify(.) by extensions ['colcon_meta']
[0.318s] Level 1:colcon.colcon_core.package_identification:_identify(.) by extension 'colcon_meta'
[0.318s] Level 1:colcon.colcon_core.package_identification:_identify(.) by extensions ['ros']
[0.318s] Level 1:colcon.colcon_core.package_identification:_identify(.) by extension 'ros'
[0.363s] Level 1:colcon.colcon_core.package_identification:_identify(.) by extensions ['cmake', 'python']
[0.363s] Level 1:colcon.colcon_core.package_identification:_identify(.) by extension 'cmake'
[0.364s] Level 1:colcon.colcon_core.package_identification:_identify(.) by extension 'python'
[0.364s] Level 1:colcon.colcon_core.package_identification:_identify(.) by extensions ['python_setup_py']
[0.364s] Level 1:colcon.colcon_core.package_identification:_identify(.) by extension 'python_setup_py'
[0.364s] Level 1:colcon.colcon_core.package_identification:_identify(build) by extensions ['ignore', 'ignore_ament_install']
[0.364s] Level 1:colcon.colcon_core.package_identification:_identify(build) by extension 'ignore'
[0.365s] Level 1:colcon.colcon_core.package_identification:_identify(build) ignored
[0.365s] Level 1:colcon.colcon_core.package_identification:_identify(install) by extensions ['ignore', 'ignore_ament_install']
[0.365s] Level 1:colcon.colcon_core.package_identification:_identify(install) by extension 'ignore'
[0.365s] Level 1:colcon.colcon_core.package_identification:_identify(install) ignored
[0.365s] Level 1:colcon.colcon_core.package_identification:_identify(log) by extensions ['ignore', 'ignore_ament_install']
[0.366s] Level 1:colcon.colcon_core.package_identification:_identify(log) by extension 'ignore'
[0.366s] Level 1:colcon.colcon_core.package_identification:_identify(log) ignored
[0.366s] Level 1:colcon.colcon_core.package_identification:_identify(my_bag_py) by extensions ['ignore', 'ignore_ament_install']
[0.366s] Level 1:colcon.colcon_core.package_identification:_identify(my_bag_py) by extension 'ignore'
[0.366s] Level 1:colcon.colcon_core.package_identification:_identify(my_bag_py) by extension 'ignore_ament_install'
[0.367s] Level 1:colcon.colcon_core.package_identification:_identify(my_bag_py) by extensions ['colcon_pkg']
[0.367s] Level 1:colcon.colcon_core.package_identification:_identify(my_bag_py) by extension 'colcon_pkg'
[0.367s] Level 1:colcon.colcon_core.package_identification:_identify(my_bag_py) by extensions ['colcon_meta']
[0.367s] Level 1:colcon.colcon_core.package_identification:_identify(my_bag_py) by extension 'colcon_meta'
[0.367s] Level 1:colcon.colcon_core.package_identification:_identify(my_bag_py) by extensions ['ros']
[0.367s] Level 1:colcon.colcon_core.package_identification:_identify(my_bag_py) by extension 'ros'
[0.367s] Level 1:colcon.colcon_core.package_identification:_identify(my_bag_py) by extensions ['cmake', 'python']
[0.367s] Level 1:colcon.colcon_core.package_identification:_identify(my_bag_py) by extension 'cmake'
[0.368s] Level 1:colcon.colcon_core.package_identification:_identify(my_bag_py) by extension 'python'
[0.368s] Level 1:colcon.colcon_core.package_identification:_identify(my_bag_py) by extensions ['python_setup_py']
[0.368s] Level 1:colcon.colcon_core.package_identification:_identify(my_bag_py) by extension 'python_setup_py'
[0.368s] Level 1:colcon.colcon_core.package_identification:_identify(src) by extensions ['ignore', 'ignore_ament_install']
[0.368s] Level 1:colcon.colcon_core.package_identification:_identify(src) by extension 'ignore'
[0.368s] Level 1:colcon.colcon_core.package_identification:_identify(src) by extension 'ignore_ament_install'
[0.369s] Level 1:colcon.colcon_core.package_identification:_identify(src) by extensions ['colcon_pkg']
[0.369s] Level 1:colcon.colcon_core.package_identification:_identify(src) by extension 'colcon_pkg'
[0.369s] Level 1:colcon.colcon_core.package_identification:_identify(src) by extensions ['colcon_meta']
[0.369s] Level 1:colcon.colcon_core.package_identification:_identify(src) by extension 'colcon_meta'
[0.369s] Level 1:colcon.colcon_core.package_identification:_identify(src) by extensions ['ros']
[0.369s] Level 1:colcon.colcon_core.package_identification:_identify(src) by extension 'ros'
[0.369s] Level 1:colcon.colcon_core.package_identification:_identify(src) by extensions ['cmake', 'python']
[0.369s] Level 1:colcon.colcon_core.package_identification:_identify(src) by extension 'cmake'
[0.369s] Level 1:colcon.colcon_core.package_identification:_identify(src) by extension 'python'
[0.370s] Level 1:colcon.colcon_core.package_identification:_identify(src) by extensions ['python_setup_py']
[0.370s] Level 1:colcon.colcon_core.package_identification:_identify(src) by extension 'python_setup_py'
[0.370s] Level 1:colcon.colcon_core.package_identification:_identify(src/build) by extensions ['ignore', 'ignore_ament_install']
[0.370s] Level 1:colcon.colcon_core.package_identification:_identify(src/build) by extension 'ignore'
[0.370s] Level 1:colcon.colcon_core.package_identification:_identify(src/build) ignored
[0.370s] Level 1:colcon.colcon_core.package_identification:_identify(src/install) by extensions ['ignore', 'ignore_ament_install']
[0.371s] Level 1:colcon.colcon_core.package_identification:_identify(src/install) by extension 'ignore'
[0.371s] Level 1:colcon.colcon_core.package_identification:_identify(src/install) ignored
[0.371s] Level 1:colcon.colcon_core.package_identification:_identify(src/log) by extensions ['ignore', 'ignore_ament_install']
[0.371s] Level 1:colcon.colcon_core.package_identification:_identify(src/log) by extension 'ignore'
[0.371s] Level 1:colcon.colcon_core.package_identification:_identify(src/log) ignored
[0.372s] Level 1:colcon.colcon_core.package_identification:_identify(src/py01_launch) by extensions ['ignore', 'ignore_ament_install']
[0.372s] Level 1:colcon.colcon_core.package_identification:_identify(src/py01_launch) by extension 'ignore'
[0.372s] Level 1:colcon.colcon_core.package_identification:_identify(src/py01_launch) by extension 'ignore_ament_install'
[0.372s] Level 1:colcon.colcon_core.package_identification:_identify(src/py01_launch) by extensions ['colcon_pkg']
[0.372s] Level 1:colcon.colcon_core.package_identification:_identify(src/py01_launch) by extension 'colcon_pkg'
[0.372s] Level 1:colcon.colcon_core.package_identification:_identify(src/py01_launch) by extensions ['colcon_meta']
[0.372s] Level 1:colcon.colcon_core.package_identification:_identify(src/py01_launch) by extension 'colcon_meta'
[0.373s] Level 1:colcon.colcon_core.package_identification:_identify(src/py01_launch) by extensions ['ros']
[0.373s] Level 1:colcon.colcon_core.package_identification:_identify(src/py01_launch) by extension 'ros'
[0.376s] DEBUG:colcon.colcon_core.package_identification:Package 'src/py01_launch' with type 'ros.ament_python' and name 'py01_launch'
[0.377s] Level 1:colcon.colcon_core.package_identification:_identify(src/py02_rosbag) by extensions ['ignore', 'ignore_ament_install']
[0.377s] Level 1:colcon.colcon_core.package_identification:_identify(src/py02_rosbag) by extension 'ignore'
[0.377s] Level 1:colcon.colcon_core.package_identification:_identify(src/py02_rosbag) by extension 'ignore_ament_install'
[0.378s] Level 1:colcon.colcon_core.package_identification:_identify(src/py02_rosbag) by extensions ['colcon_pkg']
[0.378s] Level 1:colcon.colcon_core.package_identification:_identify(src/py02_rosbag) by extension 'colcon_pkg'
[0.378s] Level 1:colcon.colcon_core.package_identification:_identify(src/py02_rosbag) by extensions ['colcon_meta']
[0.378s] Level 1:colcon.colcon_core.package_identification:_identify(src/py02_rosbag) by extension 'colcon_meta'
[0.378s] Level 1:colcon.colcon_core.package_identification:_identify(src/py02_rosbag) by extensions ['ros']
[0.378s] Level 1:colcon.colcon_core.package_identification:_identify(src/py02_rosbag) by extension 'ros'
[0.379s] DEBUG:colcon.colcon_core.package_identification:Package 'src/py02_rosbag' with type 'ros.ament_python' and name 'py02_rosbag'
[0.380s] Level 1:colcon.colcon_core.package_identification:_identify(src/py03_broadcaster) by extensions ['ignore', 'ignore_ament_install']
[0.380s] Level 1:colcon.colcon_core.package_identification:_identify(src/py03_broadcaster) by extension 'ignore'
[0.380s] Level 1:colcon.colcon_core.package_identification:_identify(src/py03_broadcaster) by extension 'ignore_ament_install'
[0.380s] Level 1:colcon.colcon_core.package_identification:_identify(src/py03_broadcaster) by extensions ['colcon_pkg']
[0.380s] Level 1:colcon.colcon_core.package_identification:_identify(src/py03_broadcaster) by extension 'colcon_pkg'
[0.380s] Level 1:colcon.colcon_core.package_identification:_identify(src/py03_broadcaster) by extensions ['colcon_meta']
[0.381s] Level 1:colcon.colcon_core.package_identification:_identify(src/py03_broadcaster) by extension 'colcon_meta'
[0.381s] Level 1:colcon.colcon_core.package_identification:_identify(src/py03_broadcaster) by extensions ['ros']
[0.381s] Level 1:colcon.colcon_core.package_identification:_identify(src/py03_broadcaster) by extension 'ros'
[0.382s] DEBUG:colcon.colcon_core.package_identification:Package 'src/py03_broadcaster' with type 'ros.ament_python' and name 'py03_broadcaster'
[0.382s] Level 1:colcon.colcon_core.package_identification:_identify(src/py04_tf_listener) by extensions ['ignore', 'ignore_ament_install']
[0.382s] Level 1:colcon.colcon_core.package_identification:_identify(src/py04_tf_listener) by extension 'ignore'
[0.382s] Level 1:colcon.colcon_core.package_identification:_identify(src/py04_tf_listener) by extension 'ignore_ament_install'
[0.383s] Level 1:colcon.colcon_core.package_identification:_identify(src/py04_tf_listener) by extensions ['colcon_pkg']
[0.383s] Level 1:colcon.colcon_core.package_identification:_identify(src/py04_tf_listener) by extension 'colcon_pkg'
[0.383s] Level 1:colcon.colcon_core.package_identification:_identify(src/py04_tf_listener) by extensions ['colcon_meta']
[0.383s] Level 1:colcon.colcon_core.package_identification:_identify(src/py04_tf_listener) by extension 'colcon_meta'
[0.383s] Level 1:colcon.colcon_core.package_identification:_identify(src/py04_tf_listener) by extensions ['ros']
[0.383s] Level 1:colcon.colcon_core.package_identification:_identify(src/py04_tf_listener) by extension 'ros'
[0.384s] DEBUG:colcon.colcon_core.package_identification:Package 'src/py04_tf_listener' with type 'ros.ament_python' and name 'py04_tf_listener'
[0.384s] Level 1:colcon.colcon_core.package_identification:_identify(src/py05_exercise) by extensions ['ignore', 'ignore_ament_install']
[0.384s] Level 1:colcon.colcon_core.package_identification:_identify(src/py05_exercise) by extension 'ignore'
[0.385s] Level 1:colcon.colcon_core.package_identification:_identify(src/py05_exercise) by extension 'ignore_ament_install'
[0.385s] Level 1:colcon.colcon_core.package_identification:_identify(src/py05_exercise) by extensions ['colcon_pkg']
[0.385s] Level 1:colcon.colcon_core.package_identification:_identify(src/py05_exercise) by extension 'colcon_pkg'
[0.385s] Level 1:colcon.colcon_core.package_identification:_identify(src/py05_exercise) by extensions ['colcon_meta']
[0.385s] Level 1:colcon.colcon_core.package_identification:_identify(src/py05_exercise) by extension 'colcon_meta'
[0.385s] Level 1:colcon.colcon_core.package_identification:_identify(src/py05_exercise) by extensions ['ros']
[0.385s] Level 1:colcon.colcon_core.package_identification:_identify(src/py05_exercise) by extension 'ros'
[0.386s] DEBUG:colcon.colcon_core.package_identification:Package 'src/py05_exercise' with type 'ros.ament_python' and name 'py05_exercise'
[0.386s] Level 1:colcon.colcon_core.package_discovery:discover_packages(recursive) using defaults
[0.386s] Level 1:colcon.colcon_core.package_discovery:discover_packages(ignore) discover
[0.386s] Level 1:colcon.colcon_core.package_discovery:discover_packages(ignore) using defaults
[0.387s] Level 1:colcon.colcon_core.package_discovery:discover_packages(path) discover
[0.387s] Level 1:colcon.colcon_core.package_discovery:discover_packages(path) using defaults
[0.427s] Level 1:colcon.colcon_core.package_discovery:discover_packages(prefix_path) check parameters
[0.427s] Level 1:colcon.colcon_core.package_discovery:discover_packages(prefix_path) discover
[0.434s] DEBUG:colcon.colcon_installed_package_information.package_discovery:Found 289 installed packages in /opt/ros/jazzy
[0.436s] Level 1:colcon.colcon_core.package_discovery:discover_packages(prefix_path) using defaults
[0.490s] Level 5:colcon.colcon_core.verb:set package 'py01_launch' build argument 'cmake_args' from command line to 'None'
[0.491s] Level 5:colcon.colcon_core.verb:set package 'py01_launch' build argument 'cmake_target' from command line to 'None'
[0.491s] Level 5:colcon.colcon_core.verb:set package 'py01_launch' build argument 'cmake_target_skip_unavailable' from command line to 'False'
[0.491s] Level 5:colcon.colcon_core.verb:set package 'py01_launch' build argument 'cmake_clean_cache' from command line to 'False'
[0.491s] Level 5:colcon.colcon_core.verb:set package 'py01_launch' build argument 'cmake_clean_first' from command line to 'False'
[0.491s] Level 5:colcon.colcon_core.verb:set package 'py01_launch' build argument 'cmake_force_configure' from command line to 'False'
[0.492s] Level 5:colcon.colcon_core.verb:set package 'py01_launch' build argument 'ament_cmake_args' from command line to 'None'
[0.492s] Level 5:colcon.colcon_core.verb:set package 'py01_launch' build argument 'catkin_cmake_args' from command line to 'None'
[0.492s] Level 5:colcon.colcon_core.verb:set package 'py01_launch' build argument 'catkin_skip_building_tests' from command line to 'False'
[0.492s] DEBUG:colcon.colcon_core.verb:Building package 'py01_launch' with the following arguments: {'ament_cmake_args': None, 'build_base': '/home/huangbo/ros2_learn/tools_learn/build/py01_launch', 'catkin_cmake_args': None, 'catkin_skip_building_tests': False, 'cmake_args': None, 'cmake_clean_cache': False, 'cmake_clean_first': False, 'cmake_force_configure': False, 'cmake_target': None, 'cmake_target_skip_unavailable': False, 'install_base': '/home/huangbo/ros2_learn/tools_learn/install/py01_launch', 'merge_install': False, 'path': '/home/huangbo/ros2_learn/tools_learn/src/py01_launch', 'symlink_install': False, 'test_result_base': None}
[0.493s] Level 5:colcon.colcon_core.verb:set package 'py02_rosbag' build argument 'cmake_args' from command line to 'None'
[0.493s] Level 5:colcon.colcon_core.verb:set package 'py02_rosbag' build argument 'cmake_target' from command line to 'None'
[0.493s] Level 5:colcon.colcon_core.verb:set package 'py02_rosbag' build argument 'cmake_target_skip_unavailable' from command line to 'False'
[0.493s] Level 5:colcon.colcon_core.verb:set package 'py02_rosbag' build argument 'cmake_clean_cache' from command line to 'False'
[0.493s] Level 5:colcon.colcon_core.verb:set package 'py02_rosbag' build argument 'cmake_clean_first' from command line to 'False'
[0.493s] Level 5:colcon.colcon_core.verb:set package 'py02_rosbag' build argument 'cmake_force_configure' from command line to 'False'
[0.493s] Level 5:colcon.colcon_core.verb:set package 'py02_rosbag' build argument 'ament_cmake_args' from command line to 'None'
[0.493s] Level 5:colcon.colcon_core.verb:set package 'py02_rosbag' build argument 'catkin_cmake_args' from command line to 'None'
[0.493s] Level 5:colcon.colcon_core.verb:set package 'py02_rosbag' build argument 'catkin_skip_building_tests' from command line to 'False'
[0.493s] DEBUG:colcon.colcon_core.verb:Building package 'py02_rosbag' with the following arguments: {'ament_cmake_args': None, 'build_base': '/home/huangbo/ros2_learn/tools_learn/build/py02_rosbag', 'catkin_cmake_args': None, 'catkin_skip_building_tests': False, 'cmake_args': None, 'cmake_clean_cache': False, 'cmake_clean_first': False, 'cmake_force_configure': False, 'cmake_target': None, 'cmake_target_skip_unavailable': False, 'install_base': '/home/huangbo/ros2_learn/tools_learn/install/py02_rosbag', 'merge_install': False, 'path': '/home/huangbo/ros2_learn/tools_learn/src/py02_rosbag', 'symlink_install': False, 'test_result_base': None}
[0.494s] Level 5:colcon.colcon_core.verb:set package 'py03_broadcaster' build argument 'cmake_args' from command line to 'None'
[0.494s] Level 5:colcon.colcon_core.verb:set package 'py03_broadcaster' build argument 'cmake_target' from command line to 'None'
[0.494s] Level 5:colcon.colcon_core.verb:set package 'py03_broadcaster' build argument 'cmake_target_skip_unavailable' from command line to 'False'
[0.494s] Level 5:colcon.colcon_core.verb:set package 'py03_broadcaster' build argument 'cmake_clean_cache' from command line to 'False'
[0.494s] Level 5:colcon.colcon_core.verb:set package 'py03_broadcaster' build argument 'cmake_clean_first' from command line to 'False'
[0.494s] Level 5:colcon.colcon_core.verb:set package 'py03_broadcaster' build argument 'cmake_force_configure' from command line to 'False'
[0.494s] Level 5:colcon.colcon_core.verb:set package 'py03_broadcaster' build argument 'ament_cmake_args' from command line to 'None'
[0.494s] Level 5:colcon.colcon_core.verb:set package 'py03_broadcaster' build argument 'catkin_cmake_args' from command line to 'None'
[0.494s] Level 5:colcon.colcon_core.verb:set package 'py03_broadcaster' build argument 'catkin_skip_building_tests' from command line to 'False'
[0.494s] DEBUG:colcon.colcon_core.verb:Building package 'py03_broadcaster' with the following arguments: {'ament_cmake_args': None, 'build_base': '/home/huangbo/ros2_learn/tools_learn/build/py03_broadcaster', 'catkin_cmake_args': None, 'catkin_skip_building_tests': False, 'cmake_args': None, 'cmake_clean_cache': False, 'cmake_clean_first': False, 'cmake_force_configure': False, 'cmake_target': None, 'cmake_target_skip_unavailable': False, 'install_base': '/home/huangbo/ros2_learn/tools_learn/install/py03_broadcaster', 'merge_install': False, 'path': '/home/huangbo/ros2_learn/tools_learn/src/py03_broadcaster', 'symlink_install': False, 'test_result_base': None}
[0.494s] Level 5:colcon.colcon_core.verb:set package 'py04_tf_listener' build argument 'cmake_args' from command line to 'None'
[0.494s] Level 5:colcon.colcon_core.verb:set package 'py04_tf_listener' build argument 'cmake_target' from command line to 'None'
[0.494s] Level 5:colcon.colcon_core.verb:set package 'py04_tf_listener' build argument 'cmake_target_skip_unavailable' from command line to 'False'
[0.494s] Level 5:colcon.colcon_core.verb:set package 'py04_tf_listener' build argument 'cmake_clean_cache' from command line to 'False'
[0.495s] Level 5:colcon.colcon_core.verb:set package 'py04_tf_listener' build argument 'cmake_clean_first' from command line to 'False'
[0.495s] Level 5:colcon.colcon_core.verb:set package 'py04_tf_listener' build argument 'cmake_force_configure' from command line to 'False'
[0.495s] Level 5:colcon.colcon_core.verb:set package 'py04_tf_listener' build argument 'ament_cmake_args' from command line to 'None'
[0.495s] Level 5:colcon.colcon_core.verb:set package 'py04_tf_listener' build argument 'catkin_cmake_args' from command line to 'None'
[0.495s] Level 5:colcon.colcon_core.verb:set package 'py04_tf_listener' build argument 'catkin_skip_building_tests' from command line to 'False'
[0.495s] DEBUG:colcon.colcon_core.verb:Building package 'py04_tf_listener' with the following arguments: {'ament_cmake_args': None, 'build_base': '/home/huangbo/ros2_learn/tools_learn/build/py04_tf_listener', 'catkin_cmake_args': None, 'catkin_skip_building_tests': False, 'cmake_args': None, 'cmake_clean_cache': False, 'cmake_clean_first': False, 'cmake_force_configure': False, 'cmake_target': None, 'cmake_target_skip_unavailable': False, 'install_base': '/home/huangbo/ros2_learn/tools_learn/install/py04_tf_listener', 'merge_install': False, 'path': '/home/huangbo/ros2_learn/tools_learn/src/py04_tf_listener', 'symlink_install': False, 'test_result_base': None}
[0.495s] Level 5:colcon.colcon_core.verb:set package 'py05_exercise' build argument 'cmake_args' from command line to 'None'
[0.495s] Level 5:colcon.colcon_core.verb:set package 'py05_exercise' build argument 'cmake_target' from command line to 'None'
[0.495s] Level 5:colcon.colcon_core.verb:set package 'py05_exercise' build argument 'cmake_target_skip_unavailable' from command line to 'False'
[0.495s] Level 5:colcon.colcon_core.verb:set package 'py05_exercise' build argument 'cmake_clean_cache' from command line to 'False'
[0.495s] Level 5:colcon.colcon_core.verb:set package 'py05_exercise' build argument 'cmake_clean_first' from command line to 'False'
[0.495s] Level 5:colcon.colcon_core.verb:set package 'py05_exercise' build argument 'cmake_force_configure' from command line to 'False'
[0.495s] Level 5:colcon.colcon_core.verb:set package 'py05_exercise' build argument 'ament_cmake_args' from command line to 'None'
[0.495s] Level 5:colcon.colcon_core.verb:set package 'py05_exercise' build argument 'catkin_cmake_args' from command line to 'None'
[0.495s] Level 5:colcon.colcon_core.verb:set package 'py05_exercise' build argument 'catkin_skip_building_tests' from command line to 'False'
[0.495s] DEBUG:colcon.colcon_core.verb:Building package 'py05_exercise' with the following arguments: {'ament_cmake_args': None, 'build_base': '/home/huangbo/ros2_learn/tools_learn/build/py05_exercise', 'catkin_cmake_args': None, 'catkin_skip_building_tests': False, 'cmake_args': None, 'cmake_clean_cache': False, 'cmake_clean_first': False, 'cmake_force_configure': False, 'cmake_target': None, 'cmake_target_skip_unavailable': False, 'install_base': '/home/huangbo/ros2_learn/tools_learn/install/py05_exercise', 'merge_install': False, 'path': '/home/huangbo/ros2_learn/tools_learn/src/py05_exercise', 'symlink_install': False, 'test_result_base': None}
[0.495s] INFO:colcon.colcon_core.executor:Executing jobs using 'parallel' executor
[0.497s] DEBUG:colcon.colcon_parallel_executor.executor.parallel:run_until_complete
[0.497s] INFO:colcon.colcon_ros.task.ament_python.build:Building ROS package in '/home/huangbo/ros2_learn/tools_learn/src/py01_launch' with build type 'ament_python'
[0.497s] Level 1:colcon.colcon_core.shell:create_environment_hook('py01_launch', 'ament_prefix_path')
[0.503s] INFO:colcon.colcon_core.plugin_system:Skipping extension 'colcon_core.shell.bat': Not used on non-Windows systems
[0.504s] INFO:colcon.colcon_core.shell:Creating environment hook '/home/huangbo/ros2_learn/tools_learn/install/py01_launch/share/py01_launch/hook/ament_prefix_path.ps1'
[0.506s] INFO:colcon.colcon_core.shell:Creating environment descriptor '/home/huangbo/ros2_learn/tools_learn/install/py01_launch/share/py01_launch/hook/ament_prefix_path.dsv'
[0.507s] INFO:colcon.colcon_core.shell:Creating environment hook '/home/huangbo/ros2_learn/tools_learn/install/py01_launch/share/py01_launch/hook/ament_prefix_path.sh'
[0.508s] INFO:colcon.colcon_core.shell:Skip shell extension 'powershell' for command environment: Not usable outside of PowerShell
[0.508s] DEBUG:colcon.colcon_core.shell:Skip shell extension 'dsv' for command environment
[0.513s] INFO:colcon.colcon_ros.task.ament_python.build:Building ROS package in '/home/huangbo/ros2_learn/tools_learn/src/py02_rosbag' with build type 'ament_python'
[0.513s] Level 1:colcon.colcon_core.shell:create_environment_hook('py02_rosbag', 'ament_prefix_path')
[0.514s] INFO:colcon.colcon_core.shell:Creating environment hook '/home/huangbo/ros2_learn/tools_learn/install/py02_rosbag/share/py02_rosbag/hook/ament_prefix_path.ps1'
[0.514s] INFO:colcon.colcon_core.shell:Creating environment descriptor '/home/huangbo/ros2_learn/tools_learn/install/py02_rosbag/share/py02_rosbag/hook/ament_prefix_path.dsv'
[0.515s] INFO:colcon.colcon_core.shell:Creating environment hook '/home/huangbo/ros2_learn/tools_learn/install/py02_rosbag/share/py02_rosbag/hook/ament_prefix_path.sh'
[0.517s] INFO:colcon.colcon_core.shell:Skip shell extension 'powershell' for command environment: Not usable outside of PowerShell
[0.517s] DEBUG:colcon.colcon_core.shell:Skip shell extension 'dsv' for command environment
[0.810s] INFO:colcon.colcon_core.task.python.build:Building Python package in '/home/huangbo/ros2_learn/tools_learn/src/py01_launch'
[0.811s] INFO:colcon.colcon_core.shell:Skip shell extension 'powershell' for command environment: Not usable outside of PowerShell
[0.811s] DEBUG:colcon.colcon_core.shell:Skip shell extension 'dsv' for command environment
[1.082s] INFO:colcon.colcon_core.task.python.build:Building Python package in '/home/huangbo/ros2_learn/tools_learn/src/py02_rosbag'
[1.082s] INFO:colcon.colcon_core.shell:Skip shell extension 'powershell' for command environment: Not usable outside of PowerShell
[1.082s] DEBUG:colcon.colcon_core.shell:Skip shell extension 'dsv' for command environment
[2.253s] DEBUG:colcon.colcon_core.task.python.build:Available setuptools commands: update_catalog, install, install_data, build_scripts, init_catalog, build_py, build_ext, sdist, setopt, test, editable_wheel, upload_docs, bdist_dumb, compile_catalog, easy_install, clean, egg_info, install_egg_info, build, upload, install_lib, bdist, alias, extract_messages, dist_info, rotate, bdist_egg, install_headers, build_clib, install_scripts, check, register, develop, bdist_wheel, bdist_rpm, symlink_data, saveopts
[2.257s] DEBUG:colcon.colcon_core.event_handler.log_command:Invoking command in '/home/huangbo/ros2_learn/tools_learn/src/py02_rosbag': DEBUGINFOD_URLS=https://debuginfod.ubuntu.com PYTHONPATH=/home/huangbo/ros2_learn/tools_learn/build/py02_rosbag/prefix_override:/usr/lib/python3/dist-packages/colcon_core/task/python/colcon_distutils_commands:/home/huangbo/ros2_learn/tools_learn/install/py02_rosbag/lib/python3.12/site-packages:${PYTHONPATH} /usr/bin/python3 -W ignore:setup.py install is deprecated -W ignore:easy_install command is deprecated setup.py egg_info --egg-base ../../build/py02_rosbag build --build-base /home/huangbo/ros2_learn/tools_learn/build/py02_rosbag/build install --record /home/huangbo/ros2_learn/tools_learn/build/py02_rosbag/install.log --install-scripts $base/lib/py02_rosbag --single-version-externally-managed install_data
[2.261s] DEBUG:colcon.colcon_core.task.python.build:Available setuptools commands: update_catalog, install, install_data, build_scripts, init_catalog, build_py, build_ext, sdist, setopt, test, editable_wheel, upload_docs, bdist_dumb, compile_catalog, easy_install, clean, egg_info, install_egg_info, build, upload, install_lib, bdist, alias, extract_messages, dist_info, rotate, bdist_egg, install_headers, build_clib, install_scripts, check, register, develop, bdist_wheel, bdist_rpm, symlink_data, saveopts
[2.271s] DEBUG:colcon.colcon_core.event_handler.log_command:Invoking command in '/home/huangbo/ros2_learn/tools_learn/src/py01_launch': DEBUGINFOD_URLS=https://debuginfod.ubuntu.com PYTHONPATH=/home/huangbo/ros2_learn/tools_learn/build/py01_launch/prefix_override:/usr/lib/python3/dist-packages/colcon_core/task/python/colcon_distutils_commands:/home/huangbo/ros2_learn/tools_learn/install/py01_launch/lib/python3.12/site-packages:${PYTHONPATH} /usr/bin/python3 -W ignore:setup.py install is deprecated -W ignore:easy_install command is deprecated setup.py egg_info --egg-base ../../build/py01_launch build --build-base /home/huangbo/ros2_learn/tools_learn/build/py01_launch/build install --record /home/huangbo/ros2_learn/tools_learn/build/py01_launch/install.log --install-scripts $base/lib/py01_launch --single-version-externally-managed install_data
[3.264s] DEBUG:colcon.colcon_core.event_handler.log_command:Invoked command in '/home/huangbo/ros2_learn/tools_learn/src/py01_launch' returned '0': DEBUGINFOD_URLS=https://debuginfod.ubuntu.com PYTHONPATH=/home/huangbo/ros2_learn/tools_learn/build/py01_launch/prefix_override:/usr/lib/python3/dist-packages/colcon_core/task/python/colcon_distutils_commands:/home/huangbo/ros2_learn/tools_learn/install/py01_launch/lib/python3.12/site-packages:${PYTHONPATH} /usr/bin/python3 -W ignore:setup.py install is deprecated -W ignore:easy_install command is deprecated setup.py egg_info --egg-base ../../build/py01_launch build --build-base /home/huangbo/ros2_learn/tools_learn/build/py01_launch/build install --record /home/huangbo/ros2_learn/tools_learn/build/py01_launch/install.log --install-scripts $base/lib/py01_launch --single-version-externally-managed install_data
[3.270s] Level 1:colcon.colcon_core.environment:checking '/home/huangbo/ros2_learn/tools_learn/install/py01_launch' for CMake module files
[3.271s] Level 1:colcon.colcon_core.environment:checking '/home/huangbo/ros2_learn/tools_learn/install/py01_launch' for CMake config files
[3.272s] Level 1:colcon.colcon_core.environment:checking '/home/huangbo/ros2_learn/tools_learn/install/py01_launch/lib'
[3.272s] Level 1:colcon.colcon_core.environment:checking '/home/huangbo/ros2_learn/tools_learn/install/py01_launch/bin'
[3.272s] Level 1:colcon.colcon_core.environment:checking '/home/huangbo/ros2_learn/tools_learn/install/py01_launch/lib/pkgconfig/py01_launch.pc'
[3.272s] Level 1:colcon.colcon_core.environment:checking '/home/huangbo/ros2_learn/tools_learn/install/py01_launch/lib/python3.12/site-packages'
[3.273s] Level 1:colcon.colcon_core.shell:create_environment_hook('py01_launch', 'pythonpath')
[3.273s] INFO:colcon.colcon_core.shell:Creating environment hook '/home/huangbo/ros2_learn/tools_learn/install/py01_launch/share/py01_launch/hook/pythonpath.ps1'
[3.274s] INFO:colcon.colcon_core.shell:Creating environment descriptor '/home/huangbo/ros2_learn/tools_learn/install/py01_launch/share/py01_launch/hook/pythonpath.dsv'
[3.274s] INFO:colcon.colcon_core.shell:Creating environment hook '/home/huangbo/ros2_learn/tools_learn/install/py01_launch/share/py01_launch/hook/pythonpath.sh'
[3.275s] Level 1:colcon.colcon_core.environment:checking '/home/huangbo/ros2_learn/tools_learn/install/py01_launch/bin'
[3.276s] Level 1:colcon.colcon_core.environment:create_environment_scripts_only(py01_launch)
[3.276s] INFO:colcon.colcon_core.shell:Creating package script '/home/huangbo/ros2_learn/tools_learn/install/py01_launch/share/py01_launch/package.ps1'
[3.278s] INFO:colcon.colcon_core.shell:Creating package descriptor '/home/huangbo/ros2_learn/tools_learn/install/py01_launch/share/py01_launch/package.dsv'
[3.280s] INFO:colcon.colcon_core.shell:Creating package script '/home/huangbo/ros2_learn/tools_learn/install/py01_launch/share/py01_launch/package.sh'
[3.282s] INFO:colcon.colcon_core.shell:Creating package script '/home/huangbo/ros2_learn/tools_learn/install/py01_launch/share/py01_launch/package.bash'
[3.283s] INFO:colcon.colcon_core.shell:Creating package script '/home/huangbo/ros2_learn/tools_learn/install/py01_launch/share/py01_launch/package.zsh'
[3.284s] Level 1:colcon.colcon_core.environment:create_file_with_runtime_dependencies(/home/huangbo/ros2_learn/tools_learn/install/py01_launch/share/colcon-core/packages/py01_launch)
[3.285s] INFO:colcon.colcon_ros.task.ament_python.build:Building ROS package in '/home/huangbo/ros2_learn/tools_learn/src/py03_broadcaster' with build type 'ament_python'
[3.285s] Level 1:colcon.colcon_core.shell:create_environment_hook('py03_broadcaster', 'ament_prefix_path')
[3.286s] INFO:colcon.colcon_core.shell:Creating environment hook '/home/huangbo/ros2_learn/tools_learn/install/py03_broadcaster/share/py03_broadcaster/hook/ament_prefix_path.ps1'
[3.287s] INFO:colcon.colcon_core.shell:Creating environment descriptor '/home/huangbo/ros2_learn/tools_learn/install/py03_broadcaster/share/py03_broadcaster/hook/ament_prefix_path.dsv'
[3.287s] INFO:colcon.colcon_core.shell:Creating environment hook '/home/huangbo/ros2_learn/tools_learn/install/py03_broadcaster/share/py03_broadcaster/hook/ament_prefix_path.sh'
[3.288s] INFO:colcon.colcon_core.shell:Skip shell extension 'powershell' for command environment: Not usable outside of PowerShell
[3.288s] DEBUG:colcon.colcon_core.shell:Skip shell extension 'dsv' for command environment
[3.575s] INFO:colcon.colcon_core.task.python.build:Building Python package in '/home/huangbo/ros2_learn/tools_learn/src/py03_broadcaster'
[3.576s] INFO:colcon.colcon_core.shell:Skip shell extension 'powershell' for command environment: Not usable outside of PowerShell
[3.576s] DEBUG:colcon.colcon_core.shell:Skip shell extension 'dsv' for command environment
[3.580s] Level 1:colcon.colcon_core.environment:checking '/home/huangbo/ros2_learn/tools_learn/install/py02_rosbag' for CMake module files
[3.581s] Level 1:colcon.colcon_core.environment:checking '/home/huangbo/ros2_learn/tools_learn/install/py02_rosbag' for CMake config files
[3.580s] DEBUG:colcon.colcon_core.event_handler.log_command:Invoked command in '/home/huangbo/ros2_learn/tools_learn/src/py02_rosbag' returned '0': DEBUGINFOD_URLS=https://debuginfod.ubuntu.com PYTHONPATH=/home/huangbo/ros2_learn/tools_learn/build/py02_rosbag/prefix_override:/usr/lib/python3/dist-packages/colcon_core/task/python/colcon_distutils_commands:/home/huangbo/ros2_learn/tools_learn/install/py02_rosbag/lib/python3.12/site-packages:${PYTHONPATH} /usr/bin/python3 -W ignore:setup.py install is deprecated -W ignore:easy_install command is deprecated setup.py egg_info --egg-base ../../build/py02_rosbag build --build-base /home/huangbo/ros2_learn/tools_learn/build/py02_rosbag/build install --record /home/huangbo/ros2_learn/tools_learn/build/py02_rosbag/install.log --install-scripts $base/lib/py02_rosbag --single-version-externally-managed install_data
[3.582s] Level 1:colcon.colcon_core.environment:checking '/home/huangbo/ros2_learn/tools_learn/install/py02_rosbag/lib'
[3.582s] Level 1:colcon.colcon_core.environment:checking '/home/huangbo/ros2_learn/tools_learn/install/py02_rosbag/bin'
[3.582s] Level 1:colcon.colcon_core.environment:checking '/home/huangbo/ros2_learn/tools_learn/install/py02_rosbag/lib/pkgconfig/py02_rosbag.pc'
[3.582s] Level 1:colcon.colcon_core.environment:checking '/home/huangbo/ros2_learn/tools_learn/install/py02_rosbag/lib/python3.12/site-packages'
[3.582s] Level 1:colcon.colcon_core.shell:create_environment_hook('py02_rosbag', 'pythonpath')
[3.584s] INFO:colcon.colcon_core.shell:Creating environment hook '/home/huangbo/ros2_learn/tools_learn/install/py02_rosbag/share/py02_rosbag/hook/pythonpath.ps1'
[3.585s] INFO:colcon.colcon_core.shell:Creating environment descriptor '/home/huangbo/ros2_learn/tools_learn/install/py02_rosbag/share/py02_rosbag/hook/pythonpath.dsv'
[3.587s] INFO:colcon.colcon_core.shell:Creating environment hook '/home/huangbo/ros2_learn/tools_learn/install/py02_rosbag/share/py02_rosbag/hook/pythonpath.sh'
[3.590s] Level 1:colcon.colcon_core.environment:checking '/home/huangbo/ros2_learn/tools_learn/install/py02_rosbag/bin'
[3.591s] Level 1:colcon.colcon_core.environment:create_environment_scripts_only(py02_rosbag)
[3.591s] INFO:colcon.colcon_core.shell:Creating package script '/home/huangbo/ros2_learn/tools_learn/install/py02_rosbag/share/py02_rosbag/package.ps1'
[3.593s] INFO:colcon.colcon_core.shell:Creating package descriptor '/home/huangbo/ros2_learn/tools_learn/install/py02_rosbag/share/py02_rosbag/package.dsv'
[3.594s] INFO:colcon.colcon_core.shell:Creating package script '/home/huangbo/ros2_learn/tools_learn/install/py02_rosbag/share/py02_rosbag/package.sh'
[3.596s] INFO:colcon.colcon_core.shell:Creating package script '/home/huangbo/ros2_learn/tools_learn/install/py02_rosbag/share/py02_rosbag/package.bash'
[3.596s] INFO:colcon.colcon_core.shell:Creating package script '/home/huangbo/ros2_learn/tools_learn/install/py02_rosbag/share/py02_rosbag/package.zsh'
[3.597s] Level 1:colcon.colcon_core.environment:create_file_with_runtime_dependencies(/home/huangbo/ros2_learn/tools_learn/install/py02_rosbag/share/colcon-core/packages/py02_rosbag)
[3.599s] INFO:colcon.colcon_ros.task.ament_python.build:Building ROS package in '/home/huangbo/ros2_learn/tools_learn/src/py04_tf_listener' with build type 'ament_python'
[3.599s] Level 1:colcon.colcon_core.shell:create_environment_hook('py04_tf_listener', 'ament_prefix_path')
[3.600s] INFO:colcon.colcon_core.shell:Creating environment hook '/home/huangbo/ros2_learn/tools_learn/install/py04_tf_listener/share/py04_tf_listener/hook/ament_prefix_path.ps1'
[3.602s] INFO:colcon.colcon_core.shell:Creating environment descriptor '/home/huangbo/ros2_learn/tools_learn/install/py04_tf_listener/share/py04_tf_listener/hook/ament_prefix_path.dsv'
[3.603s] INFO:colcon.colcon_core.shell:Creating environment hook '/home/huangbo/ros2_learn/tools_learn/install/py04_tf_listener/share/py04_tf_listener/hook/ament_prefix_path.sh'
[3.604s] INFO:colcon.colcon_core.shell:Skip shell extension 'powershell' for command environment: Not usable outside of PowerShell
[3.604s] DEBUG:colcon.colcon_core.shell:Skip shell extension 'dsv' for command environment
[3.880s] INFO:colcon.colcon_core.task.python.build:Building Python package in '/home/huangbo/ros2_learn/tools_learn/src/py04_tf_listener'
[3.881s] INFO:colcon.colcon_core.shell:Skip shell extension 'powershell' for command environment: Not usable outside of PowerShell
[3.881s] DEBUG:colcon.colcon_core.shell:Skip shell extension 'dsv' for command environment
[4.373s] DEBUG:colcon.colcon_core.task.python.build:Available setuptools commands: update_catalog, install, install_data, build_scripts, init_catalog, build_py, build_ext, sdist, setopt, test, editable_wheel, upload_docs, bdist_dumb, compile_catalog, easy_install, clean, egg_info, install_egg_info, build, upload, install_lib, bdist, alias, extract_messages, dist_info, rotate, bdist_egg, install_headers, build_clib, install_scripts, check, register, develop, bdist_wheel, bdist_rpm, symlink_data, saveopts
[4.380s] DEBUG:colcon.colcon_core.event_handler.log_command:Invoking command in '/home/huangbo/ros2_learn/tools_learn/src/py03_broadcaster': DEBUGINFOD_URLS=https://debuginfod.ubuntu.com PYTHONPATH=/home/huangbo/ros2_learn/tools_learn/build/py03_broadcaster/prefix_override:/usr/lib/python3/dist-packages/colcon_core/task/python/colcon_distutils_commands:/home/huangbo/ros2_learn/tools_learn/install/py03_broadcaster/lib/python3.12/site-packages:${PYTHONPATH} /usr/bin/python3 -W ignore:setup.py install is deprecated -W ignore:easy_install command is deprecated setup.py egg_info --egg-base ../../build/py03_broadcaster build --build-base /home/huangbo/ros2_learn/tools_learn/build/py03_broadcaster/build install --record /home/huangbo/ros2_learn/tools_learn/build/py03_broadcaster/install.log --install-scripts $base/lib/py03_broadcaster --single-version-externally-managed install_data
[4.761s] DEBUG:colcon.colcon_core.task.python.build:Available setuptools commands: update_catalog, install, install_data, build_scripts, init_catalog, build_py, build_ext, sdist, setopt, test, editable_wheel, upload_docs, bdist_dumb, compile_catalog, easy_install, clean, egg_info, install_egg_info, build, upload, install_lib, bdist, alias, extract_messages, dist_info, rotate, bdist_egg, install_headers, build_clib, install_scripts, check, register, develop, bdist_wheel, bdist_rpm, symlink_data, saveopts
[4.768s] DEBUG:colcon.colcon_core.event_handler.log_command:Invoking command in '/home/huangbo/ros2_learn/tools_learn/src/py04_tf_listener': DEBUGINFOD_URLS=https://debuginfod.ubuntu.com PYTHONPATH=/home/huangbo/ros2_learn/tools_learn/build/py04_tf_listener/prefix_override:/usr/lib/python3/dist-packages/colcon_core/task/python/colcon_distutils_commands:/home/huangbo/ros2_learn/tools_learn/install/py04_tf_listener/lib/python3.12/site-packages:${PYTHONPATH} /usr/bin/python3 -W ignore:setup.py install is deprecated -W ignore:easy_install command is deprecated setup.py egg_info --egg-base ../../build/py04_tf_listener build --build-base /home/huangbo/ros2_learn/tools_learn/build/py04_tf_listener/build install --record /home/huangbo/ros2_learn/tools_learn/build/py04_tf_listener/install.log --install-scripts $base/lib/py04_tf_listener --single-version-externally-managed install_data
[5.282s] Level 1:colcon.colcon_core.environment:checking '/home/huangbo/ros2_learn/tools_learn/install/py03_broadcaster' for CMake module files
[5.282s] DEBUG:colcon.colcon_core.event_handler.log_command:Invoked command in '/home/huangbo/ros2_learn/tools_learn/src/py03_broadcaster' returned '0': DEBUGINFOD_URLS=https://debuginfod.ubuntu.com PYTHONPATH=/home/huangbo/ros2_learn/tools_learn/build/py03_broadcaster/prefix_override:/usr/lib/python3/dist-packages/colcon_core/task/python/colcon_distutils_commands:/home/huangbo/ros2_learn/tools_learn/install/py03_broadcaster/lib/python3.12/site-packages:${PYTHONPATH} /usr/bin/python3 -W ignore:setup.py install is deprecated -W ignore:easy_install command is deprecated setup.py egg_info --egg-base ../../build/py03_broadcaster build --build-base /home/huangbo/ros2_learn/tools_learn/build/py03_broadcaster/build install --record /home/huangbo/ros2_learn/tools_learn/build/py03_broadcaster/install.log --install-scripts $base/lib/py03_broadcaster --single-version-externally-managed install_data
[5.283s] Level 1:colcon.colcon_core.environment:checking '/home/huangbo/ros2_learn/tools_learn/install/py03_broadcaster' for CMake config files
[5.284s] Level 1:colcon.colcon_core.environment:checking '/home/huangbo/ros2_learn/tools_learn/install/py03_broadcaster/lib'
[5.284s] Level 1:colcon.colcon_core.environment:checking '/home/huangbo/ros2_learn/tools_learn/install/py03_broadcaster/bin'
[5.285s] Level 1:colcon.colcon_core.environment:checking '/home/huangbo/ros2_learn/tools_learn/install/py03_broadcaster/lib/pkgconfig/py03_broadcaster.pc'
[5.285s] Level 1:colcon.colcon_core.environment:checking '/home/huangbo/ros2_learn/tools_learn/install/py03_broadcaster/lib/python3.12/site-packages'
[5.285s] Level 1:colcon.colcon_core.shell:create_environment_hook('py03_broadcaster', 'pythonpath')
[5.286s] INFO:colcon.colcon_core.shell:Creating environment hook '/home/huangbo/ros2_learn/tools_learn/install/py03_broadcaster/share/py03_broadcaster/hook/pythonpath.ps1'
[5.287s] INFO:colcon.colcon_core.shell:Creating environment descriptor '/home/huangbo/ros2_learn/tools_learn/install/py03_broadcaster/share/py03_broadcaster/hook/pythonpath.dsv'
[5.288s] INFO:colcon.colcon_core.shell:Creating environment hook '/home/huangbo/ros2_learn/tools_learn/install/py03_broadcaster/share/py03_broadcaster/hook/pythonpath.sh'
[5.290s] Level 1:colcon.colcon_core.environment:checking '/home/huangbo/ros2_learn/tools_learn/install/py03_broadcaster/bin'
[5.291s] Level 1:colcon.colcon_core.environment:create_environment_scripts_only(py03_broadcaster)
[5.291s] INFO:colcon.colcon_core.shell:Creating package script '/home/huangbo/ros2_learn/tools_learn/install/py03_broadcaster/share/py03_broadcaster/package.ps1'
[5.292s] INFO:colcon.colcon_core.shell:Creating package descriptor '/home/huangbo/ros2_learn/tools_learn/install/py03_broadcaster/share/py03_broadcaster/package.dsv'
[5.311s] INFO:colcon.colcon_core.shell:Creating package script '/home/huangbo/ros2_learn/tools_learn/install/py03_broadcaster/share/py03_broadcaster/package.sh'
[5.313s] INFO:colcon.colcon_core.shell:Creating package script '/home/huangbo/ros2_learn/tools_learn/install/py03_broadcaster/share/py03_broadcaster/package.bash'
[5.315s] INFO:colcon.colcon_core.shell:Creating package script '/home/huangbo/ros2_learn/tools_learn/install/py03_broadcaster/share/py03_broadcaster/package.zsh'
[5.316s] Level 1:colcon.colcon_core.environment:create_file_with_runtime_dependencies(/home/huangbo/ros2_learn/tools_learn/install/py03_broadcaster/share/colcon-core/packages/py03_broadcaster)
[5.317s] INFO:colcon.colcon_ros.task.ament_python.build:Building ROS package in '/home/huangbo/ros2_learn/tools_learn/src/py05_exercise' with build type 'ament_python'
[5.318s] Level 1:colcon.colcon_core.shell:create_environment_hook('py05_exercise', 'ament_prefix_path')
[5.319s] INFO:colcon.colcon_core.shell:Creating environment hook '/home/huangbo/ros2_learn/tools_learn/install/py05_exercise/share/py05_exercise/hook/ament_prefix_path.ps1'
[5.320s] INFO:colcon.colcon_core.shell:Creating environment descriptor '/home/huangbo/ros2_learn/tools_learn/install/py05_exercise/share/py05_exercise/hook/ament_prefix_path.dsv'
[5.322s] INFO:colcon.colcon_core.shell:Creating environment hook '/home/huangbo/ros2_learn/tools_learn/install/py05_exercise/share/py05_exercise/hook/ament_prefix_path.sh'
[5.324s] INFO:colcon.colcon_core.shell:Skip shell extension 'powershell' for command environment: Not usable outside of PowerShell
[5.324s] DEBUG:colcon.colcon_core.shell:Skip shell extension 'dsv' for command environment
[5.654s] INFO:colcon.colcon_core.task.python.build:Building Python package in '/home/huangbo/ros2_learn/tools_learn/src/py05_exercise'
[5.654s] INFO:colcon.colcon_core.shell:Skip shell extension 'powershell' for command environment: Not usable outside of PowerShell
[5.654s] DEBUG:colcon.colcon_core.shell:Skip shell extension 'dsv' for command environment
[5.706s] Level 1:colcon.colcon_core.environment:checking '/home/huangbo/ros2_learn/tools_learn/install/py04_tf_listener' for CMake module files
[5.706s] Level 1:colcon.colcon_core.environment:checking '/home/huangbo/ros2_learn/tools_learn/install/py04_tf_listener' for CMake config files
[5.708s] DEBUG:colcon.colcon_core.event_handler.log_command:Invoked command in '/home/huangbo/ros2_learn/tools_learn/src/py04_tf_listener' returned '0': DEBUGINFOD_URLS=https://debuginfod.ubuntu.com PYTHONPATH=/home/huangbo/ros2_learn/tools_learn/build/py04_tf_listener/prefix_override:/usr/lib/python3/dist-packages/colcon_core/task/python/colcon_distutils_commands:/home/huangbo/ros2_learn/tools_learn/install/py04_tf_listener/lib/python3.12/site-packages:${PYTHONPATH} /usr/bin/python3 -W ignore:setup.py install is deprecated -W ignore:easy_install command is deprecated setup.py egg_info --egg-base ../../build/py04_tf_listener build --build-base /home/huangbo/ros2_learn/tools_learn/build/py04_tf_listener/build install --record /home/huangbo/ros2_learn/tools_learn/build/py04_tf_listener/install.log --install-scripts $base/lib/py04_tf_listener --single-version-externally-managed install_data
[5.708s] Level 1:colcon.colcon_core.environment:checking '/home/huangbo/ros2_learn/tools_learn/install/py04_tf_listener/lib'
[5.708s] Level 1:colcon.colcon_core.environment:checking '/home/huangbo/ros2_learn/tools_learn/install/py04_tf_listener/bin'
[5.708s] Level 1:colcon.colcon_core.environment:checking '/home/huangbo/ros2_learn/tools_learn/install/py04_tf_listener/lib/pkgconfig/py04_tf_listener.pc'
[5.709s] Level 1:colcon.colcon_core.environment:checking '/home/huangbo/ros2_learn/tools_learn/install/py04_tf_listener/lib/python3.12/site-packages'
[5.709s] Level 1:colcon.colcon_core.shell:create_environment_hook('py04_tf_listener', 'pythonpath')
[5.709s] INFO:colcon.colcon_core.shell:Creating environment hook '/home/huangbo/ros2_learn/tools_learn/install/py04_tf_listener/share/py04_tf_listener/hook/pythonpath.ps1'
[5.710s] INFO:colcon.colcon_core.shell:Creating environment descriptor '/home/huangbo/ros2_learn/tools_learn/install/py04_tf_listener/share/py04_tf_listener/hook/pythonpath.dsv'
[5.711s] INFO:colcon.colcon_core.shell:Creating environment hook '/home/huangbo/ros2_learn/tools_learn/install/py04_tf_listener/share/py04_tf_listener/hook/pythonpath.sh'
[5.712s] Level 1:colcon.colcon_core.environment:checking '/home/huangbo/ros2_learn/tools_learn/install/py04_tf_listener/bin'
[5.712s] Level 1:colcon.colcon_core.environment:create_environment_scripts_only(py04_tf_listener)
[5.713s] INFO:colcon.colcon_core.shell:Creating package script '/home/huangbo/ros2_learn/tools_learn/install/py04_tf_listener/share/py04_tf_listener/package.ps1'
[5.714s] INFO:colcon.colcon_core.shell:Creating package descriptor '/home/huangbo/ros2_learn/tools_learn/install/py04_tf_listener/share/py04_tf_listener/package.dsv'
[5.714s] INFO:colcon.colcon_core.shell:Creating package script '/home/huangbo/ros2_learn/tools_learn/install/py04_tf_listener/share/py04_tf_listener/package.sh'
[5.715s] INFO:colcon.colcon_core.shell:Creating package script '/home/huangbo/ros2_learn/tools_learn/install/py04_tf_listener/share/py04_tf_listener/package.bash'
[5.716s] INFO:colcon.colcon_core.shell:Creating package script '/home/huangbo/ros2_learn/tools_learn/install/py04_tf_listener/share/py04_tf_listener/package.zsh'
[5.716s] Level 1:colcon.colcon_core.environment:create_file_with_runtime_dependencies(/home/huangbo/ros2_learn/tools_learn/install/py04_tf_listener/share/colcon-core/packages/py04_tf_listener)
[6.441s] DEBUG:colcon.colcon_core.task.python.build:Available setuptools commands: update_catalog, install, install_data, build_scripts, init_catalog, build_py, build_ext, sdist, setopt, test, editable_wheel, upload_docs, bdist_dumb, compile_catalog, easy_install, clean, egg_info, install_egg_info, build, upload, install_lib, bdist, alias, extract_messages, dist_info, rotate, bdist_egg, install_headers, build_clib, install_scripts, check, register, develop, bdist_wheel, bdist_rpm, symlink_data, saveopts
[6.442s] DEBUG:colcon.colcon_core.event_handler.log_command:Invoking command in '/home/huangbo/ros2_learn/tools_learn/src/py05_exercise': DEBUGINFOD_URLS=https://debuginfod.ubuntu.com PYTHONPATH=/home/huangbo/ros2_learn/tools_learn/build/py05_exercise/prefix_override:/usr/lib/python3/dist-packages/colcon_core/task/python/colcon_distutils_commands:/home/huangbo/ros2_learn/tools_learn/install/py05_exercise/lib/python3.12/site-packages:${PYTHONPATH} /usr/bin/python3 -W ignore:setup.py install is deprecated -W ignore:easy_install command is deprecated setup.py egg_info --egg-base ../../build/py05_exercise build --build-base /home/huangbo/ros2_learn/tools_learn/build/py05_exercise/build install --record /home/huangbo/ros2_learn/tools_learn/build/py05_exercise/install.log --install-scripts $base/lib/py05_exercise --single-version-externally-managed install_data
[7.101s] Level 1:colcon.colcon_core.environment:checking '/home/huangbo/ros2_learn/tools_learn/install/py05_exercise' for CMake module files
[7.102s] Level 1:colcon.colcon_core.environment:checking '/home/huangbo/ros2_learn/tools_learn/install/py05_exercise' for CMake config files
[7.102s] Level 1:colcon.colcon_core.environment:checking '/home/huangbo/ros2_learn/tools_learn/install/py05_exercise/lib'
[7.102s] Level 1:colcon.colcon_core.environment:checking '/home/huangbo/ros2_learn/tools_learn/install/py05_exercise/bin'
[7.102s] Level 1:colcon.colcon_core.environment:checking '/home/huangbo/ros2_learn/tools_learn/install/py05_exercise/lib/pkgconfig/py05_exercise.pc'
[7.103s] Level 1:colcon.colcon_core.environment:checking '/home/huangbo/ros2_learn/tools_learn/install/py05_exercise/lib/python3.12/site-packages'
[7.104s] DEBUG:colcon.colcon_core.event_handler.log_command:Invoked command in '/home/huangbo/ros2_learn/tools_learn/src/py05_exercise' returned '0': DEBUGINFOD_URLS=https://debuginfod.ubuntu.com PYTHONPATH=/home/huangbo/ros2_learn/tools_learn/build/py05_exercise/prefix_override:/usr/lib/python3/dist-packages/colcon_core/task/python/colcon_distutils_commands:/home/huangbo/ros2_learn/tools_learn/install/py05_exercise/lib/python3.12/site-packages:${PYTHONPATH} /usr/bin/python3 -W ignore:setup.py install is deprecated -W ignore:easy_install command is deprecated setup.py egg_info --egg-base ../../build/py05_exercise build --build-base /home/huangbo/ros2_learn/tools_learn/build/py05_exercise/build install --record /home/huangbo/ros2_learn/tools_learn/build/py05_exercise/install.log --install-scripts $base/lib/py05_exercise --single-version-externally-managed install_data
[7.104s] Level 1:colcon.colcon_core.shell:create_environment_hook('py05_exercise', 'pythonpath')
[7.105s] INFO:colcon.colcon_core.shell:Creating environment hook '/home/huangbo/ros2_learn/tools_learn/install/py05_exercise/share/py05_exercise/hook/pythonpath.ps1'
[7.106s] INFO:colcon.colcon_core.shell:Creating environment descriptor '/home/huangbo/ros2_learn/tools_learn/install/py05_exercise/share/py05_exercise/hook/pythonpath.dsv'
[7.107s] INFO:colcon.colcon_core.shell:Creating environment hook '/home/huangbo/ros2_learn/tools_learn/install/py05_exercise/share/py05_exercise/hook/pythonpath.sh'
[7.108s] Level 1:colcon.colcon_core.environment:checking '/home/huangbo/ros2_learn/tools_learn/install/py05_exercise/bin'
[7.108s] Level 1:colcon.colcon_core.environment:create_environment_scripts_only(py05_exercise)
[7.109s] INFO:colcon.colcon_core.shell:Creating package script '/home/huangbo/ros2_learn/tools_learn/install/py05_exercise/share/py05_exercise/package.ps1'
[7.110s] INFO:colcon.colcon_core.shell:Creating package descriptor '/home/huangbo/ros2_learn/tools_learn/install/py05_exercise/share/py05_exercise/package.dsv'
[7.111s] INFO:colcon.colcon_core.shell:Creating package script '/home/huangbo/ros2_learn/tools_learn/install/py05_exercise/share/py05_exercise/package.sh'
[7.112s] INFO:colcon.colcon_core.shell:Creating package script '/home/huangbo/ros2_learn/tools_learn/install/py05_exercise/share/py05_exercise/package.bash'
[7.114s] INFO:colcon.colcon_core.shell:Creating package script '/home/huangbo/ros2_learn/tools_learn/install/py05_exercise/share/py05_exercise/package.zsh'
[7.115s] Level 1:colcon.colcon_core.environment:create_file_with_runtime_dependencies(/home/huangbo/ros2_learn/tools_learn/install/py05_exercise/share/colcon-core/packages/py05_exercise)
[7.120s] DEBUG:colcon.colcon_parallel_executor.executor.parallel:closing loop
[7.121s] DEBUG:colcon.colcon_parallel_executor.executor.parallel:loop closed
[7.122s] DEBUG:colcon.colcon_parallel_executor.executor.parallel:run_until_complete finished with '0'
[7.122s] DEBUG:colcon.colcon_core.event_reactor:joining thread
[7.137s] INFO:colcon.colcon_core.plugin_system:Skipping extension 'colcon_notification.desktop_notification.terminal_notifier': Not used on non-Darwin systems
[7.137s] INFO:colcon.colcon_core.plugin_system:Skipping extension 'colcon_notification.desktop_notification.win32': Not used on non-Windows systems
[7.137s] INFO:colcon.colcon_notification.desktop_notification:Sending desktop notification using 'notify2'
[7.254s] DEBUG:colcon.colcon_core.event_reactor:joined thread
[7.255s] INFO:colcon.colcon_core.shell:Creating prefix script '/home/huangbo/ros2_learn/tools_learn/install/local_setup.ps1'
[7.257s] INFO:colcon.colcon_core.shell:Creating prefix util module '/home/huangbo/ros2_learn/tools_learn/install/_local_setup_util_ps1.py'
[7.258s] INFO:colcon.colcon_core.shell:Creating prefix chain script '/home/huangbo/ros2_learn/tools_learn/install/setup.ps1'
[7.259s] INFO:colcon.colcon_core.shell:Creating prefix script '/home/huangbo/ros2_learn/tools_learn/install/local_setup.sh'
[7.261s] INFO:colcon.colcon_core.shell:Creating prefix util module '/home/huangbo/ros2_learn/tools_learn/install/_local_setup_util_sh.py'
[7.262s] INFO:colcon.colcon_core.shell:Creating prefix chain script '/home/huangbo/ros2_learn/tools_learn/install/setup.sh'
[7.265s] INFO:colcon.colcon_core.shell:Creating prefix script '/home/huangbo/ros2_learn/tools_learn/install/local_setup.bash'
[7.266s] INFO:colcon.colcon_core.shell:Creating prefix chain script '/home/huangbo/ros2_learn/tools_learn/install/setup.bash'
[7.267s] INFO:colcon.colcon_core.shell:Creating prefix script '/home/huangbo/ros2_learn/tools_learn/install/local_setup.zsh'
[7.268s] INFO:colcon.colcon_core.shell:Creating prefix chain script '/home/huangbo/ros2_learn/tools_learn/install/setup.zsh'
