[0.163s] DEBUG:colcon:Command line arguments: ['/usr/bin/colcon', 'build', '--packages-select', 'py06_urdf']
[0.164s] DEBUG:colcon:Parsed command line arguments: Namespace(log_base=None, log_level=None, verb_name='build', build_base='build', install_base='install', merge_install=False, symlink_install=False, test_result_base=None, continue_on_error=False, executor='parallel', parallel_workers=2, event_handlers=None, ignore_user_meta=False, metas=['./colcon.meta'], base_paths=['.'], packages_ignore=None, packages_ignore_regex=None, paths=None, packages_up_to=None, packages_up_to_regex=None, packages_above=None, packages_above_and_dependencies=None, packages_above_depth=None, packages_select_by_dep=None, packages_skip_by_dep=None, packages_skip_up_to=None, packages_select_build_failed=False, packages_skip_build_finished=False, packages_select_test_failures=False, packages_skip_test_passed=False, packages_select=['py06_urdf'], packages_skip=None, packages_select_regex=None, packages_skip_regex=None, packages_start=None, packages_end=None, allow_overriding=[], cmake_args=None, cmake_target=None, cmake_target_skip_unavailable=False, cmake_clean_cache=False, cmake_clean_first=False, cmake_force_configure=False, ament_cmake_args=None, catkin_cmake_args=None, catkin_skip_building_tests=False, mixin_files=None, mixin=None, verb_parser=<colcon_mixin.mixin.mixin_argument.MixinArgumentDecorator object at 0x75fe1a7a0350>, verb_extension=<colcon_core.verb.build.BuildVerb object at 0x75fe1a8ec560>, main=<bound method BuildVerb.main of <colcon_core.verb.build.BuildVerb object at 0x75fe1a8ec560>>, mixin_verb=('build',))
[0.217s] Level 1:colcon.colcon_core.package_discovery:discover_packages(colcon_meta) check parameters
[0.217s] Level 1:colcon.colcon_core.package_discovery:discover_packages(recursive) check parameters
[0.217s] Level 1:colcon.colcon_core.package_discovery:discover_packages(ignore) check parameters
[0.218s] Level 1:colcon.colcon_core.package_discovery:discover_packages(path) check parameters
[0.218s] Level 1:colcon.colcon_core.package_discovery:discover_packages(colcon_meta) discover
[0.218s] Level 1:colcon.colcon_core.package_discovery:discover_packages(recursive) discover
[0.218s] INFO:colcon.colcon_core.package_discovery:Crawling recursively for packages in '/home/huangbo/ros2_learn/tools_learn/src'
[0.218s] Level 1:colcon.colcon_core.package_identification:_identify(.) by extensions ['ignore', 'ignore_ament_install']
[0.218s] Level 1:colcon.colcon_core.package_identification:_identify(.) by extension 'ignore'
[0.218s] Level 1:colcon.colcon_core.package_identification:_identify(.) by extension 'ignore_ament_install'
[0.219s] Level 1:colcon.colcon_core.package_identification:_identify(.) by extensions ['colcon_pkg']
[0.219s] Level 1:colcon.colcon_core.package_identification:_identify(.) by extension 'colcon_pkg'
[0.219s] Level 1:colcon.colcon_core.package_identification:_identify(.) by extensions ['colcon_meta']
[0.219s] Level 1:colcon.colcon_core.package_identification:_identify(.) by extension 'colcon_meta'
[0.219s] Level 1:colcon.colcon_core.package_identification:_identify(.) by extensions ['ros']
[0.219s] Level 1:colcon.colcon_core.package_identification:_identify(.) by extension 'ros'
[0.255s] Level 1:colcon.colcon_core.package_identification:_identify(.) by extensions ['cmake', 'python']
[0.255s] Level 1:colcon.colcon_core.package_identification:_identify(.) by extension 'cmake'
[0.255s] Level 1:colcon.colcon_core.package_identification:_identify(.) by extension 'python'
[0.255s] Level 1:colcon.colcon_core.package_identification:_identify(.) by extensions ['python_setup_py']
[0.255s] Level 1:colcon.colcon_core.package_identification:_identify(.) by extension 'python_setup_py'
[0.255s] Level 1:colcon.colcon_core.package_identification:_identify(build) by extensions ['ignore', 'ignore_ament_install']
[0.256s] Level 1:colcon.colcon_core.package_identification:_identify(build) by extension 'ignore'
[0.256s] Level 1:colcon.colcon_core.package_identification:_identify(build) ignored
[0.256s] Level 1:colcon.colcon_core.package_identification:_identify(install) by extensions ['ignore', 'ignore_ament_install']
[0.256s] Level 1:colcon.colcon_core.package_identification:_identify(install) by extension 'ignore'
[0.256s] Level 1:colcon.colcon_core.package_identification:_identify(install) ignored
[0.256s] Level 1:colcon.colcon_core.package_identification:_identify(log) by extensions ['ignore', 'ignore_ament_install']
[0.256s] Level 1:colcon.colcon_core.package_identification:_identify(log) by extension 'ignore'
[0.256s] Level 1:colcon.colcon_core.package_identification:_identify(log) ignored
[0.256s] Level 1:colcon.colcon_core.package_identification:_identify(py01_launch) by extensions ['ignore', 'ignore_ament_install']
[0.256s] Level 1:colcon.colcon_core.package_identification:_identify(py01_launch) by extension 'ignore'
[0.256s] Level 1:colcon.colcon_core.package_identification:_identify(py01_launch) by extension 'ignore_ament_install'
[0.256s] Level 1:colcon.colcon_core.package_identification:_identify(py01_launch) by extensions ['colcon_pkg']
[0.256s] Level 1:colcon.colcon_core.package_identification:_identify(py01_launch) by extension 'colcon_pkg'
[0.257s] Level 1:colcon.colcon_core.package_identification:_identify(py01_launch) by extensions ['colcon_meta']
[0.257s] Level 1:colcon.colcon_core.package_identification:_identify(py01_launch) by extension 'colcon_meta'
[0.257s] Level 1:colcon.colcon_core.package_identification:_identify(py01_launch) by extensions ['ros']
[0.257s] Level 1:colcon.colcon_core.package_identification:_identify(py01_launch) by extension 'ros'
[0.260s] DEBUG:colcon.colcon_core.package_identification:Package 'py01_launch' with type 'ros.ament_python' and name 'py01_launch'
[0.260s] Level 1:colcon.colcon_core.package_identification:_identify(py02_rosbag) by extensions ['ignore', 'ignore_ament_install']
[0.260s] Level 1:colcon.colcon_core.package_identification:_identify(py02_rosbag) by extension 'ignore'
[0.260s] Level 1:colcon.colcon_core.package_identification:_identify(py02_rosbag) by extension 'ignore_ament_install'
[0.260s] Level 1:colcon.colcon_core.package_identification:_identify(py02_rosbag) by extensions ['colcon_pkg']
[0.260s] Level 1:colcon.colcon_core.package_identification:_identify(py02_rosbag) by extension 'colcon_pkg'
[0.261s] Level 1:colcon.colcon_core.package_identification:_identify(py02_rosbag) by extensions ['colcon_meta']
[0.261s] Level 1:colcon.colcon_core.package_identification:_identify(py02_rosbag) by extension 'colcon_meta'
[0.261s] Level 1:colcon.colcon_core.package_identification:_identify(py02_rosbag) by extensions ['ros']
[0.261s] Level 1:colcon.colcon_core.package_identification:_identify(py02_rosbag) by extension 'ros'
[0.262s] DEBUG:colcon.colcon_core.package_identification:Package 'py02_rosbag' with type 'ros.ament_python' and name 'py02_rosbag'
[0.262s] Level 1:colcon.colcon_core.package_identification:_identify(py03_broadcaster) by extensions ['ignore', 'ignore_ament_install']
[0.262s] Level 1:colcon.colcon_core.package_identification:_identify(py03_broadcaster) by extension 'ignore'
[0.262s] Level 1:colcon.colcon_core.package_identification:_identify(py03_broadcaster) by extension 'ignore_ament_install'
[0.262s] Level 1:colcon.colcon_core.package_identification:_identify(py03_broadcaster) by extensions ['colcon_pkg']
[0.262s] Level 1:colcon.colcon_core.package_identification:_identify(py03_broadcaster) by extension 'colcon_pkg'
[0.263s] Level 1:colcon.colcon_core.package_identification:_identify(py03_broadcaster) by extensions ['colcon_meta']
[0.263s] Level 1:colcon.colcon_core.package_identification:_identify(py03_broadcaster) by extension 'colcon_meta'
[0.263s] Level 1:colcon.colcon_core.package_identification:_identify(py03_broadcaster) by extensions ['ros']
[0.263s] Level 1:colcon.colcon_core.package_identification:_identify(py03_broadcaster) by extension 'ros'
[0.264s] DEBUG:colcon.colcon_core.package_identification:Package 'py03_broadcaster' with type 'ros.ament_python' and name 'py03_broadcaster'
[0.264s] Level 1:colcon.colcon_core.package_identification:_identify(py04_tf_listener) by extensions ['ignore', 'ignore_ament_install']
[0.264s] Level 1:colcon.colcon_core.package_identification:_identify(py04_tf_listener) by extension 'ignore'
[0.264s] Level 1:colcon.colcon_core.package_identification:_identify(py04_tf_listener) by extension 'ignore_ament_install'
[0.264s] Level 1:colcon.colcon_core.package_identification:_identify(py04_tf_listener) by extensions ['colcon_pkg']
[0.265s] Level 1:colcon.colcon_core.package_identification:_identify(py04_tf_listener) by extension 'colcon_pkg'
[0.265s] Level 1:colcon.colcon_core.package_identification:_identify(py04_tf_listener) by extensions ['colcon_meta']
[0.265s] Level 1:colcon.colcon_core.package_identification:_identify(py04_tf_listener) by extension 'colcon_meta'
[0.265s] Level 1:colcon.colcon_core.package_identification:_identify(py04_tf_listener) by extensions ['ros']
[0.265s] Level 1:colcon.colcon_core.package_identification:_identify(py04_tf_listener) by extension 'ros'
[0.267s] DEBUG:colcon.colcon_core.package_identification:Package 'py04_tf_listener' with type 'ros.ament_python' and name 'py04_tf_listener'
[0.267s] Level 1:colcon.colcon_core.package_identification:_identify(py05_exercise) by extensions ['ignore', 'ignore_ament_install']
[0.267s] Level 1:colcon.colcon_core.package_identification:_identify(py05_exercise) by extension 'ignore'
[0.267s] Level 1:colcon.colcon_core.package_identification:_identify(py05_exercise) by extension 'ignore_ament_install'
[0.267s] Level 1:colcon.colcon_core.package_identification:_identify(py05_exercise) by extensions ['colcon_pkg']
[0.268s] Level 1:colcon.colcon_core.package_identification:_identify(py05_exercise) by extension 'colcon_pkg'
[0.268s] Level 1:colcon.colcon_core.package_identification:_identify(py05_exercise) by extensions ['colcon_meta']
[0.268s] Level 1:colcon.colcon_core.package_identification:_identify(py05_exercise) by extension 'colcon_meta'
[0.268s] Level 1:colcon.colcon_core.package_identification:_identify(py05_exercise) by extensions ['ros']
[0.268s] Level 1:colcon.colcon_core.package_identification:_identify(py05_exercise) by extension 'ros'
[0.269s] DEBUG:colcon.colcon_core.package_identification:Package 'py05_exercise' with type 'ros.ament_python' and name 'py05_exercise'
[0.269s] Level 1:colcon.colcon_core.package_identification:_identify(py06_urdf) by extensions ['ignore', 'ignore_ament_install']
[0.269s] Level 1:colcon.colcon_core.package_identification:_identify(py06_urdf) by extension 'ignore'
[0.269s] Level 1:colcon.colcon_core.package_identification:_identify(py06_urdf) by extension 'ignore_ament_install'
[0.269s] Level 1:colcon.colcon_core.package_identification:_identify(py06_urdf) by extensions ['colcon_pkg']
[0.270s] Level 1:colcon.colcon_core.package_identification:_identify(py06_urdf) by extension 'colcon_pkg'
[0.270s] Level 1:colcon.colcon_core.package_identification:_identify(py06_urdf) by extensions ['colcon_meta']
[0.270s] Level 1:colcon.colcon_core.package_identification:_identify(py06_urdf) by extension 'colcon_meta'
[0.270s] Level 1:colcon.colcon_core.package_identification:_identify(py06_urdf) by extensions ['ros']
[0.270s] Level 1:colcon.colcon_core.package_identification:_identify(py06_urdf) by extension 'ros'
[0.271s] DEBUG:colcon.colcon_core.package_identification:Package 'py06_urdf' with type 'ros.ament_python' and name 'py06_urdf'
[0.271s] Level 1:colcon.colcon_core.package_discovery:discover_packages(recursive) using defaults
[0.271s] Level 1:colcon.colcon_core.package_discovery:discover_packages(ignore) discover
[0.271s] Level 1:colcon.colcon_core.package_discovery:discover_packages(ignore) using defaults
[0.271s] Level 1:colcon.colcon_core.package_discovery:discover_packages(path) discover
[0.271s] Level 1:colcon.colcon_core.package_discovery:discover_packages(path) using defaults
[0.296s] INFO:colcon.colcon_core.package_selection:Skipping not selected package 'py01_launch' in 'py01_launch'
[0.297s] INFO:colcon.colcon_core.package_selection:Skipping not selected package 'py02_rosbag' in 'py02_rosbag'
[0.297s] INFO:colcon.colcon_core.package_selection:Skipping not selected package 'py03_broadcaster' in 'py03_broadcaster'
[0.297s] INFO:colcon.colcon_core.package_selection:Skipping not selected package 'py04_tf_listener' in 'py04_tf_listener'
[0.297s] INFO:colcon.colcon_core.package_selection:Skipping not selected package 'py05_exercise' in 'py05_exercise'
[0.297s] Level 1:colcon.colcon_core.package_discovery:discover_packages(prefix_path) check parameters
[0.298s] Level 1:colcon.colcon_core.package_discovery:discover_packages(prefix_path) discover
[0.302s] DEBUG:colcon.colcon_installed_package_information.package_discovery:Found 292 installed packages in /opt/ros/jazzy
[0.304s] Level 1:colcon.colcon_core.package_discovery:discover_packages(prefix_path) using defaults
[0.346s] Level 5:colcon.colcon_core.verb:set package 'py06_urdf' build argument 'cmake_args' from command line to 'None'
[0.346s] Level 5:colcon.colcon_core.verb:set package 'py06_urdf' build argument 'cmake_target' from command line to 'None'
[0.346s] Level 5:colcon.colcon_core.verb:set package 'py06_urdf' build argument 'cmake_target_skip_unavailable' from command line to 'False'
[0.346s] Level 5:colcon.colcon_core.verb:set package 'py06_urdf' build argument 'cmake_clean_cache' from command line to 'False'
[0.346s] Level 5:colcon.colcon_core.verb:set package 'py06_urdf' build argument 'cmake_clean_first' from command line to 'False'
[0.347s] Level 5:colcon.colcon_core.verb:set package 'py06_urdf' build argument 'cmake_force_configure' from command line to 'False'
[0.347s] Level 5:colcon.colcon_core.verb:set package 'py06_urdf' build argument 'ament_cmake_args' from command line to 'None'
[0.347s] Level 5:colcon.colcon_core.verb:set package 'py06_urdf' build argument 'catkin_cmake_args' from command line to 'None'
[0.347s] Level 5:colcon.colcon_core.verb:set package 'py06_urdf' build argument 'catkin_skip_building_tests' from command line to 'False'
[0.347s] DEBUG:colcon.colcon_core.verb:Building package 'py06_urdf' with the following arguments: {'ament_cmake_args': None, 'build_base': '/home/huangbo/ros2_learn/tools_learn/src/build/py06_urdf', 'catkin_cmake_args': None, 'catkin_skip_building_tests': False, 'cmake_args': None, 'cmake_clean_cache': False, 'cmake_clean_first': False, 'cmake_force_configure': False, 'cmake_target': None, 'cmake_target_skip_unavailable': False, 'install_base': '/home/huangbo/ros2_learn/tools_learn/src/install/py06_urdf', 'merge_install': False, 'path': '/home/huangbo/ros2_learn/tools_learn/src/py06_urdf', 'symlink_install': False, 'test_result_base': None}
[0.347s] INFO:colcon.colcon_core.executor:Executing jobs using 'parallel' executor
[0.349s] DEBUG:colcon.colcon_parallel_executor.executor.parallel:run_until_complete
[0.349s] INFO:colcon.colcon_ros.task.ament_python.build:Building ROS package in '/home/huangbo/ros2_learn/tools_learn/src/py06_urdf' with build type 'ament_python'
[0.350s] Level 1:colcon.colcon_core.shell:create_environment_hook('py06_urdf', 'ament_prefix_path')
[0.356s] INFO:colcon.colcon_core.plugin_system:Skipping extension 'colcon_core.shell.bat': Not used on non-Windows systems
[0.357s] INFO:colcon.colcon_core.shell:Creating environment hook '/home/huangbo/ros2_learn/tools_learn/src/install/py06_urdf/share/py06_urdf/hook/ament_prefix_path.ps1'
[0.358s] INFO:colcon.colcon_core.shell:Creating environment descriptor '/home/huangbo/ros2_learn/tools_learn/src/install/py06_urdf/share/py06_urdf/hook/ament_prefix_path.dsv'
[0.359s] INFO:colcon.colcon_core.shell:Creating environment hook '/home/huangbo/ros2_learn/tools_learn/src/install/py06_urdf/share/py06_urdf/hook/ament_prefix_path.sh'
[0.360s] INFO:colcon.colcon_core.shell:Skip shell extension 'powershell' for command environment: Not usable outside of PowerShell
[0.360s] DEBUG:colcon.colcon_core.shell:Skip shell extension 'dsv' for command environment
[0.625s] INFO:colcon.colcon_core.task.python.build:Building Python package in '/home/huangbo/ros2_learn/tools_learn/src/py06_urdf'
[0.625s] INFO:colcon.colcon_core.shell:Skip shell extension 'powershell' for command environment: Not usable outside of PowerShell
[0.625s] DEBUG:colcon.colcon_core.shell:Skip shell extension 'dsv' for command environment
[1.408s] DEBUG:colcon.colcon_core.task.python.build:Available setuptools commands: build, compile_catalog, update_catalog, install_scripts, clean, register, bdist_wheel, check, alias, upload_docs, symlink_data, install_data, build_scripts, init_catalog, install, install_headers, upload, develop, extract_messages, saveopts, build_ext, easy_install, sdist, bdist_rpm, build_clib, install_lib, bdist, bdist_egg, setopt, bdist_dumb, editable_wheel, dist_info, rotate, egg_info, install_egg_info, test, build_py
[1.410s] DEBUG:colcon.colcon_core.event_handler.log_command:Invoking command in '/home/huangbo/ros2_learn/tools_learn/src/py06_urdf': DEBUGINFOD_URLS=https://debuginfod.ubuntu.com PYTHONPATH=/home/huangbo/ros2_learn/tools_learn/src/build/py06_urdf/prefix_override:/usr/lib/python3/dist-packages/colcon_core/task/python/colcon_distutils_commands:/home/huangbo/ros2_learn/tools_learn/src/install/py06_urdf/lib/python3.12/site-packages:${PYTHONPATH} /usr/bin/python3 -W ignore:setup.py install is deprecated -W ignore:easy_install command is deprecated setup.py egg_info --egg-base ../build/py06_urdf build --build-base /home/huangbo/ros2_learn/tools_learn/src/build/py06_urdf/build install --record /home/huangbo/ros2_learn/tools_learn/src/build/py06_urdf/install.log --install-scripts $base/lib/py06_urdf --single-version-externally-managed install_data
[2.016s] DEBUG:colcon.colcon_core.event_handler.log_command:Invoked command in '/home/huangbo/ros2_learn/tools_learn/src/py06_urdf' returned '0': DEBUGINFOD_URLS=https://debuginfod.ubuntu.com PYTHONPATH=/home/huangbo/ros2_learn/tools_learn/src/build/py06_urdf/prefix_override:/usr/lib/python3/dist-packages/colcon_core/task/python/colcon_distutils_commands:/home/huangbo/ros2_learn/tools_learn/src/install/py06_urdf/lib/python3.12/site-packages:${PYTHONPATH} /usr/bin/python3 -W ignore:setup.py install is deprecated -W ignore:easy_install command is deprecated setup.py egg_info --egg-base ../build/py06_urdf build --build-base /home/huangbo/ros2_learn/tools_learn/src/build/py06_urdf/build install --record /home/huangbo/ros2_learn/tools_learn/src/build/py06_urdf/install.log --install-scripts $base/lib/py06_urdf --single-version-externally-managed install_data
[2.021s] Level 1:colcon.colcon_core.environment:checking '/home/huangbo/ros2_learn/tools_learn/src/install/py06_urdf' for CMake module files
[2.021s] Level 1:colcon.colcon_core.environment:checking '/home/huangbo/ros2_learn/tools_learn/src/install/py06_urdf' for CMake config files
[2.022s] Level 1:colcon.colcon_core.environment:checking '/home/huangbo/ros2_learn/tools_learn/src/install/py06_urdf/lib'
[2.022s] Level 1:colcon.colcon_core.environment:checking '/home/huangbo/ros2_learn/tools_learn/src/install/py06_urdf/bin'
[2.022s] Level 1:colcon.colcon_core.environment:checking '/home/huangbo/ros2_learn/tools_learn/src/install/py06_urdf/lib/pkgconfig/py06_urdf.pc'
[2.023s] Level 1:colcon.colcon_core.environment:checking '/home/huangbo/ros2_learn/tools_learn/src/install/py06_urdf/lib/python3.12/site-packages'
[2.023s] Level 1:colcon.colcon_core.shell:create_environment_hook('py06_urdf', 'pythonpath')
[2.023s] INFO:colcon.colcon_core.shell:Creating environment hook '/home/huangbo/ros2_learn/tools_learn/src/install/py06_urdf/share/py06_urdf/hook/pythonpath.ps1'
[2.024s] INFO:colcon.colcon_core.shell:Creating environment descriptor '/home/huangbo/ros2_learn/tools_learn/src/install/py06_urdf/share/py06_urdf/hook/pythonpath.dsv'
[2.024s] INFO:colcon.colcon_core.shell:Creating environment hook '/home/huangbo/ros2_learn/tools_learn/src/install/py06_urdf/share/py06_urdf/hook/pythonpath.sh'
[2.025s] Level 1:colcon.colcon_core.environment:checking '/home/huangbo/ros2_learn/tools_learn/src/install/py06_urdf/bin'
[2.025s] Level 1:colcon.colcon_core.environment:create_environment_scripts_only(py06_urdf)
[2.025s] INFO:colcon.colcon_core.shell:Creating package script '/home/huangbo/ros2_learn/tools_learn/src/install/py06_urdf/share/py06_urdf/package.ps1'
[2.027s] INFO:colcon.colcon_core.shell:Creating package descriptor '/home/huangbo/ros2_learn/tools_learn/src/install/py06_urdf/share/py06_urdf/package.dsv'
[2.027s] INFO:colcon.colcon_core.shell:Creating package script '/home/huangbo/ros2_learn/tools_learn/src/install/py06_urdf/share/py06_urdf/package.sh'
[2.028s] INFO:colcon.colcon_core.shell:Creating package script '/home/huangbo/ros2_learn/tools_learn/src/install/py06_urdf/share/py06_urdf/package.bash'
[2.030s] INFO:colcon.colcon_core.shell:Creating package script '/home/huangbo/ros2_learn/tools_learn/src/install/py06_urdf/share/py06_urdf/package.zsh'
[2.031s] Level 1:colcon.colcon_core.environment:create_file_with_runtime_dependencies(/home/huangbo/ros2_learn/tools_learn/src/install/py06_urdf/share/colcon-core/packages/py06_urdf)
[2.032s] DEBUG:colcon.colcon_parallel_executor.executor.parallel:closing loop
[2.032s] DEBUG:colcon.colcon_parallel_executor.executor.parallel:loop closed
[2.033s] DEBUG:colcon.colcon_parallel_executor.executor.parallel:run_until_complete finished with '0'
[2.033s] DEBUG:colcon.colcon_core.event_reactor:joining thread
[2.035s] DEBUG:colcon.colcon_core.event_reactor:joined thread
[2.035s] INFO:colcon.colcon_core.shell:Creating prefix script '/home/huangbo/ros2_learn/tools_learn/src/install/local_setup.ps1'
[2.037s] INFO:colcon.colcon_core.shell:Creating prefix util module '/home/huangbo/ros2_learn/tools_learn/src/install/_local_setup_util_ps1.py'
[2.038s] INFO:colcon.colcon_core.shell:Creating prefix chain script '/home/huangbo/ros2_learn/tools_learn/src/install/setup.ps1'
[2.039s] INFO:colcon.colcon_core.shell:Creating prefix script '/home/huangbo/ros2_learn/tools_learn/src/install/local_setup.sh'
[2.040s] INFO:colcon.colcon_core.shell:Creating prefix util module '/home/huangbo/ros2_learn/tools_learn/src/install/_local_setup_util_sh.py'
[2.041s] INFO:colcon.colcon_core.shell:Creating prefix chain script '/home/huangbo/ros2_learn/tools_learn/src/install/setup.sh'
[2.042s] INFO:colcon.colcon_core.shell:Creating prefix script '/home/huangbo/ros2_learn/tools_learn/src/install/local_setup.bash'
[2.043s] INFO:colcon.colcon_core.shell:Creating prefix chain script '/home/huangbo/ros2_learn/tools_learn/src/install/setup.bash'
[2.044s] INFO:colcon.colcon_core.shell:Creating prefix script '/home/huangbo/ros2_learn/tools_learn/src/install/local_setup.zsh'
[2.045s] INFO:colcon.colcon_core.shell:Creating prefix chain script '/home/huangbo/ros2_learn/tools_learn/src/install/setup.zsh'
