[1.981s] Invoking command in '/home/huangbo/ros2_learn/tongxun_learn/src/base_tongxun_s': DEBUGINFOD_URLS=https://debuginfod.ubuntu.com PYTHONPATH=/home/huangbo/ros2_learn/tongxun_learn/src/build/base_tongxun_s/prefix_override:/usr/lib/python3/dist-packages/colcon_core/task/python/colcon_distutils_commands:/home/huangbo/ros2_learn/tongxun_learn/src/install/base_tongxun_s/lib/python3.12/site-packages:${PYTHONPATH} /usr/bin/python3 -W ignore:setup.py install is deprecated -W ignore:easy_install command is deprecated setup.py egg_info --egg-base ../build/base_tongxun_s build --build-base /home/huangbo/ros2_learn/tongxun_learn/src/build/base_tongxun_s/build install --record /home/huangbo/ros2_learn/tongxun_learn/src/build/base_tongxun_s/install.log --install-scripts $base/lib/base_tongxun_s --single-version-externally-managed install_data
[2.545s] running egg_info
[2.546s] creating ../build/base_tongxun_s/base_tongxun_s.egg-info
[2.569s] writing ../build/base_tongxun_s/base_tongxun_s.egg-info/PKG-INFO
[2.569s] writing dependency_links to ../build/base_tongxun_s/base_tongxun_s.egg-info/dependency_links.txt
[2.570s] writing requirements to ../build/base_tongxun_s/base_tongxun_s.egg-info/requires.txt
[2.571s] writing top-level names to ../build/base_tongxun_s/base_tongxun_s.egg-info/top_level.txt
[2.571s] writing manifest file '../build/base_tongxun_s/base_tongxun_s.egg-info/SOURCES.txt'
[2.631s] reading manifest file '../build/base_tongxun_s/base_tongxun_s.egg-info/SOURCES.txt'
[2.631s] writing manifest file '../build/base_tongxun_s/base_tongxun_s.egg-info/SOURCES.txt'
[2.631s] running build
[2.632s] running build_py
[2.633s] creating /home/huangbo/ros2_learn/tongxun_learn/src/build/base_tongxun_s/build
[2.634s] creating /home/huangbo/ros2_learn/tongxun_learn/src/build/base_tongxun_s/build/lib
[2.636s] creating /home/huangbo/ros2_learn/tongxun_learn/src/build/base_tongxun_s/build/lib/base_tongxun_s
[2.637s] copying base_tongxun_s/__init__.py -> /home/huangbo/ros2_learn/tongxun_learn/src/build/base_tongxun_s/build/lib/base_tongxun_s
[2.637s] running install
[2.642s] running install_lib
[2.691s] creating /home/huangbo/ros2_learn/tongxun_learn/src/install/base_tongxun_s/lib/python3.12/site-packages/base_tongxun_s
[2.692s] copying /home/huangbo/ros2_learn/tongxun_learn/src/build/base_tongxun_s/build/lib/base_tongxun_s/__init__.py -> /home/huangbo/ros2_learn/tongxun_learn/src/install/base_tongxun_s/lib/python3.12/site-packages/base_tongxun_s
[2.694s] byte-compiling /home/huangbo/ros2_learn/tongxun_learn/src/install/base_tongxun_s/lib/python3.12/site-packages/base_tongxun_s/__init__.py to __init__.cpython-312.pyc
[2.695s] running install_data
[2.695s] creating /home/huangbo/ros2_learn/tongxun_learn/src/install/base_tongxun_s/share/ament_index
[2.696s] creating /home/huangbo/ros2_learn/tongxun_learn/src/install/base_tongxun_s/share/ament_index/resource_index
[2.696s] creating /home/huangbo/ros2_learn/tongxun_learn/src/install/base_tongxun_s/share/ament_index/resource_index/packages
[2.697s] copying resource/base_tongxun_s -> /home/huangbo/ros2_learn/tongxun_learn/src/install/base_tongxun_s/share/ament_index/resource_index/packages
[2.697s] copying package.xml -> /home/huangbo/ros2_learn/tongxun_learn/src/install/base_tongxun_s/share/base_tongxun_s
[2.698s] running install_egg_info
[2.727s] Copying ../build/base_tongxun_s/base_tongxun_s.egg-info to /home/huangbo/ros2_learn/tongxun_learn/src/install/base_tongxun_s/lib/python3.12/site-packages/base_tongxun_s-0.0.0-py3.12.egg-info
[2.729s] running install_scripts
[2.902s] writing list of installed files to '/home/huangbo/ros2_learn/tongxun_learn/src/build/base_tongxun_s/install.log'
[2.968s] Invoked command in '/home/huangbo/ros2_learn/tongxun_learn/src/base_tongxun_s' returned '0': DEBUGINFOD_URLS=https://debuginfod.ubuntu.com PYTHONPATH=/home/huangbo/ros2_learn/tongxun_learn/src/build/base_tongxun_s/prefix_override:/usr/lib/python3/dist-packages/colcon_core/task/python/colcon_distutils_commands:/home/huangbo/ros2_learn/tongxun_learn/src/install/base_tongxun_s/lib/python3.12/site-packages:${PYTHONPATH} /usr/bin/python3 -W ignore:setup.py install is deprecated -W ignore:easy_install command is deprecated setup.py egg_info --egg-base ../build/base_tongxun_s build --build-base /home/huangbo/ros2_learn/tongxun_learn/src/build/base_tongxun_s/build install --record /home/huangbo/ros2_learn/tongxun_learn/src/build/base_tongxun_s/install.log --install-scripts $base/lib/base_tongxun_s --single-version-externally-managed install_data
