[2.237s] Invoking command in '/home/huangbo/ros2_learn/tongxun_learn/src/py02_service_my': DEBUGINFOD_URLS=https://debuginfod.ubuntu.com PYTHONPATH=/home/huangbo/ros2_learn/tongxun_learn/build/py02_service_my/prefix_override:/usr/lib/python3/dist-packages/colcon_core/task/python/colcon_distutils_commands:/home/huangbo/ros2_learn/tongxun_learn/install/py02_service_my/lib/python3.12/site-packages:${PYTHONPATH} /usr/bin/python3 -W ignore:setup.py install is deprecated -W ignore:easy_install command is deprecated setup.py egg_info --egg-base ../../build/py02_service_my build --build-base /home/huangbo/ros2_learn/tongxun_learn/build/py02_service_my/build install --record /home/huangbo/ros2_learn/tongxun_learn/build/py02_service_my/install.log --install-scripts $base/lib/py02_service_my --single-version-externally-managed install_data
[2.569s] running egg_info
[2.571s] creating ../../build/py02_service_my/py02_service_my.egg-info
[2.592s] writing ../../build/py02_service_my/py02_service_my.egg-info/PKG-INFO
[2.593s] writing dependency_links to ../../build/py02_service_my/py02_service_my.egg-info/dependency_links.txt
[2.594s] writing entry points to ../../build/py02_service_my/py02_service_my.egg-info/entry_points.txt
[2.597s] writing requirements to ../../build/py02_service_my/py02_service_my.egg-info/requires.txt
[2.597s] writing top-level names to ../../build/py02_service_my/py02_service_my.egg-info/top_level.txt
[2.597s] writing manifest file '../../build/py02_service_my/py02_service_my.egg-info/SOURCES.txt'
[2.640s] reading manifest file '../../build/py02_service_my/py02_service_my.egg-info/SOURCES.txt'
[2.641s] writing manifest file '../../build/py02_service_my/py02_service_my.egg-info/SOURCES.txt'
[2.642s] running build
[2.642s] running build_py
[2.643s] creating /home/huangbo/ros2_learn/tongxun_learn/build/py02_service_my/build
[2.643s] creating /home/huangbo/ros2_learn/tongxun_learn/build/py02_service_my/build/lib
[2.644s] creating /home/huangbo/ros2_learn/tongxun_learn/build/py02_service_my/build/lib/py02_service_my
[2.644s] copying py02_service_my/demo_server_py.py -> /home/huangbo/ros2_learn/tongxun_learn/build/py02_service_my/build/lib/py02_service_my
[2.645s] copying py02_service_my/demo_client_py.py -> /home/huangbo/ros2_learn/tongxun_learn/build/py02_service_my/build/lib/py02_service_my
[2.645s] copying py02_service_my/__init__.py -> /home/huangbo/ros2_learn/tongxun_learn/build/py02_service_my/build/lib/py02_service_my
[2.646s] running install
[2.652s] running install_lib
[2.673s] creating /home/huangbo/ros2_learn/tongxun_learn/install/py02_service_my/lib/python3.12/site-packages/py02_service_my
[2.676s] copying /home/huangbo/ros2_learn/tongxun_learn/build/py02_service_my/build/lib/py02_service_my/demo_server_py.py -> /home/huangbo/ros2_learn/tongxun_learn/install/py02_service_my/lib/python3.12/site-packages/py02_service_my
[2.677s] copying /home/huangbo/ros2_learn/tongxun_learn/build/py02_service_my/build/lib/py02_service_my/demo_client_py.py -> /home/huangbo/ros2_learn/tongxun_learn/install/py02_service_my/lib/python3.12/site-packages/py02_service_my
[2.677s] copying /home/huangbo/ros2_learn/tongxun_learn/build/py02_service_my/build/lib/py02_service_my/__init__.py -> /home/huangbo/ros2_learn/tongxun_learn/install/py02_service_my/lib/python3.12/site-packages/py02_service_my
[2.678s] byte-compiling /home/huangbo/ros2_learn/tongxun_learn/install/py02_service_my/lib/python3.12/site-packages/py02_service_my/demo_server_py.py to demo_server_py.cpython-312.pyc
[2.678s] byte-compiling /home/huangbo/ros2_learn/tongxun_learn/install/py02_service_my/lib/python3.12/site-packages/py02_service_my/demo_client_py.py to demo_client_py.cpython-312.pyc
[2.679s] byte-compiling /home/huangbo/ros2_learn/tongxun_learn/install/py02_service_my/lib/python3.12/site-packages/py02_service_my/__init__.py to __init__.cpython-312.pyc
[2.680s] running install_data
[2.682s] creating /home/huangbo/ros2_learn/tongxun_learn/install/py02_service_my/share/ament_index
[2.682s] creating /home/huangbo/ros2_learn/tongxun_learn/install/py02_service_my/share/ament_index/resource_index
[2.682s] creating /home/huangbo/ros2_learn/tongxun_learn/install/py02_service_my/share/ament_index/resource_index/packages
[2.683s] copying resource/py02_service_my -> /home/huangbo/ros2_learn/tongxun_learn/install/py02_service_my/share/ament_index/resource_index/packages
[2.683s] copying package.xml -> /home/huangbo/ros2_learn/tongxun_learn/install/py02_service_my/share/py02_service_my
[2.685s] running install_egg_info
[2.704s] Copying ../../build/py02_service_my/py02_service_my.egg-info to /home/huangbo/ros2_learn/tongxun_learn/install/py02_service_my/lib/python3.12/site-packages/py02_service_my-0.0.0-py3.12.egg-info
[2.705s] running install_scripts
[2.916s] Installing demo_client_py script to /home/huangbo/ros2_learn/tongxun_learn/install/py02_service_my/lib/py02_service_my
[2.916s] Installing demo_server_py script to /home/huangbo/ros2_learn/tongxun_learn/install/py02_service_my/lib/py02_service_my
[2.916s] writing list of installed files to '/home/huangbo/ros2_learn/tongxun_learn/build/py02_service_my/install.log'
[2.961s] Invoked command in '/home/huangbo/ros2_learn/tongxun_learn/src/py02_service_my' returned '0': DEBUGINFOD_URLS=https://debuginfod.ubuntu.com PYTHONPATH=/home/huangbo/ros2_learn/tongxun_learn/build/py02_service_my/prefix_override:/usr/lib/python3/dist-packages/colcon_core/task/python/colcon_distutils_commands:/home/huangbo/ros2_learn/tongxun_learn/install/py02_service_my/lib/python3.12/site-packages:${PYTHONPATH} /usr/bin/python3 -W ignore:setup.py install is deprecated -W ignore:easy_install command is deprecated setup.py egg_info --egg-base ../../build/py02_service_my build --build-base /home/huangbo/ros2_learn/tongxun_learn/build/py02_service_my/build install --record /home/huangbo/ros2_learn/tongxun_learn/build/py02_service_my/install.log --install-scripts $base/lib/py02_service_my --single-version-externally-managed install_data
