[1.160s] Invoking command in '/home/huangbo/ros2_learn/tools_learn/src/py03_broadcaster': DEBUGINFOD_URLS=https://debuginfod.ubuntu.com PYTHONPATH=/home/huangbo/ros2_learn/tools_learn/build/py03_broadcaster/prefix_override:/usr/lib/python3/dist-packages/colcon_core/task/python/colcon_distutils_commands:/home/huangbo/ros2_learn/tools_learn/install/py03_broadcaster/lib/python3.12/site-packages:${PYTHONPATH} /usr/bin/python3 -W ignore:setup.py install is deprecated -W ignore:easy_install command is deprecated setup.py egg_info --egg-base ../../build/py03_broadcaster build --build-base /home/huangbo/ros2_learn/tools_learn/build/py03_broadcaster/build install --record /home/huangbo/ros2_learn/tools_learn/build/py03_broadcaster/install.log --install-scripts $base/lib/py03_broadcaster --single-version-externally-managed install_data
[1.498s] running egg_info
[1.539s] writing ../../build/py03_broadcaster/py03_broadcaster.egg-info/PKG-INFO
[1.540s] writing dependency_links to ../../build/py03_broadcaster/py03_broadcaster.egg-info/dependency_links.txt
[1.542s] writing entry points to ../../build/py03_broadcaster/py03_broadcaster.egg-info/entry_points.txt
[1.544s] writing requirements to ../../build/py03_broadcaster/py03_broadcaster.egg-info/requires.txt
[1.546s] writing top-level names to ../../build/py03_broadcaster/py03_broadcaster.egg-info/top_level.txt
[1.605s] reading manifest file '../../build/py03_broadcaster/py03_broadcaster.egg-info/SOURCES.txt'
[1.607s] writing manifest file '../../build/py03_broadcaster/py03_broadcaster.egg-info/SOURCES.txt'
[1.608s] running build
[1.609s] running build_py
[1.610s] running install
[1.615s] running install_lib
[1.642s] running install_data
[1.643s] running install_egg_info
[1.677s] removing '/home/huangbo/ros2_learn/tools_learn/install/py03_broadcaster/lib/python3.12/site-packages/py03_broadcaster-0.0.0-py3.12.egg-info' (and everything under it)
[1.682s] Copying ../../build/py03_broadcaster/py03_broadcaster.egg-info to /home/huangbo/ros2_learn/tools_learn/install/py03_broadcaster/lib/python3.12/site-packages/py03_broadcaster-0.0.0-py3.12.egg-info
[1.692s] running install_scripts
[1.920s] Installing demo01_tf_static_broadcaster_py script to /home/huangbo/ros2_learn/tools_learn/install/py03_broadcaster/lib/py03_broadcaster
[1.924s] Installing demo02_dongtai_broadcaster_py script to /home/huangbo/ros2_learn/tools_learn/install/py03_broadcaster/lib/py03_broadcaster
[1.936s] Installing demo03_pub_point_py script to /home/huangbo/ros2_learn/tools_learn/install/py03_broadcaster/lib/py03_broadcaster
[1.945s] writing list of installed files to '/home/huangbo/ros2_learn/tools_learn/build/py03_broadcaster/install.log'
[2.034s] Invoked command in '/home/huangbo/ros2_learn/tools_learn/src/py03_broadcaster' returned '0': DEBUGINFOD_URLS=https://debuginfod.ubuntu.com PYTHONPATH=/home/huangbo/ros2_learn/tools_learn/build/py03_broadcaster/prefix_override:/usr/lib/python3/dist-packages/colcon_core/task/python/colcon_distutils_commands:/home/huangbo/ros2_learn/tools_learn/install/py03_broadcaster/lib/python3.12/site-packages:${PYTHONPATH} /usr/bin/python3 -W ignore:setup.py install is deprecated -W ignore:easy_install command is deprecated setup.py egg_info --egg-base ../../build/py03_broadcaster build --build-base /home/huangbo/ros2_learn/tools_learn/build/py03_broadcaster/build install --record /home/huangbo/ros2_learn/tools_learn/build/py03_broadcaster/install.log --install-scripts $base/lib/py03_broadcaster --single-version-externally-managed install_data
