[0.142s] DEBUG:colcon:Command line arguments: ['/usr/bin/colcon', 'build', '--packages-select', 'py07_jx']
[0.142s] DEBUG:colcon:Parsed command line arguments: Namespace(log_base=None, log_level=None, verb_name='build', build_base='build', install_base='install', merge_install=False, symlink_install=False, test_result_base=None, continue_on_error=False, executor='parallel', parallel_workers=2, event_handlers=None, ignore_user_meta=False, metas=['./colcon.meta'], base_paths=['.'], packages_ignore=None, packages_ignore_regex=None, paths=None, packages_up_to=None, packages_up_to_regex=None, packages_above=None, packages_above_and_dependencies=None, packages_above_depth=None, packages_select_by_dep=None, packages_skip_by_dep=None, packages_skip_up_to=None, packages_select_build_failed=False, packages_skip_build_finished=False, packages_select_test_failures=False, packages_skip_test_passed=False, packages_select=['py07_jx'], packages_skip=None, packages_select_regex=None, packages_skip_regex=None, packages_start=None, packages_end=None, allow_overriding=[], cmake_args=None, cmake_target=None, cmake_target_skip_unavailable=False, cmake_clean_cache=False, cmake_clean_first=False, cmake_force_configure=False, ament_cmake_args=None, catkin_cmake_args=None, catkin_skip_building_tests=False, mixin_files=None, mixin=None, verb_parser=<colcon_mixin.mixin.mixin_argument.MixinArgumentDecorator object at 0x76f88ef79af0>, verb_extension=<colcon_core.verb.build.BuildVerb object at 0x76f88ef219a0>, main=<bound method BuildVerb.main of <colcon_core.verb.build.BuildVerb object at 0x76f88ef219a0>>, mixin_verb=('build',))
[0.185s] Level 1:colcon.colcon_core.package_discovery:discover_packages(colcon_meta) check parameters
[0.186s] Level 1:colcon.colcon_core.package_discovery:discover_packages(recursive) check parameters
[0.186s] Level 1:colcon.colcon_core.package_discovery:discover_packages(ignore) check parameters
[0.186s] Level 1:colcon.colcon_core.package_discovery:discover_packages(path) check parameters
[0.186s] Level 1:colcon.colcon_core.package_discovery:discover_packages(colcon_meta) discover
[0.186s] Level 1:colcon.colcon_core.package_discovery:discover_packages(recursive) discover
[0.186s] INFO:colcon.colcon_core.package_discovery:Crawling recursively for packages in '/home/huangbo/ros2_learn/tongxun_learn'
[0.186s] Level 1:colcon.colcon_core.package_identification:_identify(.) by extensions ['ignore', 'ignore_ament_install']
[0.187s] Level 1:colcon.colcon_core.package_identification:_identify(.) by extension 'ignore'
[0.187s] Level 1:colcon.colcon_core.package_identification:_identify(.) by extension 'ignore_ament_install'
[0.187s] Level 1:colcon.colcon_core.package_identification:_identify(.) by extensions ['colcon_pkg']
[0.187s] Level 1:colcon.colcon_core.package_identification:_identify(.) by extension 'colcon_pkg'
[0.187s] Level 1:colcon.colcon_core.package_identification:_identify(.) by extensions ['colcon_meta']
[0.187s] Level 1:colcon.colcon_core.package_identification:_identify(.) by extension 'colcon_meta'
[0.187s] Level 1:colcon.colcon_core.package_identification:_identify(.) by extensions ['ros']
[0.187s] Level 1:colcon.colcon_core.package_identification:_identify(.) by extension 'ros'
[0.227s] Level 1:colcon.colcon_core.package_identification:_identify(.) by extensions ['cmake', 'python']
[0.227s] Level 1:colcon.colcon_core.package_identification:_identify(.) by extension 'cmake'
[0.227s] Level 1:colcon.colcon_core.package_identification:_identify(.) by extension 'python'
[0.227s] Level 1:colcon.colcon_core.package_identification:_identify(.) by extensions ['python_setup_py']
[0.227s] Level 1:colcon.colcon_core.package_identification:_identify(.) by extension 'python_setup_py'
[0.227s] Level 1:colcon.colcon_core.package_identification:_identify(build) by extensions ['ignore', 'ignore_ament_install']
[0.228s] Level 1:colcon.colcon_core.package_identification:_identify(build) by extension 'ignore'
[0.228s] Level 1:colcon.colcon_core.package_identification:_identify(build) ignored
[0.228s] Level 1:colcon.colcon_core.package_identification:_identify(install) by extensions ['ignore', 'ignore_ament_install']
[0.228s] Level 1:colcon.colcon_core.package_identification:_identify(install) by extension 'ignore'
[0.228s] Level 1:colcon.colcon_core.package_identification:_identify(install) ignored
[0.229s] Level 1:colcon.colcon_core.package_identification:_identify(log) by extensions ['ignore', 'ignore_ament_install']
[0.229s] Level 1:colcon.colcon_core.package_identification:_identify(log) by extension 'ignore'
[0.229s] Level 1:colcon.colcon_core.package_identification:_identify(log) ignored
[0.229s] Level 1:colcon.colcon_core.package_identification:_identify(src) by extensions ['ignore', 'ignore_ament_install']
[0.229s] Level 1:colcon.colcon_core.package_identification:_identify(src) by extension 'ignore'
[0.229s] Level 1:colcon.colcon_core.package_identification:_identify(src) by extension 'ignore_ament_install'
[0.229s] Level 1:colcon.colcon_core.package_identification:_identify(src) by extensions ['colcon_pkg']
[0.229s] Level 1:colcon.colcon_core.package_identification:_identify(src) by extension 'colcon_pkg'
[0.230s] Level 1:colcon.colcon_core.package_identification:_identify(src) by extensions ['colcon_meta']
[0.230s] Level 1:colcon.colcon_core.package_identification:_identify(src) by extension 'colcon_meta'
[0.230s] Level 1:colcon.colcon_core.package_identification:_identify(src) by extensions ['ros']
[0.230s] Level 1:colcon.colcon_core.package_identification:_identify(src) by extension 'ros'
[0.230s] Level 1:colcon.colcon_core.package_identification:_identify(src) by extensions ['cmake', 'python']
[0.230s] Level 1:colcon.colcon_core.package_identification:_identify(src) by extension 'cmake'
[0.230s] Level 1:colcon.colcon_core.package_identification:_identify(src) by extension 'python'
[0.230s] Level 1:colcon.colcon_core.package_identification:_identify(src) by extensions ['python_setup_py']
[0.230s] Level 1:colcon.colcon_core.package_identification:_identify(src) by extension 'python_setup_py'
[0.231s] Level 1:colcon.colcon_core.package_identification:_identify(src/base_tongxun_s) by extensions ['ignore', 'ignore_ament_install']
[0.231s] Level 1:colcon.colcon_core.package_identification:_identify(src/base_tongxun_s) by extension 'ignore'
[0.231s] Level 1:colcon.colcon_core.package_identification:_identify(src/base_tongxun_s) by extension 'ignore_ament_install'
[0.231s] Level 1:colcon.colcon_core.package_identification:_identify(src/base_tongxun_s) by extensions ['colcon_pkg']
[0.231s] Level 1:colcon.colcon_core.package_identification:_identify(src/base_tongxun_s) by extension 'colcon_pkg'
[0.231s] Level 1:colcon.colcon_core.package_identification:_identify(src/base_tongxun_s) by extensions ['colcon_meta']
[0.231s] Level 1:colcon.colcon_core.package_identification:_identify(src/base_tongxun_s) by extension 'colcon_meta'
[0.232s] Level 1:colcon.colcon_core.package_identification:_identify(src/base_tongxun_s) by extensions ['ros']
[0.232s] Level 1:colcon.colcon_core.package_identification:_identify(src/base_tongxun_s) by extension 'ros'
[0.235s] DEBUG:colcon.colcon_core.package_identification:Package 'src/base_tongxun_s' with type 'ros.ament_python' and name 'base_tongxun_s'
[0.235s] Level 1:colcon.colcon_core.package_identification:_identify(src/build) by extensions ['ignore', 'ignore_ament_install']
[0.235s] Level 1:colcon.colcon_core.package_identification:_identify(src/build) by extension 'ignore'
[0.235s] Level 1:colcon.colcon_core.package_identification:_identify(src/build) ignored
[0.235s] Level 1:colcon.colcon_core.package_identification:_identify(src/install) by extensions ['ignore', 'ignore_ament_install']
[0.236s] Level 1:colcon.colcon_core.package_identification:_identify(src/install) by extension 'ignore'
[0.236s] Level 1:colcon.colcon_core.package_identification:_identify(src/install) ignored
[0.236s] Level 1:colcon.colcon_core.package_identification:_identify(src/log) by extensions ['ignore', 'ignore_ament_install']
[0.236s] Level 1:colcon.colcon_core.package_identification:_identify(src/log) by extension 'ignore'
[0.236s] Level 1:colcon.colcon_core.package_identification:_identify(src/log) ignored
[0.236s] Level 1:colcon.colcon_core.package_identification:_identify(src/py01_topic) by extensions ['ignore', 'ignore_ament_install']
[0.236s] Level 1:colcon.colcon_core.package_identification:_identify(src/py01_topic) by extension 'ignore'
[0.236s] Level 1:colcon.colcon_core.package_identification:_identify(src/py01_topic) by extension 'ignore_ament_install'
[0.236s] Level 1:colcon.colcon_core.package_identification:_identify(src/py01_topic) by extensions ['colcon_pkg']
[0.236s] Level 1:colcon.colcon_core.package_identification:_identify(src/py01_topic) by extension 'colcon_pkg'
[0.237s] Level 1:colcon.colcon_core.package_identification:_identify(src/py01_topic) by extensions ['colcon_meta']
[0.237s] Level 1:colcon.colcon_core.package_identification:_identify(src/py01_topic) by extension 'colcon_meta'
[0.237s] Level 1:colcon.colcon_core.package_identification:_identify(src/py01_topic) by extensions ['ros']
[0.237s] Level 1:colcon.colcon_core.package_identification:_identify(src/py01_topic) by extension 'ros'
[0.237s] DEBUG:colcon.colcon_core.package_identification:Package 'src/py01_topic' with type 'ros.ament_python' and name 'py01_topic'
[0.238s] Level 1:colcon.colcon_core.package_identification:_identify(src/py02_service) by extensions ['ignore', 'ignore_ament_install']
[0.238s] Level 1:colcon.colcon_core.package_identification:_identify(src/py02_service) by extension 'ignore'
[0.238s] Level 1:colcon.colcon_core.package_identification:_identify(src/py02_service) by extension 'ignore_ament_install'
[0.238s] Level 1:colcon.colcon_core.package_identification:_identify(src/py02_service) by extensions ['colcon_pkg']
[0.238s] Level 1:colcon.colcon_core.package_identification:_identify(src/py02_service) by extension 'colcon_pkg'
[0.238s] Level 1:colcon.colcon_core.package_identification:_identify(src/py02_service) by extensions ['colcon_meta']
[0.238s] Level 1:colcon.colcon_core.package_identification:_identify(src/py02_service) by extension 'colcon_meta'
[0.238s] Level 1:colcon.colcon_core.package_identification:_identify(src/py02_service) by extensions ['ros']
[0.239s] Level 1:colcon.colcon_core.package_identification:_identify(src/py02_service) by extension 'ros'
[0.239s] DEBUG:colcon.colcon_core.package_identification:Package 'src/py02_service' with type 'ros.ament_python' and name 'py02_service'
[0.239s] Level 1:colcon.colcon_core.package_identification:_identify(src/py02_service_my) by extensions ['ignore', 'ignore_ament_install']
[0.239s] Level 1:colcon.colcon_core.package_identification:_identify(src/py02_service_my) by extension 'ignore'
[0.239s] Level 1:colcon.colcon_core.package_identification:_identify(src/py02_service_my) by extension 'ignore_ament_install'
[0.240s] Level 1:colcon.colcon_core.package_identification:_identify(src/py02_service_my) by extensions ['colcon_pkg']
[0.240s] Level 1:colcon.colcon_core.package_identification:_identify(src/py02_service_my) by extension 'colcon_pkg'
[0.240s] Level 1:colcon.colcon_core.package_identification:_identify(src/py02_service_my) by extensions ['colcon_meta']
[0.240s] Level 1:colcon.colcon_core.package_identification:_identify(src/py02_service_my) by extension 'colcon_meta'
[0.240s] Level 1:colcon.colcon_core.package_identification:_identify(src/py02_service_my) by extensions ['ros']
[0.240s] Level 1:colcon.colcon_core.package_identification:_identify(src/py02_service_my) by extension 'ros'
[0.241s] DEBUG:colcon.colcon_core.package_identification:Package 'src/py02_service_my' with type 'ros.ament_python' and name 'py02_service_my'
[0.241s] Level 1:colcon.colcon_core.package_identification:_identify(src/py03_acton) by extensions ['ignore', 'ignore_ament_install']
[0.241s] Level 1:colcon.colcon_core.package_identification:_identify(src/py03_acton) by extension 'ignore'
[0.241s] Level 1:colcon.colcon_core.package_identification:_identify(src/py03_acton) by extension 'ignore_ament_install'
[0.241s] Level 1:colcon.colcon_core.package_identification:_identify(src/py03_acton) by extensions ['colcon_pkg']
[0.241s] Level 1:colcon.colcon_core.package_identification:_identify(src/py03_acton) by extension 'colcon_pkg'
[0.241s] Level 1:colcon.colcon_core.package_identification:_identify(src/py03_acton) by extensions ['colcon_meta']
[0.241s] Level 1:colcon.colcon_core.package_identification:_identify(src/py03_acton) by extension 'colcon_meta'
[0.242s] Level 1:colcon.colcon_core.package_identification:_identify(src/py03_acton) by extensions ['ros']
[0.242s] Level 1:colcon.colcon_core.package_identification:_identify(src/py03_acton) by extension 'ros'
[0.242s] DEBUG:colcon.colcon_core.package_identification:Package 'src/py03_acton' with type 'ros.ament_python' and name 'py03_acton'
[0.242s] Level 1:colcon.colcon_core.package_identification:_identify(src/py04_param) by extensions ['ignore', 'ignore_ament_install']
[0.242s] Level 1:colcon.colcon_core.package_identification:_identify(src/py04_param) by extension 'ignore'
[0.243s] Level 1:colcon.colcon_core.package_identification:_identify(src/py04_param) by extension 'ignore_ament_install'
[0.243s] Level 1:colcon.colcon_core.package_identification:_identify(src/py04_param) by extensions ['colcon_pkg']
[0.243s] Level 1:colcon.colcon_core.package_identification:_identify(src/py04_param) by extension 'colcon_pkg'
[0.243s] Level 1:colcon.colcon_core.package_identification:_identify(src/py04_param) by extensions ['colcon_meta']
[0.243s] Level 1:colcon.colcon_core.package_identification:_identify(src/py04_param) by extension 'colcon_meta'
[0.243s] Level 1:colcon.colcon_core.package_identification:_identify(src/py04_param) by extensions ['ros']
[0.243s] Level 1:colcon.colcon_core.package_identification:_identify(src/py04_param) by extension 'ros'
[0.244s] DEBUG:colcon.colcon_core.package_identification:Package 'src/py04_param' with type 'ros.ament_python' and name 'py04_param'
[0.244s] Level 1:colcon.colcon_core.package_identification:_identify(src/py05_time) by extensions ['ignore', 'ignore_ament_install']
[0.244s] Level 1:colcon.colcon_core.package_identification:_identify(src/py05_time) by extension 'ignore'
[0.244s] Level 1:colcon.colcon_core.package_identification:_identify(src/py05_time) by extension 'ignore_ament_install'
[0.244s] Level 1:colcon.colcon_core.package_identification:_identify(src/py05_time) by extensions ['colcon_pkg']
[0.244s] Level 1:colcon.colcon_core.package_identification:_identify(src/py05_time) by extension 'colcon_pkg'
[0.244s] Level 1:colcon.colcon_core.package_identification:_identify(src/py05_time) by extensions ['colcon_meta']
[0.244s] Level 1:colcon.colcon_core.package_identification:_identify(src/py05_time) by extension 'colcon_meta'
[0.245s] Level 1:colcon.colcon_core.package_identification:_identify(src/py05_time) by extensions ['ros']
[0.245s] Level 1:colcon.colcon_core.package_identification:_identify(src/py05_time) by extension 'ros'
[0.245s] DEBUG:colcon.colcon_core.package_identification:Package 'src/py05_time' with type 'ros.ament_python' and name 'py05_time'
[0.245s] Level 1:colcon.colcon_core.package_identification:_identify(src/py06_lianxi) by extensions ['ignore', 'ignore_ament_install']
[0.245s] Level 1:colcon.colcon_core.package_identification:_identify(src/py06_lianxi) by extension 'ignore'
[0.245s] Level 1:colcon.colcon_core.package_identification:_identify(src/py06_lianxi) by extension 'ignore_ament_install'
[0.246s] Level 1:colcon.colcon_core.package_identification:_identify(src/py06_lianxi) by extensions ['colcon_pkg']
[0.246s] Level 1:colcon.colcon_core.package_identification:_identify(src/py06_lianxi) by extension 'colcon_pkg'
[0.246s] Level 1:colcon.colcon_core.package_identification:_identify(src/py06_lianxi) by extensions ['colcon_meta']
[0.246s] Level 1:colcon.colcon_core.package_identification:_identify(src/py06_lianxi) by extension 'colcon_meta'
[0.246s] Level 1:colcon.colcon_core.package_identification:_identify(src/py06_lianxi) by extensions ['ros']
[0.246s] Level 1:colcon.colcon_core.package_identification:_identify(src/py06_lianxi) by extension 'ros'
[0.246s] DEBUG:colcon.colcon_core.package_identification:Package 'src/py06_lianxi' with type 'ros.ament_python' and name 'py06_lianxi'
[0.247s] Level 1:colcon.colcon_core.package_identification:_identify(src/py07_jx) by extensions ['ignore', 'ignore_ament_install']
[0.247s] Level 1:colcon.colcon_core.package_identification:_identify(src/py07_jx) by extension 'ignore'
[0.247s] Level 1:colcon.colcon_core.package_identification:_identify(src/py07_jx) by extension 'ignore_ament_install'
[0.247s] Level 1:colcon.colcon_core.package_identification:_identify(src/py07_jx) by extensions ['colcon_pkg']
[0.247s] Level 1:colcon.colcon_core.package_identification:_identify(src/py07_jx) by extension 'colcon_pkg'
[0.247s] Level 1:colcon.colcon_core.package_identification:_identify(src/py07_jx) by extensions ['colcon_meta']
[0.247s] Level 1:colcon.colcon_core.package_identification:_identify(src/py07_jx) by extension 'colcon_meta'
[0.248s] Level 1:colcon.colcon_core.package_identification:_identify(src/py07_jx) by extensions ['ros']
[0.248s] Level 1:colcon.colcon_core.package_identification:_identify(src/py07_jx) by extension 'ros'
[0.248s] DEBUG:colcon.colcon_core.package_identification:Package 'src/py07_jx' with type 'ros.ament_python' and name 'py07_jx'
[0.249s] Level 1:colcon.colcon_core.package_identification:_identify(src/student_interfaces) by extensions ['ignore', 'ignore_ament_install']
[0.249s] Level 1:colcon.colcon_core.package_identification:_identify(src/student_interfaces) by extension 'ignore'
[0.249s] Level 1:colcon.colcon_core.package_identification:_identify(src/student_interfaces) by extension 'ignore_ament_install'
[0.249s] Level 1:colcon.colcon_core.package_identification:_identify(src/student_interfaces) by extensions ['colcon_pkg']
[0.249s] Level 1:colcon.colcon_core.package_identification:_identify(src/student_interfaces) by extension 'colcon_pkg'
[0.249s] Level 1:colcon.colcon_core.package_identification:_identify(src/student_interfaces) by extensions ['colcon_meta']
[0.249s] Level 1:colcon.colcon_core.package_identification:_identify(src/student_interfaces) by extension 'colcon_meta'
[0.249s] Level 1:colcon.colcon_core.package_identification:_identify(src/student_interfaces) by extensions ['ros']
[0.249s] Level 1:colcon.colcon_core.package_identification:_identify(src/student_interfaces) by extension 'ros'
[0.250s] DEBUG:colcon.colcon_core.package_identification:Package 'src/student_interfaces' with type 'ros.ament_cmake' and name 'student_interfaces'
[0.250s] Level 1:colcon.colcon_core.package_discovery:discover_packages(recursive) using defaults
[0.250s] Level 1:colcon.colcon_core.package_discovery:discover_packages(ignore) discover
[0.250s] Level 1:colcon.colcon_core.package_discovery:discover_packages(ignore) using defaults
[0.250s] Level 1:colcon.colcon_core.package_discovery:discover_packages(path) discover
[0.250s] Level 1:colcon.colcon_core.package_discovery:discover_packages(path) using defaults
[0.272s] INFO:colcon.colcon_core.package_selection:Skipping not selected package 'base_tongxun_s' in 'src/base_tongxun_s'
[0.272s] INFO:colcon.colcon_core.package_selection:Skipping not selected package 'py02_service' in 'src/py02_service'
[0.272s] INFO:colcon.colcon_core.package_selection:Skipping not selected package 'py02_service_my' in 'src/py02_service_my'
[0.272s] INFO:colcon.colcon_core.package_selection:Skipping not selected package 'py04_param' in 'src/py04_param'
[0.272s] INFO:colcon.colcon_core.package_selection:Skipping not selected package 'py05_time' in 'src/py05_time'
[0.272s] INFO:colcon.colcon_core.package_selection:Skipping not selected package 'py06_lianxi' in 'src/py06_lianxi'
[0.272s] INFO:colcon.colcon_core.package_selection:Skipping not selected package 'student_interfaces' in 'src/student_interfaces'
[0.273s] INFO:colcon.colcon_core.package_selection:Skipping not selected package 'py01_topic' in 'src/py01_topic'
[0.273s] INFO:colcon.colcon_core.package_selection:Skipping not selected package 'py03_acton' in 'src/py03_acton'
[0.273s] Level 1:colcon.colcon_core.package_discovery:discover_packages(prefix_path) check parameters
[0.273s] Level 1:colcon.colcon_core.package_discovery:discover_packages(prefix_path) discover
[0.276s] DEBUG:colcon.colcon_installed_package_information.package_discovery:Found 287 installed packages in /opt/ros/jazzy
[0.277s] Level 1:colcon.colcon_core.package_discovery:discover_packages(prefix_path) using defaults
[0.320s] Level 5:colcon.colcon_core.verb:set package 'py07_jx' build argument 'cmake_args' from command line to 'None'
[0.321s] Level 5:colcon.colcon_core.verb:set package 'py07_jx' build argument 'cmake_target' from command line to 'None'
[0.321s] Level 5:colcon.colcon_core.verb:set package 'py07_jx' build argument 'cmake_target_skip_unavailable' from command line to 'False'
[0.321s] Level 5:colcon.colcon_core.verb:set package 'py07_jx' build argument 'cmake_clean_cache' from command line to 'False'
[0.321s] Level 5:colcon.colcon_core.verb:set package 'py07_jx' build argument 'cmake_clean_first' from command line to 'False'
[0.321s] Level 5:colcon.colcon_core.verb:set package 'py07_jx' build argument 'cmake_force_configure' from command line to 'False'
[0.321s] Level 5:colcon.colcon_core.verb:set package 'py07_jx' build argument 'ament_cmake_args' from command line to 'None'
[0.321s] Level 5:colcon.colcon_core.verb:set package 'py07_jx' build argument 'catkin_cmake_args' from command line to 'None'
[0.321s] Level 5:colcon.colcon_core.verb:set package 'py07_jx' build argument 'catkin_skip_building_tests' from command line to 'False'
[0.321s] DEBUG:colcon.colcon_core.verb:Building package 'py07_jx' with the following arguments: {'ament_cmake_args': None, 'build_base': '/home/huangbo/ros2_learn/tongxun_learn/build/py07_jx', 'catkin_cmake_args': None, 'catkin_skip_building_tests': False, 'cmake_args': None, 'cmake_clean_cache': False, 'cmake_clean_first': False, 'cmake_force_configure': False, 'cmake_target': None, 'cmake_target_skip_unavailable': False, 'install_base': '/home/huangbo/ros2_learn/tongxun_learn/install/py07_jx', 'merge_install': False, 'path': '/home/huangbo/ros2_learn/tongxun_learn/src/py07_jx', 'symlink_install': False, 'test_result_base': None}
[0.322s] INFO:colcon.colcon_core.executor:Executing jobs using 'parallel' executor
[0.323s] DEBUG:colcon.colcon_parallel_executor.executor.parallel:run_until_complete
[0.323s] INFO:colcon.colcon_ros.task.ament_python.build:Building ROS package in '/home/huangbo/ros2_learn/tongxun_learn/src/py07_jx' with build type 'ament_python'
[0.324s] Level 1:colcon.colcon_core.shell:create_environment_hook('py07_jx', 'ament_prefix_path')
[0.327s] INFO:colcon.colcon_core.plugin_system:Skipping extension 'colcon_core.shell.bat': Not used on non-Windows systems
[0.327s] INFO:colcon.colcon_core.shell:Creating environment hook '/home/huangbo/ros2_learn/tongxun_learn/install/py07_jx/share/py07_jx/hook/ament_prefix_path.ps1'
[0.331s] INFO:colcon.colcon_core.shell:Creating environment descriptor '/home/huangbo/ros2_learn/tongxun_learn/install/py07_jx/share/py07_jx/hook/ament_prefix_path.dsv'
[0.333s] INFO:colcon.colcon_core.shell:Creating environment hook '/home/huangbo/ros2_learn/tongxun_learn/install/py07_jx/share/py07_jx/hook/ament_prefix_path.sh'
[0.334s] INFO:colcon.colcon_core.shell:Skip shell extension 'powershell' for command environment: Not usable outside of PowerShell
[0.335s] DEBUG:colcon.colcon_core.shell:Skip shell extension 'dsv' for command environment
[0.840s] INFO:colcon.colcon_core.task.python.build:Building Python package in '/home/huangbo/ros2_learn/tongxun_learn/src/py07_jx'
[0.840s] INFO:colcon.colcon_core.shell:Skip shell extension 'powershell' for command environment: Not usable outside of PowerShell
[0.840s] DEBUG:colcon.colcon_core.shell:Skip shell extension 'dsv' for command environment
[1.736s] DEBUG:colcon.colcon_core.task.python.build:Available setuptools commands: init_catalog, symlink_data, bdist_dumb, install_headers, extract_messages, setopt, easy_install, compile_catalog, upload, install_data, build_py, bdist_egg, build_scripts, install_egg_info, register, egg_info, develop, sdist, saveopts, alias, install_lib, bdist, update_catalog, build_ext, install, install_scripts, upload_docs, check, test, rotate, clean, editable_wheel, build_clib, build, dist_info, bdist_rpm
[1.739s] DEBUG:colcon.colcon_core.event_handler.log_command:Invoking command in '/home/huangbo/ros2_learn/tongxun_learn/src/py07_jx': DEBUGINFOD_URLS=https://debuginfod.ubuntu.com PYTHONPATH=/home/huangbo/ros2_learn/tongxun_learn/build/py07_jx/prefix_override:/usr/lib/python3/dist-packages/colcon_core/task/python/colcon_distutils_commands:/home/huangbo/ros2_learn/tongxun_learn/install/py07_jx/lib/python3.12/site-packages:${PYTHONPATH} /usr/bin/python3 -W ignore:setup.py install is deprecated -W ignore:easy_install command is deprecated setup.py egg_info --egg-base ../../build/py07_jx build --build-base /home/huangbo/ros2_learn/tongxun_learn/build/py07_jx/build install --record /home/huangbo/ros2_learn/tongxun_learn/build/py07_jx/install.log --install-scripts $base/lib/py07_jx --single-version-externally-managed install_data
[2.360s] Level 1:colcon.colcon_core.environment:checking '/home/huangbo/ros2_learn/tongxun_learn/install/py07_jx' for CMake module files
[2.360s] DEBUG:colcon.colcon_core.event_handler.log_command:Invoked command in '/home/huangbo/ros2_learn/tongxun_learn/src/py07_jx' returned '0': DEBUGINFOD_URLS=https://debuginfod.ubuntu.com PYTHONPATH=/home/huangbo/ros2_learn/tongxun_learn/build/py07_jx/prefix_override:/usr/lib/python3/dist-packages/colcon_core/task/python/colcon_distutils_commands:/home/huangbo/ros2_learn/tongxun_learn/install/py07_jx/lib/python3.12/site-packages:${PYTHONPATH} /usr/bin/python3 -W ignore:setup.py install is deprecated -W ignore:easy_install command is deprecated setup.py egg_info --egg-base ../../build/py07_jx build --build-base /home/huangbo/ros2_learn/tongxun_learn/build/py07_jx/build install --record /home/huangbo/ros2_learn/tongxun_learn/build/py07_jx/install.log --install-scripts $base/lib/py07_jx --single-version-externally-managed install_data
[2.361s] Level 1:colcon.colcon_core.environment:checking '/home/huangbo/ros2_learn/tongxun_learn/install/py07_jx' for CMake config files
[2.362s] Level 1:colcon.colcon_core.environment:checking '/home/huangbo/ros2_learn/tongxun_learn/install/py07_jx/lib'
[2.363s] Level 1:colcon.colcon_core.environment:checking '/home/huangbo/ros2_learn/tongxun_learn/install/py07_jx/bin'
[2.363s] Level 1:colcon.colcon_core.environment:checking '/home/huangbo/ros2_learn/tongxun_learn/install/py07_jx/lib/pkgconfig/py07_jx.pc'
[2.363s] Level 1:colcon.colcon_core.environment:checking '/home/huangbo/ros2_learn/tongxun_learn/install/py07_jx/lib/python3.12/site-packages'
[2.363s] Level 1:colcon.colcon_core.shell:create_environment_hook('py07_jx', 'pythonpath')
[2.364s] INFO:colcon.colcon_core.shell:Creating environment hook '/home/huangbo/ros2_learn/tongxun_learn/install/py07_jx/share/py07_jx/hook/pythonpath.ps1'
[2.365s] INFO:colcon.colcon_core.shell:Creating environment descriptor '/home/huangbo/ros2_learn/tongxun_learn/install/py07_jx/share/py07_jx/hook/pythonpath.dsv'
[2.366s] INFO:colcon.colcon_core.shell:Creating environment hook '/home/huangbo/ros2_learn/tongxun_learn/install/py07_jx/share/py07_jx/hook/pythonpath.sh'
[2.369s] Level 1:colcon.colcon_core.environment:checking '/home/huangbo/ros2_learn/tongxun_learn/install/py07_jx/bin'
[2.370s] Level 1:colcon.colcon_core.environment:create_environment_scripts_only(py07_jx)
[2.371s] INFO:colcon.colcon_core.shell:Creating package script '/home/huangbo/ros2_learn/tongxun_learn/install/py07_jx/share/py07_jx/package.ps1'
[2.372s] INFO:colcon.colcon_core.shell:Creating package descriptor '/home/huangbo/ros2_learn/tongxun_learn/install/py07_jx/share/py07_jx/package.dsv'
[2.373s] INFO:colcon.colcon_core.shell:Creating package script '/home/huangbo/ros2_learn/tongxun_learn/install/py07_jx/share/py07_jx/package.sh'
[2.375s] INFO:colcon.colcon_core.shell:Creating package script '/home/huangbo/ros2_learn/tongxun_learn/install/py07_jx/share/py07_jx/package.bash'
[2.377s] INFO:colcon.colcon_core.shell:Creating package script '/home/huangbo/ros2_learn/tongxun_learn/install/py07_jx/share/py07_jx/package.zsh'
[2.378s] Level 1:colcon.colcon_core.environment:create_file_with_runtime_dependencies(/home/huangbo/ros2_learn/tongxun_learn/install/py07_jx/share/colcon-core/packages/py07_jx)
[2.380s] DEBUG:colcon.colcon_parallel_executor.executor.parallel:closing loop
[2.380s] DEBUG:colcon.colcon_parallel_executor.executor.parallel:loop closed
[2.380s] DEBUG:colcon.colcon_parallel_executor.executor.parallel:run_until_complete finished with '0'
[2.380s] DEBUG:colcon.colcon_core.event_reactor:joining thread
[2.380s] DEBUG:colcon.colcon_core.event_reactor:joined thread
[2.381s] INFO:colcon.colcon_core.shell:Creating prefix script '/home/huangbo/ros2_learn/tongxun_learn/install/local_setup.ps1'
[2.383s] INFO:colcon.colcon_core.shell:Creating prefix util module '/home/huangbo/ros2_learn/tongxun_learn/install/_local_setup_util_ps1.py'
[2.385s] INFO:colcon.colcon_core.shell:Creating prefix chain script '/home/huangbo/ros2_learn/tongxun_learn/install/setup.ps1'
[2.387s] INFO:colcon.colcon_core.shell:Creating prefix script '/home/huangbo/ros2_learn/tongxun_learn/install/local_setup.sh'
[2.388s] INFO:colcon.colcon_core.shell:Creating prefix util module '/home/huangbo/ros2_learn/tongxun_learn/install/_local_setup_util_sh.py'
[2.389s] INFO:colcon.colcon_core.shell:Creating prefix chain script '/home/huangbo/ros2_learn/tongxun_learn/install/setup.sh'
[2.390s] INFO:colcon.colcon_core.shell:Creating prefix script '/home/huangbo/ros2_learn/tongxun_learn/install/local_setup.bash'
[2.390s] INFO:colcon.colcon_core.shell:Creating prefix chain script '/home/huangbo/ros2_learn/tongxun_learn/install/setup.bash'
[2.391s] INFO:colcon.colcon_core.shell:Creating prefix script '/home/huangbo/ros2_learn/tongxun_learn/install/local_setup.zsh'
[2.392s] INFO:colcon.colcon_core.shell:Creating prefix chain script '/home/huangbo/ros2_learn/tongxun_learn/install/setup.zsh'
