[0.034s] Invoking command in '/home/huangbo/ros2_learn/tongxun_learn/src/build/student_interfaces': CMAKE_PREFIX_PATH=/home/huangbo/ros2_learn/tongxun_learn/install/py03_acton:/home/huangbo/ros2_learn/tongxun_learn/install/py01_topic:/home/huangbo/ros2_learn/tongxun_learn/install/py05_time:/home/huangbo/ros2_learn/tongxun_learn/install/py04_param:/home/huangbo/ros2_learn/tongxun_learn/install/py02_service_my:/home/huangbo/ros2_learn/tongxun_learn/install/py02_service:/home/huangbo/ros2_learn/tongxun_learn/install/base_tongxun_s:/opt/ros/jazzy:${CMAKE_PREFIX_PATH} DEBUGINFOD_URLS=https://debuginfod.ubuntu.com /usr/bin/cmake --build /home/huangbo/ros2_learn/tongxun_learn/src/build/student_interfaces -- -j2 -l2
[0.231s] [  1%] Built target student_interfaces__rosidl_generator_type_description
[0.248s] [  3%] Built target student_interfaces__rs
[0.322s] [  5%] Built target student_interfaces__cpp
[0.340s] [  5%] Built target ament_cmake_python_copy_student_interfaces
[0.388s] [ 25%] Built target student_interfaces__rosidl_generator_c
[0.469s] [ 34%] Built target student_interfaces__rosidl_typesupport_cpp
[0.531s] [ 43%] Built target student_interfaces__rosidl_typesupport_fastrtps_c
[0.600s] [ 52%] Built target student_interfaces__rosidl_typesupport_introspection_c
[0.681s] running egg_info
[0.701s] [ 61%] Built target student_interfaces__rosidl_typesupport_c
[0.722s] writing student_interfaces.egg-info/PKG-INFO
[0.723s] writing dependency_links to student_interfaces.egg-info/dependency_links.txt
[0.724s] writing top-level names to student_interfaces.egg-info/top_level.txt
[0.786s] [ 70%] Built target student_interfaces__rosidl_typesupport_fastrtps_cpp
[0.816s] reading manifest file 'student_interfaces.egg-info/SOURCES.txt'
[0.824s] writing manifest file 'student_interfaces.egg-info/SOURCES.txt'
[0.886s] [ 80%] Built target student_interfaces__rosidl_typesupport_introspection_cpp
[0.939s] [ 80%] Built target ament_cmake_python_build_student_interfaces_egg
[0.950s] [ 80%] Built target student_interfaces
[0.982s] [ 81%] Built target student_interfaces__py
[1.026s] [ 89%] Built target student_interfaces__rosidl_generator_py
[1.086s] [ 92%] Built target student_interfaces_s__rosidl_typesupport_introspection_c
[1.093s] [ 96%] Built target student_interfaces_s__rosidl_typesupport_fastrtps_c
[1.117s] [100%] Built target student_interfaces_s__rosidl_typesupport_c
[1.141s] Invoked command in '/home/huangbo/ros2_learn/tongxun_learn/src/build/student_interfaces' returned '0': CMAKE_PREFIX_PATH=/home/huangbo/ros2_learn/tongxun_learn/install/py03_acton:/home/huangbo/ros2_learn/tongxun_learn/install/py01_topic:/home/huangbo/ros2_learn/tongxun_learn/install/py05_time:/home/huangbo/ros2_learn/tongxun_learn/install/py04_param:/home/huangbo/ros2_learn/tongxun_learn/install/py02_service_my:/home/huangbo/ros2_learn/tongxun_learn/install/py02_service:/home/huangbo/ros2_learn/tongxun_learn/install/base_tongxun_s:/opt/ros/jazzy:${CMAKE_PREFIX_PATH} DEBUGINFOD_URLS=https://debuginfod.ubuntu.com /usr/bin/cmake --build /home/huangbo/ros2_learn/tongxun_learn/src/build/student_interfaces -- -j2 -l2
[1.163s] Invoking command in '/home/huangbo/ros2_learn/tongxun_learn/src/build/student_interfaces': CMAKE_PREFIX_PATH=/home/huangbo/ros2_learn/tongxun_learn/install/py03_acton:/home/huangbo/ros2_learn/tongxun_learn/install/py01_topic:/home/huangbo/ros2_learn/tongxun_learn/install/py05_time:/home/huangbo/ros2_learn/tongxun_learn/install/py04_param:/home/huangbo/ros2_learn/tongxun_learn/install/py02_service_my:/home/huangbo/ros2_learn/tongxun_learn/install/py02_service:/home/huangbo/ros2_learn/tongxun_learn/install/base_tongxun_s:/opt/ros/jazzy:${CMAKE_PREFIX_PATH} DEBUGINFOD_URLS=https://debuginfod.ubuntu.com /usr/bin/cmake --install /home/huangbo/ros2_learn/tongxun_learn/src/build/student_interfaces
[1.191s] -- Install configuration: ""
[1.191s] -- Up-to-date: /home/huangbo/ros2_learn/tongxun_learn/src/install/student_interfaces/share/ament_index/resource_index/rosidl_interfaces/student_interfaces
[1.192s] -- Up-to-date: /home/huangbo/ros2_learn/tongxun_learn/src/install/student_interfaces/share/student_interfaces/msg/Student.json
[1.193s] -- Up-to-date: /home/huangbo/ros2_learn/tongxun_learn/src/install/student_interfaces/share/student_interfaces/srv/Addints.json
[1.193s] -- Up-to-date: /home/huangbo/ros2_learn/tongxun_learn/src/install/student_interfaces/share/student_interfaces/action/Progress.json
[1.193s] -- Up-to-date: /home/huangbo/ros2_learn/tongxun_learn/src/install/student_interfaces/include/student_interfaces/student_interfaces
[1.193s] -- Up-to-date: /home/huangbo/ros2_learn/tongxun_learn/src/install/student_interfaces/include/student_interfaces/student_interfaces/action
[1.193s] -- Up-to-date: /home/huangbo/ros2_learn/tongxun_learn/src/install/student_interfaces/include/student_interfaces/student_interfaces/action/detail
[1.193s] -- Installing: /home/huangbo/ros2_learn/tongxun_learn/src/install/student_interfaces/include/student_interfaces/student_interfaces/action/detail/progress__type_support.c
[1.193s] -- Up-to-date: /home/huangbo/ros2_learn/tongxun_learn/src/install/student_interfaces/include/student_interfaces/student_interfaces/action/detail/progress__functions.h
[1.193s] -- Up-to-date: /home/huangbo/ros2_learn/tongxun_learn/src/install/student_interfaces/include/student_interfaces/student_interfaces/action/detail/progress__type_support.h
[1.193s] -- Up-to-date: /home/huangbo/ros2_learn/tongxun_learn/src/install/student_interfaces/include/student_interfaces/student_interfaces/action/detail/progress__functions.c
[1.193s] -- Up-to-date: /home/huangbo/ros2_learn/tongxun_learn/src/install/student_interfaces/include/student_interfaces/student_interfaces/action/detail/progress__description.c
[1.193s] -- Up-to-date: /home/huangbo/ros2_learn/tongxun_learn/src/install/student_interfaces/include/student_interfaces/student_interfaces/action/detail/progress__struct.h
[1.193s] -- Up-to-date: /home/huangbo/ros2_learn/tongxun_learn/src/install/student_interfaces/include/student_interfaces/student_interfaces/action/progress.h
[1.193s] -- Up-to-date: /home/huangbo/ros2_learn/tongxun_learn/src/install/student_interfaces/include/student_interfaces/student_interfaces/srv
[1.193s] -- Up-to-date: /home/huangbo/ros2_learn/tongxun_learn/src/install/student_interfaces/include/student_interfaces/student_interfaces/srv/addints.h
[1.193s] -- Up-to-date: /home/huangbo/ros2_learn/tongxun_learn/src/install/student_interfaces/include/student_interfaces/student_interfaces/srv/detail
[1.195s] -- Installing: /home/huangbo/ros2_learn/tongxun_learn/src/install/student_interfaces/include/student_interfaces/student_interfaces/srv/detail/addints__type_support.c
[1.196s] -- Up-to-date: /home/huangbo/ros2_learn/tongxun_learn/src/install/student_interfaces/include/student_interfaces/student_interfaces/srv/detail/addints__struct.h
[1.196s] -- Up-to-date: /home/huangbo/ros2_learn/tongxun_learn/src/install/student_interfaces/include/student_interfaces/student_interfaces/srv/detail/addints__functions.h
[1.196s] -- Up-to-date: /home/huangbo/ros2_learn/tongxun_learn/src/install/student_interfaces/include/student_interfaces/student_interfaces/srv/detail/addints__functions.c
[1.196s] -- Up-to-date: /home/huangbo/ros2_learn/tongxun_learn/src/install/student_interfaces/include/student_interfaces/student_interfaces/srv/detail/addints__type_support.h
[1.196s] -- Up-to-date: /home/huangbo/ros2_learn/tongxun_learn/src/install/student_interfaces/include/student_interfaces/student_interfaces/srv/detail/addints__description.c
[1.196s] -- Up-to-date: /home/huangbo/ros2_learn/tongxun_learn/src/install/student_interfaces/include/student_interfaces/student_interfaces/msg
[1.196s] -- Up-to-date: /home/huangbo/ros2_learn/tongxun_learn/src/install/student_interfaces/include/student_interfaces/student_interfaces/msg/detail
[1.196s] -- Installing: /home/huangbo/ros2_learn/tongxun_learn/src/install/student_interfaces/include/student_interfaces/student_interfaces/msg/detail/student__type_support.c
[1.196s] -- Up-to-date: /home/huangbo/ros2_learn/tongxun_learn/src/install/student_interfaces/include/student_interfaces/student_interfaces/msg/detail/student__struct.h
[1.196s] -- Up-to-date: /home/huangbo/ros2_learn/tongxun_learn/src/install/student_interfaces/include/student_interfaces/student_interfaces/msg/detail/student__description.c
[1.196s] -- Up-to-date: /home/huangbo/ros2_learn/tongxun_learn/src/install/student_interfaces/include/student_interfaces/student_interfaces/msg/detail/student__functions.h
[1.196s] -- Up-to-date: /home/huangbo/ros2_learn/tongxun_learn/src/install/student_interfaces/include/student_interfaces/student_interfaces/msg/detail/student__functions.c
[1.196s] -- Up-to-date: /home/huangbo/ros2_learn/tongxun_learn/src/install/student_interfaces/include/student_interfaces/student_interfaces/msg/detail/student__type_support.h
[1.196s] -- Up-to-date: /home/huangbo/ros2_learn/tongxun_learn/src/install/student_interfaces/include/student_interfaces/student_interfaces/msg/rosidl_generator_c__visibility_control.h
[1.197s] -- Up-to-date: /home/huangbo/ros2_learn/tongxun_learn/src/install/student_interfaces/include/student_interfaces/student_interfaces/msg/student.h
[1.197s] -- Up-to-date: /home/huangbo/ros2_learn/tongxun_learn/src/install/student_interfaces/share/student_interfaces/environment/library_path.sh
[1.197s] -- Up-to-date: /home/huangbo/ros2_learn/tongxun_learn/src/install/student_interfaces/share/student_interfaces/environment/library_path.dsv
[1.199s] -- Up-to-date: /home/huangbo/ros2_learn/tongxun_learn/src/install/student_interfaces/lib/libstudent_interfaces__rosidl_generator_c.so
[1.200s] -- Up-to-date: /home/huangbo/ros2_learn/tongxun_learn/src/install/student_interfaces/include/student_interfaces/student_interfaces
[1.200s] -- Up-to-date: /home/huangbo/ros2_learn/tongxun_learn/src/install/student_interfaces/include/student_interfaces/student_interfaces/action
[1.201s] -- Up-to-date: /home/huangbo/ros2_learn/tongxun_learn/src/install/student_interfaces/include/student_interfaces/student_interfaces/action/detail
[1.201s] -- Up-to-date: /home/huangbo/ros2_learn/tongxun_learn/src/install/student_interfaces/include/student_interfaces/student_interfaces/action/detail/progress__rosidl_typesupport_fastrtps_c.h
[1.201s] -- Up-to-date: /home/huangbo/ros2_learn/tongxun_learn/src/install/student_interfaces/include/student_interfaces/student_interfaces/srv
[1.201s] -- Up-to-date: /home/huangbo/ros2_learn/tongxun_learn/src/install/student_interfaces/include/student_interfaces/student_interfaces/srv/detail
[1.201s] -- Up-to-date: /home/huangbo/ros2_learn/tongxun_learn/src/install/student_interfaces/include/student_interfaces/student_interfaces/srv/detail/addints__rosidl_typesupport_fastrtps_c.h
[1.201s] -- Up-to-date: /home/huangbo/ros2_learn/tongxun_learn/src/install/student_interfaces/include/student_interfaces/student_interfaces/msg
[1.201s] -- Up-to-date: /home/huangbo/ros2_learn/tongxun_learn/src/install/student_interfaces/include/student_interfaces/student_interfaces/msg/detail
[1.201s] -- Up-to-date: /home/huangbo/ros2_learn/tongxun_learn/src/install/student_interfaces/include/student_interfaces/student_interfaces/msg/detail/student__rosidl_typesupport_fastrtps_c.h
[1.201s] -- Up-to-date: /home/huangbo/ros2_learn/tongxun_learn/src/install/student_interfaces/include/student_interfaces/student_interfaces/msg/rosidl_typesupport_fastrtps_c__visibility_control.h
[1.201s] -- Up-to-date: /home/huangbo/ros2_learn/tongxun_learn/src/install/student_interfaces/lib/libstudent_interfaces__rosidl_typesupport_fastrtps_c.so
[1.201s] -- Up-to-date: /home/huangbo/ros2_learn/tongxun_learn/src/install/student_interfaces/include/student_interfaces/student_interfaces
[1.201s] -- Up-to-date: /home/huangbo/ros2_learn/tongxun_learn/src/install/student_interfaces/include/student_interfaces/student_interfaces/action
[1.201s] -- Up-to-date: /home/huangbo/ros2_learn/tongxun_learn/src/install/student_interfaces/include/student_interfaces/student_interfaces/action/detail
[1.201s] -- Installing: /home/huangbo/ros2_learn/tongxun_learn/src/install/student_interfaces/include/student_interfaces/student_interfaces/action/detail/progress__type_support.c
[1.204s] -- Up-to-date: /home/huangbo/ros2_learn/tongxun_learn/src/install/student_interfaces/include/student_interfaces/student_interfaces/action/detail/progress__rosidl_typesupport_introspection_c.h
[1.204s] -- Up-to-date: /home/huangbo/ros2_learn/tongxun_learn/src/install/student_interfaces/include/student_interfaces/student_interfaces/srv
[1.204s] -- Up-to-date: /home/huangbo/ros2_learn/tongxun_learn/src/install/student_interfaces/include/student_interfaces/student_interfaces/srv/detail
[1.204s] -- Installing: /home/huangbo/ros2_learn/tongxun_learn/src/install/student_interfaces/include/student_interfaces/student_interfaces/srv/detail/addints__type_support.c
[1.204s] -- Up-to-date: /home/huangbo/ros2_learn/tongxun_learn/src/install/student_interfaces/include/student_interfaces/student_interfaces/srv/detail/addints__rosidl_typesupport_introspection_c.h
[1.204s] -- Up-to-date: /home/huangbo/ros2_learn/tongxun_learn/src/install/student_interfaces/include/student_interfaces/student_interfaces/msg
[1.204s] -- Up-to-date: /home/huangbo/ros2_learn/tongxun_learn/src/install/student_interfaces/include/student_interfaces/student_interfaces/msg/detail
[1.204s] -- Installing: /home/huangbo/ros2_learn/tongxun_learn/src/install/student_interfaces/include/student_interfaces/student_interfaces/msg/detail/student__type_support.c
[1.206s] -- Up-to-date: /home/huangbo/ros2_learn/tongxun_learn/src/install/student_interfaces/include/student_interfaces/student_interfaces/msg/detail/student__rosidl_typesupport_introspection_c.h
[1.206s] -- Up-to-date: /home/huangbo/ros2_learn/tongxun_learn/src/install/student_interfaces/include/student_interfaces/student_interfaces/msg/rosidl_typesupport_introspection_c__visibility_control.h
[1.206s] -- Up-to-date: /home/huangbo/ros2_learn/tongxun_learn/src/install/student_interfaces/lib/libstudent_interfaces__rosidl_typesupport_introspection_c.so
[1.207s] -- Up-to-date: /home/huangbo/ros2_learn/tongxun_learn/src/install/student_interfaces/lib/libstudent_interfaces__rosidl_typesupport_c.so
[1.207s] -- Up-to-date: /home/huangbo/ros2_learn/tongxun_learn/src/install/student_interfaces/include/student_interfaces/student_interfaces
[1.207s] -- Up-to-date: /home/huangbo/ros2_learn/tongxun_learn/src/install/student_interfaces/include/student_interfaces/student_interfaces/action
[1.208s] -- Up-to-date: /home/huangbo/ros2_learn/tongxun_learn/src/install/student_interfaces/include/student_interfaces/student_interfaces/action/detail
[1.208s] -- Up-to-date: /home/huangbo/ros2_learn/tongxun_learn/src/install/student_interfaces/include/student_interfaces/student_interfaces/action/detail/progress__struct.hpp
[1.208s] -- Up-to-date: /home/huangbo/ros2_learn/tongxun_learn/src/install/student_interfaces/include/student_interfaces/student_interfaces/action/detail/progress__traits.hpp
[1.209s] -- Up-to-date: /home/huangbo/ros2_learn/tongxun_learn/src/install/student_interfaces/include/student_interfaces/student_interfaces/action/detail/progress__type_support.hpp
[1.209s] -- Up-to-date: /home/huangbo/ros2_learn/tongxun_learn/src/install/student_interfaces/include/student_interfaces/student_interfaces/action/detail/progress__builder.hpp
[1.209s] -- Up-to-date: /home/huangbo/ros2_learn/tongxun_learn/src/install/student_interfaces/include/student_interfaces/student_interfaces/action/progress.hpp
[1.210s] -- Up-to-date: /home/huangbo/ros2_learn/tongxun_learn/src/install/student_interfaces/include/student_interfaces/student_interfaces/srv
[1.210s] -- Up-to-date: /home/huangbo/ros2_learn/tongxun_learn/src/install/student_interfaces/include/student_interfaces/student_interfaces/srv/detail
[1.210s] -- Up-to-date: /home/huangbo/ros2_learn/tongxun_learn/src/install/student_interfaces/include/student_interfaces/student_interfaces/srv/detail/addints__builder.hpp
[1.210s] -- Up-to-date: /home/huangbo/ros2_learn/tongxun_learn/src/install/student_interfaces/include/student_interfaces/student_interfaces/srv/detail/addints__type_support.hpp
[1.211s] -- Up-to-date: /home/huangbo/ros2_learn/tongxun_learn/src/install/student_interfaces/include/student_interfaces/student_interfaces/srv/detail/addints__struct.hpp
[1.211s] -- Up-to-date: /home/huangbo/ros2_learn/tongxun_learn/src/install/student_interfaces/include/student_interfaces/student_interfaces/srv/detail/addints__traits.hpp
[1.211s] -- Up-to-date: /home/huangbo/ros2_learn/tongxun_learn/src/install/student_interfaces/include/student_interfaces/student_interfaces/srv/addints.hpp
[1.211s] -- Up-to-date: /home/huangbo/ros2_learn/tongxun_learn/src/install/student_interfaces/include/student_interfaces/student_interfaces/msg
[1.211s] -- Up-to-date: /home/huangbo/ros2_learn/tongxun_learn/src/install/student_interfaces/include/student_interfaces/student_interfaces/msg/detail
[1.211s] -- Up-to-date: /home/huangbo/ros2_learn/tongxun_learn/src/install/student_interfaces/include/student_interfaces/student_interfaces/msg/detail/student__builder.hpp
[1.211s] -- Up-to-date: /home/huangbo/ros2_learn/tongxun_learn/src/install/student_interfaces/include/student_interfaces/student_interfaces/msg/detail/student__traits.hpp
[1.212s] -- Up-to-date: /home/huangbo/ros2_learn/tongxun_learn/src/install/student_interfaces/include/student_interfaces/student_interfaces/msg/detail/student__struct.hpp
[1.212s] -- Up-to-date: /home/huangbo/ros2_learn/tongxun_learn/src/install/student_interfaces/include/student_interfaces/student_interfaces/msg/detail/student__type_support.hpp
[1.212s] -- Up-to-date: /home/huangbo/ros2_learn/tongxun_learn/src/install/student_interfaces/include/student_interfaces/student_interfaces/msg/student.hpp
[1.213s] -- Up-to-date: /home/huangbo/ros2_learn/tongxun_learn/src/install/student_interfaces/include/student_interfaces/student_interfaces/msg/rosidl_generator_cpp__visibility_control.hpp
[1.213s] -- Up-to-date: /home/huangbo/ros2_learn/tongxun_learn/src/install/student_interfaces/include/student_interfaces/student_interfaces
[1.213s] -- Up-to-date: /home/huangbo/ros2_learn/tongxun_learn/src/install/student_interfaces/include/student_interfaces/student_interfaces/action
[1.213s] -- Up-to-date: /home/huangbo/ros2_learn/tongxun_learn/src/install/student_interfaces/include/student_interfaces/student_interfaces/action/detail
[1.213s] -- Up-to-date: /home/huangbo/ros2_learn/tongxun_learn/src/install/student_interfaces/include/student_interfaces/student_interfaces/action/detail/progress__rosidl_typesupport_fastrtps_cpp.hpp
[1.213s] -- Up-to-date: /home/huangbo/ros2_learn/tongxun_learn/src/install/student_interfaces/include/student_interfaces/student_interfaces/action/detail/dds_fastrtps
[1.213s] -- Up-to-date: /home/huangbo/ros2_learn/tongxun_learn/src/install/student_interfaces/include/student_interfaces/student_interfaces/srv
[1.213s] -- Up-to-date: /home/huangbo/ros2_learn/tongxun_learn/src/install/student_interfaces/include/student_interfaces/student_interfaces/srv/detail
[1.213s] -- Up-to-date: /home/huangbo/ros2_learn/tongxun_learn/src/install/student_interfaces/include/student_interfaces/student_interfaces/srv/detail/addints__rosidl_typesupport_fastrtps_cpp.hpp
[1.216s] -- Up-to-date: /home/huangbo/ros2_learn/tongxun_learn/src/install/student_interfaces/include/student_interfaces/student_interfaces/srv/detail/dds_fastrtps
[1.216s] -- Up-to-date: /home/huangbo/ros2_learn/tongxun_learn/src/install/student_interfaces/include/student_interfaces/student_interfaces/msg
[1.216s] -- Up-to-date: /home/huangbo/ros2_learn/tongxun_learn/src/install/student_interfaces/include/student_interfaces/student_interfaces/msg/detail
[1.216s] -- Up-to-date: /home/huangbo/ros2_learn/tongxun_learn/src/install/student_interfaces/include/student_interfaces/student_interfaces/msg/detail/student__rosidl_typesupport_fastrtps_cpp.hpp
[1.216s] -- Up-to-date: /home/huangbo/ros2_learn/tongxun_learn/src/install/student_interfaces/include/student_interfaces/student_interfaces/msg/detail/dds_fastrtps
[1.218s] -- Up-to-date: /home/huangbo/ros2_learn/tongxun_learn/src/install/student_interfaces/include/student_interfaces/student_interfaces/msg/rosidl_typesupport_fastrtps_cpp__visibility_control.h
[1.219s] -- Up-to-date: /home/huangbo/ros2_learn/tongxun_learn/src/install/student_interfaces/lib/libstudent_interfaces__rosidl_typesupport_fastrtps_cpp.so
[1.219s] -- Up-to-date: /home/huangbo/ros2_learn/tongxun_learn/src/install/student_interfaces/include/student_interfaces/student_interfaces
[1.219s] -- Up-to-date: /home/huangbo/ros2_learn/tongxun_learn/src/install/student_interfaces/include/student_interfaces/student_interfaces/action
[1.219s] -- Up-to-date: /home/huangbo/ros2_learn/tongxun_learn/src/install/student_interfaces/include/student_interfaces/student_interfaces/action/detail
[1.219s] -- Up-to-date: /home/huangbo/ros2_learn/tongxun_learn/src/install/student_interfaces/include/student_interfaces/student_interfaces/action/detail/progress__type_support.cpp
[1.219s] -- Up-to-date: /home/huangbo/ros2_learn/tongxun_learn/src/install/student_interfaces/include/student_interfaces/student_interfaces/action/detail/progress__rosidl_typesupport_introspection_cpp.hpp
[1.219s] -- Up-to-date: /home/huangbo/ros2_learn/tongxun_learn/src/install/student_interfaces/include/student_interfaces/student_interfaces/srv
[1.219s] -- Up-to-date: /home/huangbo/ros2_learn/tongxun_learn/src/install/student_interfaces/include/student_interfaces/student_interfaces/srv/detail
[1.219s] -- Up-to-date: /home/huangbo/ros2_learn/tongxun_learn/src/install/student_interfaces/include/student_interfaces/student_interfaces/srv/detail/addints__type_support.cpp
[1.219s] -- Up-to-date: /home/huangbo/ros2_learn/tongxun_learn/src/install/student_interfaces/include/student_interfaces/student_interfaces/srv/detail/addints__rosidl_typesupport_introspection_cpp.hpp
[1.219s] -- Up-to-date: /home/huangbo/ros2_learn/tongxun_learn/src/install/student_interfaces/include/student_interfaces/student_interfaces/msg
[1.219s] -- Up-to-date: /home/huangbo/ros2_learn/tongxun_learn/src/install/student_interfaces/include/student_interfaces/student_interfaces/msg/detail
[1.223s] -- Up-to-date: /home/huangbo/ros2_learn/tongxun_learn/src/install/student_interfaces/include/student_interfaces/student_interfaces/msg/detail/student__type_support.cpp
[1.223s] -- Up-to-date: /home/huangbo/ros2_learn/tongxun_learn/src/install/student_interfaces/include/student_interfaces/student_interfaces/msg/detail/student__rosidl_typesupport_introspection_cpp.hpp
[1.223s] -- Up-to-date: /home/huangbo/ros2_learn/tongxun_learn/src/install/student_interfaces/lib/libstudent_interfaces__rosidl_typesupport_introspection_cpp.so
[1.223s] -- Up-to-date: /home/huangbo/ros2_learn/tongxun_learn/src/install/student_interfaces/lib/libstudent_interfaces__rosidl_typesupport_cpp.so
[1.223s] -- Up-to-date: /home/huangbo/ros2_learn/tongxun_learn/src/install/student_interfaces/share/student_interfaces/environment/pythonpath.sh
[1.223s] -- Up-to-date: /home/huangbo/ros2_learn/tongxun_learn/src/install/student_interfaces/share/student_interfaces/environment/pythonpath.dsv
[1.223s] -- Up-to-date: /home/huangbo/ros2_learn/tongxun_learn/src/install/student_interfaces/lib/python3.12/site-packages/student_interfaces-0.0.0-py3.12.egg-info
[1.223s] -- Installing: /home/huangbo/ros2_learn/tongxun_learn/src/install/student_interfaces/lib/python3.12/site-packages/student_interfaces-0.0.0-py3.12.egg-info/SOURCES.txt
[1.223s] -- Installing: /home/huangbo/ros2_learn/tongxun_learn/src/install/student_interfaces/lib/python3.12/site-packages/student_interfaces-0.0.0-py3.12.egg-info/dependency_links.txt
[1.223s] -- Installing: /home/huangbo/ros2_learn/tongxun_learn/src/install/student_interfaces/lib/python3.12/site-packages/student_interfaces-0.0.0-py3.12.egg-info/PKG-INFO
[1.223s] -- Installing: /home/huangbo/ros2_learn/tongxun_learn/src/install/student_interfaces/lib/python3.12/site-packages/student_interfaces-0.0.0-py3.12.egg-info/top_level.txt
[1.224s] -- Up-to-date: /home/huangbo/ros2_learn/tongxun_learn/src/install/student_interfaces/lib/python3.12/site-packages/student_interfaces
[1.224s] -- Up-to-date: /home/huangbo/ros2_learn/tongxun_learn/src/install/student_interfaces/lib/python3.12/site-packages/student_interfaces/student_interfaces_s__rosidl_typesupport_c.so
[1.224s] -- Up-to-date: /home/huangbo/ros2_learn/tongxun_learn/src/install/student_interfaces/lib/python3.12/site-packages/student_interfaces/student_interfaces_s__rosidl_typesupport_fastrtps_c.so
[1.224s] -- Up-to-date: /home/huangbo/ros2_learn/tongxun_learn/src/install/student_interfaces/lib/python3.12/site-packages/student_interfaces/_student_interfaces_s.ep.rosidl_typesupport_fastrtps_c.c
[1.224s] -- Up-to-date: /home/huangbo/ros2_learn/tongxun_learn/src/install/student_interfaces/lib/python3.12/site-packages/student_interfaces/_student_interfaces_s.ep.rosidl_typesupport_introspection_c.c
[1.224s] -- Up-to-date: /home/huangbo/ros2_learn/tongxun_learn/src/install/student_interfaces/lib/python3.12/site-packages/student_interfaces/action
[1.224s] -- Up-to-date: /home/huangbo/ros2_learn/tongxun_learn/src/install/student_interfaces/lib/python3.12/site-packages/student_interfaces/action/_progress_s.c
[1.224s] -- Up-to-date: /home/huangbo/ros2_learn/tongxun_learn/src/install/student_interfaces/lib/python3.12/site-packages/student_interfaces/action/_progress.py
[1.224s] -- Up-to-date: /home/huangbo/ros2_learn/tongxun_learn/src/install/student_interfaces/lib/python3.12/site-packages/student_interfaces/action/__init__.py
[1.224s] -- Up-to-date: /home/huangbo/ros2_learn/tongxun_learn/src/install/student_interfaces/lib/python3.12/site-packages/student_interfaces/_student_interfaces_s.ep.rosidl_typesupport_c.c
[1.224s] -- Up-to-date: /home/huangbo/ros2_learn/tongxun_learn/src/install/student_interfaces/lib/python3.12/site-packages/student_interfaces/srv
[1.224s] -- Up-to-date: /home/huangbo/ros2_learn/tongxun_learn/src/install/student_interfaces/lib/python3.12/site-packages/student_interfaces/srv/_addints.py
[1.227s] -- Up-to-date: /home/huangbo/ros2_learn/tongxun_learn/src/install/student_interfaces/lib/python3.12/site-packages/student_interfaces/srv/_addints_s.c
[1.227s] -- Up-to-date: /home/huangbo/ros2_learn/tongxun_learn/src/install/student_interfaces/lib/python3.12/site-packages/student_interfaces/srv/__init__.py
[1.227s] -- Up-to-date: /home/huangbo/ros2_learn/tongxun_learn/src/install/student_interfaces/lib/python3.12/site-packages/student_interfaces/msg
[1.227s] -- Up-to-date: /home/huangbo/ros2_learn/tongxun_learn/src/install/student_interfaces/lib/python3.12/site-packages/student_interfaces/msg/_student.py
[1.227s] -- Up-to-date: /home/huangbo/ros2_learn/tongxun_learn/src/install/student_interfaces/lib/python3.12/site-packages/student_interfaces/msg/_student_s.c
[1.227s] -- Up-to-date: /home/huangbo/ros2_learn/tongxun_learn/src/install/student_interfaces/lib/python3.12/site-packages/student_interfaces/msg/__init__.py
[1.227s] -- Up-to-date: /home/huangbo/ros2_learn/tongxun_learn/src/install/student_interfaces/lib/python3.12/site-packages/student_interfaces/__init__.py
[1.227s] -- Up-to-date: /home/huangbo/ros2_learn/tongxun_learn/src/install/student_interfaces/lib/python3.12/site-packages/student_interfaces/student_interfaces_s__rosidl_typesupport_introspection_c.so
[1.269s] Listing '/home/huangbo/ros2_learn/tongxun_learn/src/install/student_interfaces/lib/python3.12/site-packages/student_interfaces'...
[1.269s] Listing '/home/huangbo/ros2_learn/tongxun_learn/src/install/student_interfaces/lib/python3.12/site-packages/student_interfaces/action'...
[1.269s] Listing '/home/huangbo/ros2_learn/tongxun_learn/src/install/student_interfaces/lib/python3.12/site-packages/student_interfaces/msg'...
[1.269s] Listing '/home/huangbo/ros2_learn/tongxun_learn/src/install/student_interfaces/lib/python3.12/site-packages/student_interfaces/srv'...
[1.281s] -- Up-to-date: /home/huangbo/ros2_learn/tongxun_learn/src/install/student_interfaces/lib/python3.12/site-packages/student_interfaces/student_interfaces_s__rosidl_typesupport_fastrtps_c.so
[1.284s] -- Up-to-date: /home/huangbo/ros2_learn/tongxun_learn/src/install/student_interfaces/lib/python3.12/site-packages/student_interfaces/student_interfaces_s__rosidl_typesupport_introspection_c.so
[1.285s] -- Up-to-date: /home/huangbo/ros2_learn/tongxun_learn/src/install/student_interfaces/lib/python3.12/site-packages/student_interfaces/student_interfaces_s__rosidl_typesupport_c.so
[1.286s] -- Up-to-date: /home/huangbo/ros2_learn/tongxun_learn/src/install/student_interfaces/lib/libstudent_interfaces__rosidl_generator_py.so
[1.287s] -- Up-to-date: /home/huangbo/ros2_learn/tongxun_learn/src/install/student_interfaces/share/student_interfaces/rust
[1.288s] -- Up-to-date: /home/huangbo/ros2_learn/tongxun_learn/src/install/student_interfaces/share/student_interfaces/rust/src
[1.288s] -- Up-to-date: /home/huangbo/ros2_learn/tongxun_learn/src/install/student_interfaces/share/student_interfaces/rust/src/srv.rs
[1.288s] -- Up-to-date: /home/huangbo/ros2_learn/tongxun_learn/src/install/student_interfaces/share/student_interfaces/rust/src/action
[1.290s] -- Up-to-date: /home/huangbo/ros2_learn/tongxun_learn/src/install/student_interfaces/share/student_interfaces/rust/src/action/rmw.rs
[1.290s] -- Up-to-date: /home/huangbo/ros2_learn/tongxun_learn/src/install/student_interfaces/share/student_interfaces/rust/src/msg.rs
[1.290s] -- Up-to-date: /home/huangbo/ros2_learn/tongxun_learn/src/install/student_interfaces/share/student_interfaces/rust/src/action.rs
[1.290s] -- Up-to-date: /home/huangbo/ros2_learn/tongxun_learn/src/install/student_interfaces/share/student_interfaces/rust/src/srv
[1.290s] -- Up-to-date: /home/huangbo/ros2_learn/tongxun_learn/src/install/student_interfaces/share/student_interfaces/rust/src/srv/rmw.rs
[1.290s] -- Up-to-date: /home/huangbo/ros2_learn/tongxun_learn/src/install/student_interfaces/share/student_interfaces/rust/src/msg
[1.290s] -- Up-to-date: /home/huangbo/ros2_learn/tongxun_learn/src/install/student_interfaces/share/student_interfaces/rust/src/msg/rmw.rs
[1.291s] -- Up-to-date: /home/huangbo/ros2_learn/tongxun_learn/src/install/student_interfaces/share/student_interfaces/rust/src/lib.rs
[1.291s] -- Up-to-date: /home/huangbo/ros2_learn/tongxun_learn/src/install/student_interfaces/share/student_interfaces/rust/Cargo.toml
[1.292s] -- Up-to-date: /home/huangbo/ros2_learn/tongxun_learn/src/install/student_interfaces/share/student_interfaces/rust/build.rs
[1.292s] -- Up-to-date: /home/huangbo/ros2_learn/tongxun_learn/src/install/student_interfaces/share/student_interfaces/msg/Student.idl
[1.294s] -- Up-to-date: /home/huangbo/ros2_learn/tongxun_learn/src/install/student_interfaces/share/student_interfaces/srv/Addints.idl
[1.295s] -- Up-to-date: /home/huangbo/ros2_learn/tongxun_learn/src/install/student_interfaces/share/student_interfaces/action/Progress.idl
[1.295s] -- Up-to-date: /home/huangbo/ros2_learn/tongxun_learn/src/install/student_interfaces/share/student_interfaces/msg/Student.msg
[1.295s] -- Up-to-date: /home/huangbo/ros2_learn/tongxun_learn/src/install/student_interfaces/share/student_interfaces/srv/Addints.srv
[1.295s] -- Up-to-date: /home/huangbo/ros2_learn/tongxun_learn/src/install/student_interfaces/share/student_interfaces/action/Progress.action
[1.295s] -- Up-to-date: /home/huangbo/ros2_learn/tongxun_learn/src/install/student_interfaces/share/ament_index/resource_index/package_run_dependencies/student_interfaces
[1.295s] -- Up-to-date: /home/huangbo/ros2_learn/tongxun_learn/src/install/student_interfaces/share/ament_index/resource_index/parent_prefix_path/student_interfaces
[1.295s] -- Up-to-date: /home/huangbo/ros2_learn/tongxun_learn/src/install/student_interfaces/share/student_interfaces/environment/ament_prefix_path.sh
[1.296s] -- Up-to-date: /home/huangbo/ros2_learn/tongxun_learn/src/install/student_interfaces/share/student_interfaces/environment/ament_prefix_path.dsv
[1.296s] -- Up-to-date: /home/huangbo/ros2_learn/tongxun_learn/src/install/student_interfaces/share/student_interfaces/environment/path.sh
[1.296s] -- Up-to-date: /home/huangbo/ros2_learn/tongxun_learn/src/install/student_interfaces/share/student_interfaces/environment/path.dsv
[1.297s] -- Up-to-date: /home/huangbo/ros2_learn/tongxun_learn/src/install/student_interfaces/share/student_interfaces/local_setup.bash
[1.297s] -- Up-to-date: /home/huangbo/ros2_learn/tongxun_learn/src/install/student_interfaces/share/student_interfaces/local_setup.sh
[1.297s] -- Up-to-date: /home/huangbo/ros2_learn/tongxun_learn/src/install/student_interfaces/share/student_interfaces/local_setup.zsh
[1.297s] -- Up-to-date: /home/huangbo/ros2_learn/tongxun_learn/src/install/student_interfaces/share/student_interfaces/local_setup.dsv
[1.297s] -- Installing: /home/huangbo/ros2_learn/tongxun_learn/src/install/student_interfaces/share/student_interfaces/package.dsv
[1.297s] -- Up-to-date: /home/huangbo/ros2_learn/tongxun_learn/src/install/student_interfaces/share/ament_index/resource_index/packages/student_interfaces
[1.297s] -- Up-to-date: /home/huangbo/ros2_learn/tongxun_learn/src/install/student_interfaces/share/student_interfaces/cmake/export_student_interfaces__rosidl_generator_cExport.cmake
[1.299s] -- Up-to-date: /home/huangbo/ros2_learn/tongxun_learn/src/install/student_interfaces/share/student_interfaces/cmake/export_student_interfaces__rosidl_generator_cExport-noconfig.cmake
[1.300s] -- Up-to-date: /home/huangbo/ros2_learn/tongxun_learn/src/install/student_interfaces/share/student_interfaces/cmake/export_student_interfaces__rosidl_typesupport_fastrtps_cExport.cmake
[1.300s] -- Up-to-date: /home/huangbo/ros2_learn/tongxun_learn/src/install/student_interfaces/share/student_interfaces/cmake/export_student_interfaces__rosidl_typesupport_fastrtps_cExport-noconfig.cmake
[1.300s] -- Up-to-date: /home/huangbo/ros2_learn/tongxun_learn/src/install/student_interfaces/share/student_interfaces/cmake/student_interfaces__rosidl_typesupport_introspection_cExport.cmake
[1.300s] -- Up-to-date: /home/huangbo/ros2_learn/tongxun_learn/src/install/student_interfaces/share/student_interfaces/cmake/student_interfaces__rosidl_typesupport_introspection_cExport-noconfig.cmake
[1.301s] -- Up-to-date: /home/huangbo/ros2_learn/tongxun_learn/src/install/student_interfaces/share/student_interfaces/cmake/student_interfaces__rosidl_typesupport_cExport.cmake
[1.301s] -- Up-to-date: /home/huangbo/ros2_learn/tongxun_learn/src/install/student_interfaces/share/student_interfaces/cmake/student_interfaces__rosidl_typesupport_cExport-noconfig.cmake
[1.301s] -- Up-to-date: /home/huangbo/ros2_learn/tongxun_learn/src/install/student_interfaces/share/student_interfaces/cmake/export_student_interfaces__rosidl_generator_cppExport.cmake
[1.301s] -- Up-to-date: /home/huangbo/ros2_learn/tongxun_learn/src/install/student_interfaces/share/student_interfaces/cmake/export_student_interfaces__rosidl_typesupport_fastrtps_cppExport.cmake
[1.304s] -- Up-to-date: /home/huangbo/ros2_learn/tongxun_learn/src/install/student_interfaces/share/student_interfaces/cmake/export_student_interfaces__rosidl_typesupport_fastrtps_cppExport-noconfig.cmake
[1.305s] -- Up-to-date: /home/huangbo/ros2_learn/tongxun_learn/src/install/student_interfaces/share/student_interfaces/cmake/student_interfaces__rosidl_typesupport_introspection_cppExport.cmake
[1.305s] -- Up-to-date: /home/huangbo/ros2_learn/tongxun_learn/src/install/student_interfaces/share/student_interfaces/cmake/student_interfaces__rosidl_typesupport_introspection_cppExport-noconfig.cmake
[1.306s] -- Up-to-date: /home/huangbo/ros2_learn/tongxun_learn/src/install/student_interfaces/share/student_interfaces/cmake/student_interfaces__rosidl_typesupport_cppExport.cmake
[1.306s] -- Up-to-date: /home/huangbo/ros2_learn/tongxun_learn/src/install/student_interfaces/share/student_interfaces/cmake/student_interfaces__rosidl_typesupport_cppExport-noconfig.cmake
[1.306s] -- Up-to-date: /home/huangbo/ros2_learn/tongxun_learn/src/install/student_interfaces/share/student_interfaces/cmake/export_student_interfaces__rosidl_generator_pyExport.cmake
[1.307s] -- Up-to-date: /home/huangbo/ros2_learn/tongxun_learn/src/install/student_interfaces/share/student_interfaces/cmake/export_student_interfaces__rosidl_generator_pyExport-noconfig.cmake
[1.307s] -- Up-to-date: /home/huangbo/ros2_learn/tongxun_learn/src/install/student_interfaces/share/student_interfaces/cmake/rosidl_cmake-extras.cmake
[1.307s] -- Up-to-date: /home/huangbo/ros2_learn/tongxun_learn/src/install/student_interfaces/share/student_interfaces/cmake/ament_cmake_export_dependencies-extras.cmake
[1.307s] -- Up-to-date: /home/huangbo/ros2_learn/tongxun_learn/src/install/student_interfaces/share/student_interfaces/cmake/ament_cmake_export_include_directories-extras.cmake
[1.307s] -- Up-to-date: /home/huangbo/ros2_learn/tongxun_learn/src/install/student_interfaces/share/student_interfaces/cmake/ament_cmake_export_libraries-extras.cmake
[1.307s] -- Up-to-date: /home/huangbo/ros2_learn/tongxun_learn/src/install/student_interfaces/share/student_interfaces/cmake/ament_cmake_export_targets-extras.cmake
[1.307s] -- Up-to-date: /home/huangbo/ros2_learn/tongxun_learn/src/install/student_interfaces/share/student_interfaces/cmake/rosidl_cmake_export_typesupport_targets-extras.cmake
[1.307s] -- Up-to-date: /home/huangbo/ros2_learn/tongxun_learn/src/install/student_interfaces/share/student_interfaces/cmake/rosidl_cmake_export_typesupport_libraries-extras.cmake
[1.307s] -- Up-to-date: /home/huangbo/ros2_learn/tongxun_learn/src/install/student_interfaces/share/student_interfaces/cmake/rosidl_cmake_aggregate_target-extras.cmake
[1.311s] -- Up-to-date: /home/huangbo/ros2_learn/tongxun_learn/src/install/student_interfaces/share/student_interfaces/cmake/student_interfacesConfig.cmake
[1.311s] -- Up-to-date: /home/huangbo/ros2_learn/tongxun_learn/src/install/student_interfaces/share/student_interfaces/cmake/student_interfacesConfig-version.cmake
[1.311s] -- Up-to-date: /home/huangbo/ros2_learn/tongxun_learn/src/install/student_interfaces/share/student_interfaces/package.xml
[1.314s] Invoked command in '/home/huangbo/ros2_learn/tongxun_learn/src/build/student_interfaces' returned '0': CMAKE_PREFIX_PATH=/home/huangbo/ros2_learn/tongxun_learn/install/py03_acton:/home/huangbo/ros2_learn/tongxun_learn/install/py01_topic:/home/huangbo/ros2_learn/tongxun_learn/install/py05_time:/home/huangbo/ros2_learn/tongxun_learn/install/py04_param:/home/huangbo/ros2_learn/tongxun_learn/install/py02_service_my:/home/huangbo/ros2_learn/tongxun_learn/install/py02_service:/home/huangbo/ros2_learn/tongxun_learn/install/base_tongxun_s:/opt/ros/jazzy:${CMAKE_PREFIX_PATH} DEBUGINFOD_URLS=https://debuginfod.ubuntu.com /usr/bin/cmake --install /home/huangbo/ros2_learn/tongxun_learn/src/build/student_interfaces
