-- The C compiler identification is GNU 13.3.0
-- The CXX compiler identification is GNU 13.3.0
-- Detecting C compiler ABI info
-- Detecting C compiler ABI info - done
-- Check for working C compiler: /usr/bin/cc - skipped
-- Detecting C compile features
-- Detecting C compile features - done
-- Detecting CXX compiler ABI info
-- Detecting CXX compiler ABI info - done
-- Check for working CXX compiler: /usr/bin/c++ - skipped
-- Detecting CXX compile features
-- Detecting CXX compile features - done
-- Found ament_cmake: 2.5.6 (/opt/ros/jazzy/share/ament_cmake/cmake)
-- Found Python3: /usr/bin/python3 (found version "3.12.3") found components: Interpreter 
-- Found rosidl_default_generators: 1.6.1 (/opt/ros/jazzy/share/rosidl_default_generators/cmake)
-- Using all available rosidl_typesupport_c: rosidl_typesupport_fastrtps_c;rosidl_typesupport_introspection_c
-- Using all available rosidl_typesupport_cpp: rosidl_typesupport_fastrtps_cpp;rosidl_typesupport_introspection_cpp
-- Found rosidl_adapter: 4.6.9 (/opt/ros/jazzy/share/rosidl_adapter/cmake)
-- Found ament_cmake_ros: 0.12.1 (/opt/ros/jazzy/share/ament_cmake_ros/cmake)
-- Using all available rosidl_typesupport_c: rosidl_typesupport_fastrtps_c;rosidl_typesupport_introspection_c
-- Using all available rosidl_typesupport_cpp: rosidl_typesupport_fastrtps_cpp;rosidl_typesupport_introspection_cpp
-- Found python_cmake_module: 0.11.1 (/opt/ros/jazzy/share/python_cmake_module/cmake)
-- Found PythonExtra: /usr/bin/python3  
-- Found Python3: /usr/bin/python3 (found version "3.12.3") found components: Interpreter Development NumPy Development.Module Development.Embed 
-- Found Python3: /usr/bin/python3 (found version "3.12.3") found components: Interpreter 
-- Configuring done (6.5s)
-- Generating done (0.1s)
-- Build files have been written to: /home/huangbo/ros2_learn/build/student_interfaces
[  1%] [34m[1mGenerating Rust code for ROS interfaces[0m
[  3%] [34m[1mGenerating type hashes for ROS interfaces[0m
[  3%] Built target student_interfaces__rosidl_generator_type_description
[  3%] Built target student_interfaces__rs
[  3%] Built target ament_cmake_python_copy_student_interfaces
[  5%] [34m[1mGenerating C code for ROS interfaces[0m
[  7%] [34m[1mGenerating C++ code for ROS interfaces[0m
[  7%] Built target student_interfaces__cpp
running egg_info
creating student_interfaces.egg-info
[  9%] [32mBuilding C object CMakeFiles/student_interfaces__rosidl_generator_c.dir/rosidl_generator_c/student_interfaces/msg/detail/student__description.c.o[0m
writing student_interfaces.egg-info/PKG-INFO
writing dependency_links to student_interfaces.egg-info/dependency_links.txt
writing top-level names to student_interfaces.egg-info/top_level.txt
writing manifest file 'student_interfaces.egg-info/SOURCES.txt'
reading manifest file 'student_interfaces.egg-info/SOURCES.txt'
writing manifest file 'student_interfaces.egg-info/SOURCES.txt'
[ 10%] [32mBuilding C object CMakeFiles/student_interfaces__rosidl_generator_c.dir/rosidl_generator_c/student_interfaces/msg/detail/student__functions.c.o[0m
[ 10%] Built target ament_cmake_python_build_student_interfaces_egg
[ 12%] [32mBuilding C object CMakeFiles/student_interfaces__rosidl_generator_c.dir/rosidl_generator_c/student_interfaces/msg/detail/student__type_support.c.o[0m
[ 14%] [32mBuilding C object CMakeFiles/student_interfaces__rosidl_generator_c.dir/rosidl_generator_c/student_interfaces/srv/detail/addints__functions.c.o[0m
[ 16%] [32mBuilding C object CMakeFiles/student_interfaces__rosidl_generator_c.dir/rosidl_generator_c/student_interfaces/srv/detail/addints__description.c.o[0m
[ 18%] [32mBuilding C object CMakeFiles/student_interfaces__rosidl_generator_c.dir/rosidl_generator_c/student_interfaces/srv/detail/addints__type_support.c.o[0m
[ 20%] [32mBuilding C object CMakeFiles/student_interfaces__rosidl_generator_c.dir/rosidl_generator_c/student_interfaces/action/detail/progress__description.c.o[0m
[ 21%] [32mBuilding C object CMakeFiles/student_interfaces__rosidl_generator_c.dir/rosidl_generator_c/student_interfaces/action/detail/progress__functions.c.o[0m
[ 23%] [32mBuilding C object CMakeFiles/student_interfaces__rosidl_generator_c.dir/rosidl_generator_c/student_interfaces/action/detail/progress__type_support.c.o[0m
[ 25%] [32m[1mLinking C shared library libstudent_interfaces__rosidl_generator_c.so[0m
[ 25%] Built target student_interfaces__rosidl_generator_c
[ 27%] [34m[1mGenerating C type support for eProsima Fast-RTPS[0m
[ 29%] [34m[1mGenerating C introspection for ROS interfaces[0m
[ 30%] [32mBuilding C object CMakeFiles/student_interfaces__rosidl_typesupport_introspection_c.dir/rosidl_typesupport_introspection_c/student_interfaces/msg/detail/student__type_support.c.o[0m
[ 32%] [32mBuilding C object CMakeFiles/student_interfaces__rosidl_typesupport_introspection_c.dir/rosidl_typesupport_introspection_c/student_interfaces/srv/detail/addints__type_support.c.o[0m
[ 34%] [32mBuilding C object CMakeFiles/student_interfaces__rosidl_typesupport_introspection_c.dir/rosidl_typesupport_introspection_c/student_interfaces/action/detail/progress__type_support.c.o[0m
[ 36%] [32m[1mLinking C shared library libstudent_interfaces__rosidl_typesupport_introspection_c.so[0m
[ 36%] Built target student_interfaces__rosidl_typesupport_introspection_c
[ 38%] [32mBuilding CXX object CMakeFiles/student_interfaces__rosidl_typesupport_fastrtps_c.dir/rosidl_typesupport_fastrtps_c/student_interfaces/msg/detail/student__type_support_c.cpp.o[0m
[ 40%] [34m[1mGenerating C type support dispatch for ROS interfaces[0m
[ 41%] [32mBuilding CXX object CMakeFiles/student_interfaces__rosidl_typesupport_c.dir/rosidl_typesupport_c/student_interfaces/msg/student__type_support.cpp.o[0m
[ 43%] [32mBuilding CXX object CMakeFiles/student_interfaces__rosidl_typesupport_c.dir/rosidl_typesupport_c/student_interfaces/srv/addints__type_support.cpp.o[0m
[ 45%] [32mBuilding CXX object CMakeFiles/student_interfaces__rosidl_typesupport_c.dir/rosidl_typesupport_c/student_interfaces/action/progress__type_support.cpp.o[0m
[ 47%] [32m[1mLinking CXX shared library libstudent_interfaces__rosidl_typesupport_c.so[0m
[ 49%] [32mBuilding CXX object CMakeFiles/student_interfaces__rosidl_typesupport_fastrtps_c.dir/rosidl_typesupport_fastrtps_c/student_interfaces/srv/detail/addints__type_support_c.cpp.o[0m
[ 49%] Built target student_interfaces__rosidl_typesupport_c
[ 50%] [34m[1mGenerating C++ type support for eProsima Fast-RTPS[0m
[ 52%] [32mBuilding CXX object CMakeFiles/student_interfaces__rosidl_typesupport_fastrtps_c.dir/rosidl_typesupport_fastrtps_c/student_interfaces/action/detail/progress__type_support_c.cpp.o[0m
[ 54%] [32mBuilding CXX object CMakeFiles/student_interfaces__rosidl_typesupport_fastrtps_cpp.dir/rosidl_typesupport_fastrtps_cpp/student_interfaces/msg/detail/dds_fastrtps/student__type_support.cpp.o[0m
[ 56%] [32m[1mLinking CXX shared library libstudent_interfaces__rosidl_typesupport_fastrtps_c.so[0m
[ 58%] [32mBuilding CXX object CMakeFiles/student_interfaces__rosidl_typesupport_fastrtps_cpp.dir/rosidl_typesupport_fastrtps_cpp/student_interfaces/srv/detail/dds_fastrtps/addints__type_support.cpp.o[0m
[ 58%] Built target student_interfaces__rosidl_typesupport_fastrtps_c
[ 60%] [32mBuilding CXX object CMakeFiles/student_interfaces__rosidl_typesupport_fastrtps_cpp.dir/rosidl_typesupport_fastrtps_cpp/student_interfaces/action/detail/dds_fastrtps/progress__type_support.cpp.o[0m
[ 61%] [34m[1mGenerating C++ introspection for ROS interfaces[0m
[ 63%] [32m[1mLinking CXX shared library libstudent_interfaces__rosidl_typesupport_fastrtps_cpp.so[0m
[ 65%] [32mBuilding CXX object CMakeFiles/student_interfaces__rosidl_typesupport_introspection_cpp.dir/rosidl_typesupport_introspection_cpp/student_interfaces/msg/detail/student__type_support.cpp.o[0m
[ 65%] Built target student_interfaces__rosidl_typesupport_fastrtps_cpp
[ 67%] [34m[1mGenerating C++ type support dispatch for ROS interfaces[0m
[ 69%] [32mBuilding CXX object CMakeFiles/student_interfaces__rosidl_typesupport_introspection_cpp.dir/rosidl_typesupport_introspection_cpp/student_interfaces/srv/detail/addints__type_support.cpp.o[0m
[ 70%] [32mBuilding CXX object CMakeFiles/student_interfaces__rosidl_typesupport_cpp.dir/rosidl_typesupport_cpp/student_interfaces/msg/student__type_support.cpp.o[0m
