-- The C compiler identification is GNU 13.3.0
-- The CXX compiler identification is GNU 13.3.0
-- Detecting C compiler ABI info
-- Detecting C compiler ABI info - done
-- Check for working C compiler: /usr/bin/cc - skipped
-- Detecting C compile features
-- Detecting C compile features - done
-- Detecting CXX compiler ABI info
-- Detecting CXX compiler ABI info - done
-- Check for working CXX compiler: /usr/bin/c++ - skipped
-- Detecting CXX compile features
-- Detecting CXX compile features - done
-- Found ament_cmake: 2.5.6 (/opt/ros/jazzy/share/ament_cmake/cmake)
-- Found Python3: /usr/bin/python3 (found version "3.12.3") found components: Interpreter 
-- Found rosidl_default_generators: 1.6.1 (/opt/ros/jazzy/share/rosidl_default_generators/cmake)
-- Using all available rosidl_typesupport_c: rosidl_typesupport_fastrtps_c;rosidl_typesupport_introspection_c
-- Using all available rosidl_typesupport_cpp: rosidl_typesupport_fastrtps_cpp;rosidl_typesupport_introspection_cpp
-- Found rosidl_adapter: 4.6.9 (/opt/ros/jazzy/share/rosidl_adapter/cmake)
-- Found ament_cmake_ros: 0.12.1 (/opt/ros/jazzy/share/ament_cmake_ros/cmake)
-- Using all available rosidl_typesupport_c: rosidl_typesupport_fastrtps_c;rosidl_typesupport_introspection_c
-- Using all available rosidl_typesupport_cpp: rosidl_typesupport_fastrtps_cpp;rosidl_typesupport_introspection_cpp
-- Found python_cmake_module: 0.11.1 (/opt/ros/jazzy/share/python_cmake_module/cmake)
-- Found PythonExtra: /usr/bin/python3  
-- Found Python3: /usr/bin/python3 (found version "3.12.3") found components: Interpreter Development NumPy Development.Module Development.Embed 
-- Found Python3: /usr/bin/python3 (found version "3.12.3") found components: Interpreter 
-- Configuring done (5.4s)
-- Generating done (0.1s)
-- Build files have been written to: /home/huangbo/ros2_learn/tongxun_learn/src/build/student_interfaces
[  2%] [34m[1mGenerating type hashes for ROS interfaces[0m
[  4%] [34m[1mGenerating Rust code for ROS interfaces[0m
[  4%] Built target student_interfaces__rs
[  4%] Built target ament_cmake_python_copy_student_interfaces
[  4%] Built target student_interfaces__rosidl_generator_type_description
[  6%] [34m[1mGenerating C++ code for ROS interfaces[0m
running egg_info
creating student_interfaces.egg-info
writing student_interfaces.egg-info/PKG-INFO
writing dependency_links to student_interfaces.egg-info/dependency_links.txt
writing top-level names to student_interfaces.egg-info/top_level.txt
writing manifest file 'student_interfaces.egg-info/SOURCES.txt'
[  6%] Built target student_interfaces__cpp
reading manifest file 'student_interfaces.egg-info/SOURCES.txt'
writing manifest file 'student_interfaces.egg-info/SOURCES.txt'
[  8%] [34m[1mGenerating C code for ROS interfaces[0m
[  8%] Built target ament_cmake_python_build_student_interfaces_egg
[ 11%] [32mBuilding C object CMakeFiles/student_interfaces__rosidl_generator_c.dir/rosidl_generator_c/student_interfaces/msg/detail/student__description.c.o[0m
[ 13%] [32mBuilding C object CMakeFiles/student_interfaces__rosidl_generator_c.dir/rosidl_generator_c/student_interfaces/msg/detail/student__functions.c.o[0m
[ 15%] [32mBuilding C object CMakeFiles/student_interfaces__rosidl_generator_c.dir/rosidl_generator_c/student_interfaces/msg/detail/student__type_support.c.o[0m
[ 17%] [32mBuilding C object CMakeFiles/student_interfaces__rosidl_generator_c.dir/rosidl_generator_c/student_interfaces/srv/detail/addints__description.c.o[0m
[ 20%] [32mBuilding C object CMakeFiles/student_interfaces__rosidl_generator_c.dir/rosidl_generator_c/student_interfaces/srv/detail/addints__functions.c.o[0m
[ 22%] [32mBuilding C object CMakeFiles/student_interfaces__rosidl_generator_c.dir/rosidl_generator_c/student_interfaces/srv/detail/addints__type_support.c.o[0m
[ 24%] [32m[1mLinking C shared library libstudent_interfaces__rosidl_generator_c.so[0m
[ 24%] Built target student_interfaces__rosidl_generator_c
[ 28%] [34m[1mGenerating C type support for eProsima Fast-RTPS[0m
[ 28%] [34m[1mGenerating C++ type support dispatch for ROS interfaces[0m
[ 31%] [32mBuilding CXX object CMakeFiles/student_interfaces__rosidl_typesupport_cpp.dir/rosidl_typesupport_cpp/student_interfaces/msg/student__type_support.cpp.o[0m
[ 33%] [32mBuilding CXX object CMakeFiles/student_interfaces__rosidl_typesupport_fastrtps_c.dir/rosidl_typesupport_fastrtps_c/student_interfaces/msg/detail/student__type_support_c.cpp.o[0m
[ 35%] [32mBuilding CXX object CMakeFiles/student_interfaces__rosidl_typesupport_cpp.dir/rosidl_typesupport_cpp/student_interfaces/srv/addints__type_support.cpp.o[0m
[ 37%] [32mBuilding CXX object CMakeFiles/student_interfaces__rosidl_typesupport_fastrtps_c.dir/rosidl_typesupport_fastrtps_c/student_interfaces/srv/detail/addints__type_support_c.cpp.o[0m
[ 40%] [32m[1mLinking CXX shared library libstudent_interfaces__rosidl_typesupport_cpp.so[0m
[ 40%] Built target student_interfaces__rosidl_typesupport_cpp
[ 42%] [34m[1mGenerating C introspection for ROS interfaces[0m
[ 44%] [32m[1mLinking CXX shared library libstudent_interfaces__rosidl_typesupport_fastrtps_c.so[0m
[ 46%] [32mBuilding C object CMakeFiles/student_interfaces__rosidl_typesupport_introspection_c.dir/rosidl_typesupport_introspection_c/student_interfaces/msg/detail/student__type_support.c.o[0m
[ 48%] [32mBuilding C object CMakeFiles/student_interfaces__rosidl_typesupport_introspection_c.dir/rosidl_typesupport_introspection_c/student_interfaces/srv/detail/addints__type_support.c.o[0m
[ 48%] Built target student_interfaces__rosidl_typesupport_fastrtps_c
[ 51%] [34m[1mGenerating C type support dispatch for ROS interfaces[0m
[ 53%] [32m[1mLinking C shared library libstudent_interfaces__rosidl_typesupport_introspection_c.so[0m
[ 53%] Built target student_interfaces__rosidl_typesupport_introspection_c
[ 55%] [34m[1mGenerating C++ type support for eProsima Fast-RTPS[0m
[ 57%] [32mBuilding CXX object CMakeFiles/student_interfaces__rosidl_typesupport_c.dir/rosidl_typesupport_c/student_interfaces/msg/student__type_support.cpp.o[0m
[ 60%] [32mBuilding CXX object CMakeFiles/student_interfaces__rosidl_typesupport_c.dir/rosidl_typesupport_c/student_interfaces/srv/addints__type_support.cpp.o[0m
[ 62%] [32m[1mLinking CXX shared library libstudent_interfaces__rosidl_typesupport_c.so[0m
[ 62%] Built target student_interfaces__rosidl_typesupport_c
[ 64%] [32mBuilding CXX object CMakeFiles/student_interfaces__rosidl_typesupport_fastrtps_cpp.dir/rosidl_typesupport_fastrtps_cpp/student_interfaces/msg/detail/dds_fastrtps/student__type_support.cpp.o[0m
[ 66%] [34m[1mGenerating C++ introspection for ROS interfaces[0m
[ 68%] [32mBuilding CXX object CMakeFiles/student_interfaces__rosidl_typesupport_introspection_cpp.dir/rosidl_typesupport_introspection_cpp/student_interfaces/msg/detail/student__type_support.cpp.o[0m
[ 71%] [32mBuilding CXX object CMakeFiles/student_interfaces__rosidl_typesupport_fastrtps_cpp.dir/rosidl_typesupport_fastrtps_cpp/student_interfaces/srv/detail/dds_fastrtps/addints__type_support.cpp.o[0m
[ 73%] [32mBuilding CXX object CMakeFiles/student_interfaces__rosidl_typesupport_introspection_cpp.dir/rosidl_typesupport_introspection_cpp/student_interfaces/srv/detail/addints__type_support.cpp.o[0m
[ 75%] [32m[1mLinking CXX shared library libstudent_interfaces__rosidl_typesupport_introspection_cpp.so[0m
[ 77%] [32m[1mLinking CXX shared library libstudent_interfaces__rosidl_typesupport_fastrtps_cpp.so[0m
[ 77%] Built target student_interfaces__rosidl_typesupport_introspection_cpp
[ 77%] Built target student_interfaces__rosidl_typesupport_fastrtps_cpp
[ 77%] Built target student_interfaces
[ 80%] [34m[1mGenerating Python code for ROS interfaces[0m
[ 80%] Built target student_interfaces__py
[ 84%] [32mBuilding C object CMakeFiles/student_interfaces__rosidl_generator_py.dir/rosidl_generator_py/student_interfaces/srv/_addints_s.c.o[0m
[ 84%] [32mBuilding C object CMakeFiles/student_interfaces__rosidl_generator_py.dir/rosidl_generator_py/student_interfaces/msg/_student_s.c.o[0m
[ 86%] [32m[1mLinking C shared library libstudent_interfaces__rosidl_generator_py.so[0m
[ 86%] Built target student_interfaces__rosidl_generator_py
[ 88%] [32mBuilding C object CMakeFiles/student_interfaces_s__rosidl_typesupport_fastrtps_c.dir/rosidl_generator_py/student_interfaces/_student_interfaces_s.ep.rosidl_typesupport_fastrtps_c.c.o[0m
[ 91%] [32mBuilding C object CMakeFiles/student_interfaces_s__rosidl_typesupport_introspection_c.dir/rosidl_generator_py/student_interfaces/_student_interfaces_s.ep.rosidl_typesupport_introspection_c.c.o[0m
[ 95%] [32m[1mLinking C shared module rosidl_generator_py/student_interfaces/student_interfaces_s__rosidl_typesupport_fastrtps_c.so[0m
[ 95%] [32m[1mLinking C shared module rosidl_generator_py/student_interfaces/student_interfaces_s__rosidl_typesupport_introspection_c.so[0m
[ 95%] Built target student_interfaces_s__rosidl_typesupport_fastrtps_c
[ 95%] Built target student_interfaces_s__rosidl_typesupport_introspection_c
[ 97%] [32mBuilding C object CMakeFiles/student_interfaces_s__rosidl_typesupport_c.dir/rosidl_generator_py/student_interfaces/_student_interfaces_s.ep.rosidl_typesupport_c.c.o[0m
[100%] [32m[1mLinking C shared module rosidl_generator_py/student_interfaces/student_interfaces_s__rosidl_typesupport_c.so[0m
[100%] Built target student_interfaces_s__rosidl_typesupport_c
-- Install configuration: ""
-- Installing: /home/huangbo/ros2_learn/tongxun_learn/src/install/student_interfaces/share/ament_index/resource_index/rosidl_interfaces/student_interfaces
-- Installing: /home/huangbo/ros2_learn/tongxun_learn/src/install/student_interfaces/share/student_interfaces/msg/Student.json
-- Installing: /home/huangbo/ros2_learn/tongxun_learn/src/install/student_interfaces/share/student_interfaces/srv/Addints.json
-- Installing: /home/huangbo/ros2_learn/tongxun_learn/src/install/student_interfaces/include/student_interfaces/student_interfaces
-- Installing: /home/huangbo/ros2_learn/tongxun_learn/src/install/student_interfaces/include/student_interfaces/student_interfaces/srv
-- Installing: /home/huangbo/ros2_learn/tongxun_learn/src/install/student_interfaces/include/student_interfaces/student_interfaces/srv/addints.h
-- Installing: /home/huangbo/ros2_learn/tongxun_learn/src/install/student_interfaces/include/student_interfaces/student_interfaces/srv/detail
-- Installing: /home/huangbo/ros2_learn/tongxun_learn/src/install/student_interfaces/include/student_interfaces/student_interfaces/srv/detail/addints__type_support.c
-- Installing: /home/huangbo/ros2_learn/tongxun_learn/src/install/student_interfaces/include/student_interfaces/student_interfaces/srv/detail/addints__struct.h
-- Installing: /home/huangbo/ros2_learn/tongxun_learn/src/install/student_interfaces/include/student_interfaces/student_interfaces/srv/detail/addints__functions.h
-- Installing: /home/huangbo/ros2_learn/tongxun_learn/src/install/student_interfaces/include/student_interfaces/student_interfaces/srv/detail/addints__functions.c
-- Installing: /home/huangbo/ros2_learn/tongxun_learn/src/install/student_interfaces/include/student_interfaces/student_interfaces/srv/detail/addints__type_support.h
-- Installing: /home/huangbo/ros2_learn/tongxun_learn/src/install/student_interfaces/include/student_interfaces/student_interfaces/srv/detail/addints__description.c
-- Installing: /home/huangbo/ros2_learn/tongxun_learn/src/install/student_interfaces/include/student_interfaces/student_interfaces/msg
-- Installing: /home/huangbo/ros2_learn/tongxun_learn/src/install/student_interfaces/include/student_interfaces/student_interfaces/msg/detail
-- Installing: /home/huangbo/ros2_learn/tongxun_learn/src/install/student_interfaces/include/student_interfaces/student_interfaces/msg/detail/student__type_support.c
-- Installing: /home/huangbo/ros2_learn/tongxun_learn/src/install/student_interfaces/include/student_interfaces/student_interfaces/msg/detail/student__struct.h
-- Installing: /home/huangbo/ros2_learn/tongxun_learn/src/install/student_interfaces/include/student_interfaces/student_interfaces/msg/detail/student__description.c
-- Installing: /home/huangbo/ros2_learn/tongxun_learn/src/install/student_interfaces/include/student_interfaces/student_interfaces/msg/detail/student__functions.h
-- Installing: /home/huangbo/ros2_learn/tongxun_learn/src/install/student_interfaces/include/student_interfaces/student_interfaces/msg/detail/student__functions.c
-- Installing: /home/huangbo/ros2_learn/tongxun_learn/src/install/student_interfaces/include/student_interfaces/student_interfaces/msg/detail/student__type_support.h
-- Installing: /home/huangbo/ros2_learn/tongxun_learn/src/install/student_interfaces/include/student_interfaces/student_interfaces/msg/rosidl_generator_c__visibility_control.h
-- Installing: /home/huangbo/ros2_learn/tongxun_learn/src/install/student_interfaces/include/student_interfaces/student_interfaces/msg/student.h
-- Installing: /home/huangbo/ros2_learn/tongxun_learn/src/install/student_interfaces/share/student_interfaces/environment/library_path.sh
-- Installing: /home/huangbo/ros2_learn/tongxun_learn/src/install/student_interfaces/share/student_interfaces/environment/library_path.dsv
-- Installing: /home/huangbo/ros2_learn/tongxun_learn/src/install/student_interfaces/lib/libstudent_interfaces__rosidl_generator_c.so
-- Set non-toolchain portion of runtime path of "/home/huangbo/ros2_learn/tongxun_learn/src/install/student_interfaces/lib/libstudent_interfaces__rosidl_generator_c.so" to ""
-- Up-to-date: /home/huangbo/ros2_learn/tongxun_learn/src/install/student_interfaces/include/student_interfaces/student_interfaces
-- Up-to-date: /home/huangbo/ros2_learn/tongxun_learn/src/install/student_interfaces/include/student_interfaces/student_interfaces/srv
-- Up-to-date: /home/huangbo/ros2_learn/tongxun_learn/src/install/student_interfaces/include/student_interfaces/student_interfaces/srv/detail
-- Installing: /home/huangbo/ros2_learn/tongxun_learn/src/install/student_interfaces/include/student_interfaces/student_interfaces/srv/detail/addints__rosidl_typesupport_fastrtps_c.h
-- Up-to-date: /home/huangbo/ros2_learn/tongxun_learn/src/install/student_interfaces/include/student_interfaces/student_interfaces/msg
-- Up-to-date: /home/huangbo/ros2_learn/tongxun_learn/src/install/student_interfaces/include/student_interfaces/student_interfaces/msg/detail
-- Installing: /home/huangbo/ros2_learn/tongxun_learn/src/install/student_interfaces/include/student_interfaces/student_interfaces/msg/detail/student__rosidl_typesupport_fastrtps_c.h
-- Installing: /home/huangbo/ros2_learn/tongxun_learn/src/install/student_interfaces/include/student_interfaces/student_interfaces/msg/rosidl_typesupport_fastrtps_c__visibility_control.h
-- Installing: /home/huangbo/ros2_learn/tongxun_learn/src/install/student_interfaces/lib/libstudent_interfaces__rosidl_typesupport_fastrtps_c.so
-- Set non-toolchain portion of runtime path of "/home/huangbo/ros2_learn/tongxun_learn/src/install/student_interfaces/lib/libstudent_interfaces__rosidl_typesupport_fastrtps_c.so" to ""
-- Up-to-date: /home/huangbo/ros2_learn/tongxun_learn/src/install/student_interfaces/include/student_interfaces/student_interfaces
-- Up-to-date: /home/huangbo/ros2_learn/tongxun_learn/src/install/student_interfaces/include/student_interfaces/student_interfaces/srv
-- Up-to-date: /home/huangbo/ros2_learn/tongxun_learn/src/install/student_interfaces/include/student_interfaces/student_interfaces/srv/detail
-- Installing: /home/huangbo/ros2_learn/tongxun_learn/src/install/student_interfaces/include/student_interfaces/student_interfaces/srv/detail/addints__type_support.c
-- Installing: /home/huangbo/ros2_learn/tongxun_learn/src/install/student_interfaces/include/student_interfaces/student_interfaces/srv/detail/addints__rosidl_typesupport_introspection_c.h
-- Up-to-date: /home/huangbo/ros2_learn/tongxun_learn/src/install/student_interfaces/include/student_interfaces/student_interfaces/msg
-- Up-to-date: /home/huangbo/ros2_learn/tongxun_learn/src/install/student_interfaces/include/student_interfaces/student_interfaces/msg/detail
-- Installing: /home/huangbo/ros2_learn/tongxun_learn/src/install/student_interfaces/include/student_interfaces/student_interfaces/msg/detail/student__type_support.c
-- Installing: /home/huangbo/ros2_learn/tongxun_learn/src/install/student_interfaces/include/student_interfaces/student_interfaces/msg/detail/student__rosidl_typesupport_introspection_c.h
-- Installing: /home/huangbo/ros2_learn/tongxun_learn/src/install/student_interfaces/include/student_interfaces/student_interfaces/msg/rosidl_typesupport_introspection_c__visibility_control.h
-- Installing: /home/huangbo/ros2_learn/tongxun_learn/src/install/student_interfaces/lib/libstudent_interfaces__rosidl_typesupport_introspection_c.so
-- Set non-toolchain portion of runtime path of "/home/huangbo/ros2_learn/tongxun_learn/src/install/student_interfaces/lib/libstudent_interfaces__rosidl_typesupport_introspection_c.so" to ""
-- Installing: /home/huangbo/ros2_learn/tongxun_learn/src/install/student_interfaces/lib/libstudent_interfaces__rosidl_typesupport_c.so
-- Set non-toolchain portion of runtime path of "/home/huangbo/ros2_learn/tongxun_learn/src/install/student_interfaces/lib/libstudent_interfaces__rosidl_typesupport_c.so" to ""
-- Up-to-date: /home/huangbo/ros2_learn/tongxun_learn/src/install/student_interfaces/include/student_interfaces/student_interfaces
-- Up-to-date: /home/huangbo/ros2_learn/tongxun_learn/src/install/student_interfaces/include/student_interfaces/student_interfaces/srv
-- Up-to-date: /home/huangbo/ros2_learn/tongxun_learn/src/install/student_interfaces/include/student_interfaces/student_interfaces/srv/detail
-- Installing: /home/huangbo/ros2_learn/tongxun_learn/src/install/student_interfaces/include/student_interfaces/student_interfaces/srv/detail/addints__builder.hpp
-- Installing: /home/huangbo/ros2_learn/tongxun_learn/src/install/student_interfaces/include/student_interfaces/student_interfaces/srv/detail/addints__type_support.hpp
-- Installing: /home/huangbo/ros2_learn/tongxun_learn/src/install/student_interfaces/include/student_interfaces/student_interfaces/srv/detail/addints__struct.hpp
-- Installing: /home/huangbo/ros2_learn/tongxun_learn/src/install/student_interfaces/include/student_interfaces/student_interfaces/srv/detail/addints__traits.hpp
-- Installing: /home/huangbo/ros2_learn/tongxun_learn/src/install/student_interfaces/include/student_interfaces/student_interfaces/srv/addints.hpp
-- Up-to-date: /home/huangbo/ros2_learn/tongxun_learn/src/install/student_interfaces/include/student_interfaces/student_interfaces/msg
-- Up-to-date: /home/huangbo/ros2_learn/tongxun_learn/src/install/student_interfaces/include/student_interfaces/student_interfaces/msg/detail
-- Installing: /home/huangbo/ros2_learn/tongxun_learn/src/install/student_interfaces/include/student_interfaces/student_interfaces/msg/detail/student__builder.hpp
-- Installing: /home/huangbo/ros2_learn/tongxun_learn/src/install/student_interfaces/include/student_interfaces/student_interfaces/msg/detail/student__traits.hpp
-- Installing: /home/huangbo/ros2_learn/tongxun_learn/src/install/student_interfaces/include/student_interfaces/student_interfaces/msg/detail/student__struct.hpp
-- Installing: /home/huangbo/ros2_learn/tongxun_learn/src/install/student_interfaces/include/student_interfaces/student_interfaces/msg/detail/student__type_support.hpp
-- Installing: /home/huangbo/ros2_learn/tongxun_learn/src/install/student_interfaces/include/student_interfaces/student_interfaces/msg/student.hpp
-- Installing: /home/huangbo/ros2_learn/tongxun_learn/src/install/student_interfaces/include/student_interfaces/student_interfaces/msg/rosidl_generator_cpp__visibility_control.hpp
-- Up-to-date: /home/huangbo/ros2_learn/tongxun_learn/src/install/student_interfaces/include/student_interfaces/student_interfaces
-- Up-to-date: /home/huangbo/ros2_learn/tongxun_learn/src/install/student_interfaces/include/student_interfaces/student_interfaces/srv
-- Up-to-date: /home/huangbo/ros2_learn/tongxun_learn/src/install/student_interfaces/include/student_interfaces/student_interfaces/srv/detail
-- Installing: /home/huangbo/ros2_learn/tongxun_learn/src/install/student_interfaces/include/student_interfaces/student_interfaces/srv/detail/addints__rosidl_typesupport_fastrtps_cpp.hpp
-- Installing: /home/huangbo/ros2_learn/tongxun_learn/src/install/student_interfaces/include/student_interfaces/student_interfaces/srv/detail/dds_fastrtps
-- Up-to-date: /home/huangbo/ros2_learn/tongxun_learn/src/install/student_interfaces/include/student_interfaces/student_interfaces/msg
-- Up-to-date: /home/huangbo/ros2_learn/tongxun_learn/src/install/student_interfaces/include/student_interfaces/student_interfaces/msg/detail
-- Installing: /home/huangbo/ros2_learn/tongxun_learn/src/install/student_interfaces/include/student_interfaces/student_interfaces/msg/detail/student__rosidl_typesupport_fastrtps_cpp.hpp
-- Installing: /home/huangbo/ros2_learn/tongxun_learn/src/install/student_interfaces/include/student_interfaces/student_interfaces/msg/detail/dds_fastrtps
-- Installing: /home/huangbo/ros2_learn/tongxun_learn/src/install/student_interfaces/include/student_interfaces/student_interfaces/msg/rosidl_typesupport_fastrtps_cpp__visibility_control.h
-- Installing: /home/huangbo/ros2_learn/tongxun_learn/src/install/student_interfaces/lib/libstudent_interfaces__rosidl_typesupport_fastrtps_cpp.so
-- Set non-toolchain portion of runtime path of "/home/huangbo/ros2_learn/tongxun_learn/src/install/student_interfaces/lib/libstudent_interfaces__rosidl_typesupport_fastrtps_cpp.so" to ""
-- Up-to-date: /home/huangbo/ros2_learn/tongxun_learn/src/install/student_interfaces/include/student_interfaces/student_interfaces
-- Up-to-date: /home/huangbo/ros2_learn/tongxun_learn/src/install/student_interfaces/include/student_interfaces/student_interfaces/srv
-- Up-to-date: /home/huangbo/ros2_learn/tongxun_learn/src/install/student_interfaces/include/student_interfaces/student_interfaces/srv/detail
-- Installing: /home/huangbo/ros2_learn/tongxun_learn/src/install/student_interfaces/include/student_interfaces/student_interfaces/srv/detail/addints__type_support.cpp
-- Installing: /home/huangbo/ros2_learn/tongxun_learn/src/install/student_interfaces/include/student_interfaces/student_interfaces/srv/detail/addints__rosidl_typesupport_introspection_cpp.hpp
-- Up-to-date: /home/huangbo/ros2_learn/tongxun_learn/src/install/student_interfaces/include/student_interfaces/student_interfaces/msg
-- Up-to-date: /home/huangbo/ros2_learn/tongxun_learn/src/install/student_interfaces/include/student_interfaces/student_interfaces/msg/detail
-- Installing: /home/huangbo/ros2_learn/tongxun_learn/src/install/student_interfaces/include/student_interfaces/student_interfaces/msg/detail/student__type_support.cpp
-- Installing: /home/huangbo/ros2_learn/tongxun_learn/src/install/student_interfaces/include/student_interfaces/student_interfaces/msg/detail/student__rosidl_typesupport_introspection_cpp.hpp
-- Installing: /home/huangbo/ros2_learn/tongxun_learn/src/install/student_interfaces/lib/libstudent_interfaces__rosidl_typesupport_introspection_cpp.so
-- Set non-toolchain portion of runtime path of "/home/huangbo/ros2_learn/tongxun_learn/src/install/student_interfaces/lib/libstudent_interfaces__rosidl_typesupport_introspection_cpp.so" to ""
-- Installing: /home/huangbo/ros2_learn/tongxun_learn/src/install/student_interfaces/lib/libstudent_interfaces__rosidl_typesupport_cpp.so
-- Set non-toolchain portion of runtime path of "/home/huangbo/ros2_learn/tongxun_learn/src/install/student_interfaces/lib/libstudent_interfaces__rosidl_typesupport_cpp.so" to ""
-- Installing: /home/huangbo/ros2_learn/tongxun_learn/src/install/student_interfaces/share/student_interfaces/environment/pythonpath.sh
-- Installing: /home/huangbo/ros2_learn/tongxun_learn/src/install/student_interfaces/share/student_interfaces/environment/pythonpath.dsv
-- Installing: /home/huangbo/ros2_learn/tongxun_learn/src/install/student_interfaces/lib/python3.12/site-packages/student_interfaces-0.0.0-py3.12.egg-info
-- Installing: /home/huangbo/ros2_learn/tongxun_learn/src/install/student_interfaces/lib/python3.12/site-packages/student_interfaces-0.0.0-py3.12.egg-info/SOURCES.txt
-- Installing: /home/huangbo/ros2_learn/tongxun_learn/src/install/student_interfaces/lib/python3.12/site-packages/student_interfaces-0.0.0-py3.12.egg-info/dependency_links.txt
-- Installing: /home/huangbo/ros2_learn/tongxun_learn/src/install/student_interfaces/lib/python3.12/site-packages/student_interfaces-0.0.0-py3.12.egg-info/PKG-INFO
-- Installing: /home/huangbo/ros2_learn/tongxun_learn/src/install/student_interfaces/lib/python3.12/site-packages/student_interfaces-0.0.0-py3.12.egg-info/top_level.txt
-- Installing: /home/huangbo/ros2_learn/tongxun_learn/src/install/student_interfaces/lib/python3.12/site-packages/student_interfaces
-- Installing: /home/huangbo/ros2_learn/tongxun_learn/src/install/student_interfaces/lib/python3.12/site-packages/student_interfaces/student_interfaces_s__rosidl_typesupport_c.so
-- Installing: /home/huangbo/ros2_learn/tongxun_learn/src/install/student_interfaces/lib/python3.12/site-packages/student_interfaces/student_interfaces_s__rosidl_typesupport_fastrtps_c.so
-- Installing: /home/huangbo/ros2_learn/tongxun_learn/src/install/student_interfaces/lib/python3.12/site-packages/student_interfaces/_student_interfaces_s.ep.rosidl_typesupport_fastrtps_c.c
-- Installing: /home/huangbo/ros2_learn/tongxun_learn/src/install/student_interfaces/lib/python3.12/site-packages/student_interfaces/_student_interfaces_s.ep.rosidl_typesupport_introspection_c.c
-- Installing: /home/huangbo/ros2_learn/tongxun_learn/src/install/student_interfaces/lib/python3.12/site-packages/student_interfaces/_student_interfaces_s.ep.rosidl_typesupport_c.c
-- Installing: /home/huangbo/ros2_learn/tongxun_learn/src/install/student_interfaces/lib/python3.12/site-packages/student_interfaces/srv
-- Installing: /home/huangbo/ros2_learn/tongxun_learn/src/install/student_interfaces/lib/python3.12/site-packages/student_interfaces/srv/_addints.py
-- Installing: /home/huangbo/ros2_learn/tongxun_learn/src/install/student_interfaces/lib/python3.12/site-packages/student_interfaces/srv/_addints_s.c
-- Installing: /home/huangbo/ros2_learn/tongxun_learn/src/install/student_interfaces/lib/python3.12/site-packages/student_interfaces/srv/__init__.py
-- Installing: /home/huangbo/ros2_learn/tongxun_learn/src/install/student_interfaces/lib/python3.12/site-packages/student_interfaces/msg
-- Installing: /home/huangbo/ros2_learn/tongxun_learn/src/install/student_interfaces/lib/python3.12/site-packages/student_interfaces/msg/_student.py
-- Installing: /home/huangbo/ros2_learn/tongxun_learn/src/install/student_interfaces/lib/python3.12/site-packages/student_interfaces/msg/_student_s.c
-- Installing: /home/huangbo/ros2_learn/tongxun_learn/src/install/student_interfaces/lib/python3.12/site-packages/student_interfaces/msg/__init__.py
-- Installing: /home/huangbo/ros2_learn/tongxun_learn/src/install/student_interfaces/lib/python3.12/site-packages/student_interfaces/__init__.py
-- Installing: /home/huangbo/ros2_learn/tongxun_learn/src/install/student_interfaces/lib/python3.12/site-packages/student_interfaces/student_interfaces_s__rosidl_typesupport_introspection_c.so
Listing '/home/huangbo/ros2_learn/tongxun_learn/src/install/student_interfaces/lib/python3.12/site-packages/student_interfaces'...
Compiling '/home/huangbo/ros2_learn/tongxun_learn/src/install/student_interfaces/lib/python3.12/site-packages/student_interfaces/__init__.py'...
Listing '/home/huangbo/ros2_learn/tongxun_learn/src/install/student_interfaces/lib/python3.12/site-packages/student_interfaces/msg'...
Compiling '/home/huangbo/ros2_learn/tongxun_learn/src/install/student_interfaces/lib/python3.12/site-packages/student_interfaces/msg/__init__.py'...
Compiling '/home/huangbo/ros2_learn/tongxun_learn/src/install/student_interfaces/lib/python3.12/site-packages/student_interfaces/msg/_student.py'...
Listing '/home/huangbo/ros2_learn/tongxun_learn/src/install/student_interfaces/lib/python3.12/site-packages/student_interfaces/srv'...
Compiling '/home/huangbo/ros2_learn/tongxun_learn/src/install/student_interfaces/lib/python3.12/site-packages/student_interfaces/srv/__init__.py'...
Compiling '/home/huangbo/ros2_learn/tongxun_learn/src/install/student_interfaces/lib/python3.12/site-packages/student_interfaces/srv/_addints.py'...
-- Installing: /home/huangbo/ros2_learn/tongxun_learn/src/install/student_interfaces/lib/python3.12/site-packages/student_interfaces/student_interfaces_s__rosidl_typesupport_fastrtps_c.so
-- Set non-toolchain portion of runtime path of "/home/huangbo/ros2_learn/tongxun_learn/src/install/student_interfaces/lib/python3.12/site-packages/student_interfaces/student_interfaces_s__rosidl_typesupport_fastrtps_c.so" to ""
-- Installing: /home/huangbo/ros2_learn/tongxun_learn/src/install/student_interfaces/lib/python3.12/site-packages/student_interfaces/student_interfaces_s__rosidl_typesupport_introspection_c.so
-- Set non-toolchain portion of runtime path of "/home/huangbo/ros2_learn/tongxun_learn/src/install/student_interfaces/lib/python3.12/site-packages/student_interfaces/student_interfaces_s__rosidl_typesupport_introspection_c.so" to ""
-- Installing: /home/huangbo/ros2_learn/tongxun_learn/src/install/student_interfaces/lib/python3.12/site-packages/student_interfaces/student_interfaces_s__rosidl_typesupport_c.so
-- Set non-toolchain portion of runtime path of "/home/huangbo/ros2_learn/tongxun_learn/src/install/student_interfaces/lib/python3.12/site-packages/student_interfaces/student_interfaces_s__rosidl_typesupport_c.so" to ""
-- Installing: /home/huangbo/ros2_learn/tongxun_learn/src/install/student_interfaces/lib/libstudent_interfaces__rosidl_generator_py.so
-- Set non-toolchain portion of runtime path of "/home/huangbo/ros2_learn/tongxun_learn/src/install/student_interfaces/lib/libstudent_interfaces__rosidl_generator_py.so" to ""
-- Installing: /home/huangbo/ros2_learn/tongxun_learn/src/install/student_interfaces/share/student_interfaces/rust
-- Installing: /home/huangbo/ros2_learn/tongxun_learn/src/install/student_interfaces/share/student_interfaces/rust/src
-- Installing: /home/huangbo/ros2_learn/tongxun_learn/src/install/student_interfaces/share/student_interfaces/rust/src/srv.rs
-- Installing: /home/huangbo/ros2_learn/tongxun_learn/src/install/student_interfaces/share/student_interfaces/rust/src/msg.rs
-- Installing: /home/huangbo/ros2_learn/tongxun_learn/src/install/student_interfaces/share/student_interfaces/rust/src/srv
-- Installing: /home/huangbo/ros2_learn/tongxun_learn/src/install/student_interfaces/share/student_interfaces/rust/src/srv/rmw.rs
-- Installing: /home/huangbo/ros2_learn/tongxun_learn/src/install/student_interfaces/share/student_interfaces/rust/src/msg
-- Installing: /home/huangbo/ros2_learn/tongxun_learn/src/install/student_interfaces/share/student_interfaces/rust/src/msg/rmw.rs
-- Installing: /home/huangbo/ros2_learn/tongxun_learn/src/install/student_interfaces/share/student_interfaces/rust/src/lib.rs
-- Installing: /home/huangbo/ros2_learn/tongxun_learn/src/install/student_interfaces/share/student_interfaces/rust/Cargo.toml
-- Installing: /home/huangbo/ros2_learn/tongxun_learn/src/install/student_interfaces/share/student_interfaces/rust/build.rs
-- Installing: /home/huangbo/ros2_learn/tongxun_learn/src/install/student_interfaces/share/student_interfaces/msg/Student.idl
-- Installing: /home/huangbo/ros2_learn/tongxun_learn/src/install/student_interfaces/share/student_interfaces/srv/Addints.idl
-- Installing: /home/huangbo/ros2_learn/tongxun_learn/src/install/student_interfaces/share/student_interfaces/msg/Student.msg
-- Installing: /home/huangbo/ros2_learn/tongxun_learn/src/install/student_interfaces/share/student_interfaces/srv/Addints.srv
-- Installing: /home/huangbo/ros2_learn/tongxun_learn/src/install/student_interfaces/share/ament_index/resource_index/package_run_dependencies/student_interfaces
-- Installing: /home/huangbo/ros2_learn/tongxun_learn/src/install/student_interfaces/share/ament_index/resource_index/parent_prefix_path/student_interfaces
-- Installing: /home/huangbo/ros2_learn/tongxun_learn/src/install/student_interfaces/share/student_interfaces/environment/ament_prefix_path.sh
-- Installing: /home/huangbo/ros2_learn/tongxun_learn/src/install/student_interfaces/share/student_interfaces/environment/ament_prefix_path.dsv
-- Installing: /home/huangbo/ros2_learn/tongxun_learn/src/install/student_interfaces/share/student_interfaces/environment/path.sh
-- Installing: /home/huangbo/ros2_learn/tongxun_learn/src/install/student_interfaces/share/student_interfaces/environment/path.dsv
-- Installing: /home/huangbo/ros2_learn/tongxun_learn/src/install/student_interfaces/share/student_interfaces/local_setup.bash
-- Installing: /home/huangbo/ros2_learn/tongxun_learn/src/install/student_interfaces/share/student_interfaces/local_setup.sh
-- Installing: /home/huangbo/ros2_learn/tongxun_learn/src/install/student_interfaces/share/student_interfaces/local_setup.zsh
-- Installing: /home/huangbo/ros2_learn/tongxun_learn/src/install/student_interfaces/share/student_interfaces/local_setup.dsv
-- Installing: /home/huangbo/ros2_learn/tongxun_learn/src/install/student_interfaces/share/student_interfaces/package.dsv
-- Installing: /home/huangbo/ros2_learn/tongxun_learn/src/install/student_interfaces/share/ament_index/resource_index/packages/student_interfaces
-- Installing: /home/huangbo/ros2_learn/tongxun_learn/src/install/student_interfaces/share/student_interfaces/cmake/export_student_interfaces__rosidl_generator_cExport.cmake
-- Installing: /home/huangbo/ros2_learn/tongxun_learn/src/install/student_interfaces/share/student_interfaces/cmake/export_student_interfaces__rosidl_generator_cExport-noconfig.cmake
-- Installing: /home/huangbo/ros2_learn/tongxun_learn/src/install/student_interfaces/share/student_interfaces/cmake/export_student_interfaces__rosidl_typesupport_fastrtps_cExport.cmake
-- Installing: /home/huangbo/ros2_learn/tongxun_learn/src/install/student_interfaces/share/student_interfaces/cmake/export_student_interfaces__rosidl_typesupport_fastrtps_cExport-noconfig.cmake
-- Installing: /home/huangbo/ros2_learn/tongxun_learn/src/install/student_interfaces/share/student_interfaces/cmake/student_interfaces__rosidl_typesupport_introspection_cExport.cmake
-- Installing: /home/huangbo/ros2_learn/tongxun_learn/src/install/student_interfaces/share/student_interfaces/cmake/student_interfaces__rosidl_typesupport_introspection_cExport-noconfig.cmake
-- Installing: /home/huangbo/ros2_learn/tongxun_learn/src/install/student_interfaces/share/student_interfaces/cmake/student_interfaces__rosidl_typesupport_cExport.cmake
-- Installing: /home/huangbo/ros2_learn/tongxun_learn/src/install/student_interfaces/share/student_interfaces/cmake/student_interfaces__rosidl_typesupport_cExport-noconfig.cmake
-- Installing: /home/huangbo/ros2_learn/tongxun_learn/src/install/student_interfaces/share/student_interfaces/cmake/export_student_interfaces__rosidl_generator_cppExport.cmake
-- Installing: /home/huangbo/ros2_learn/tongxun_learn/src/install/student_interfaces/share/student_interfaces/cmake/export_student_interfaces__rosidl_typesupport_fastrtps_cppExport.cmake
-- Installing: /home/huangbo/ros2_learn/tongxun_learn/src/install/student_interfaces/share/student_interfaces/cmake/export_student_interfaces__rosidl_typesupport_fastrtps_cppExport-noconfig.cmake
-- Installing: /home/huangbo/ros2_learn/tongxun_learn/src/install/student_interfaces/share/student_interfaces/cmake/student_interfaces__rosidl_typesupport_introspection_cppExport.cmake
-- Installing: /home/huangbo/ros2_learn/tongxun_learn/src/install/student_interfaces/share/student_interfaces/cmake/student_interfaces__rosidl_typesupport_introspection_cppExport-noconfig.cmake
-- Installing: /home/huangbo/ros2_learn/tongxun_learn/src/install/student_interfaces/share/student_interfaces/cmake/student_interfaces__rosidl_typesupport_cppExport.cmake
-- Installing: /home/huangbo/ros2_learn/tongxun_learn/src/install/student_interfaces/share/student_interfaces/cmake/student_interfaces__rosidl_typesupport_cppExport-noconfig.cmake
-- Installing: /home/huangbo/ros2_learn/tongxun_learn/src/install/student_interfaces/share/student_interfaces/cmake/export_student_interfaces__rosidl_generator_pyExport.cmake
-- Installing: /home/huangbo/ros2_learn/tongxun_learn/src/install/student_interfaces/share/student_interfaces/cmake/export_student_interfaces__rosidl_generator_pyExport-noconfig.cmake
-- Installing: /home/huangbo/ros2_learn/tongxun_learn/src/install/student_interfaces/share/student_interfaces/cmake/rosidl_cmake-extras.cmake
-- Installing: /home/huangbo/ros2_learn/tongxun_learn/src/install/student_interfaces/share/student_interfaces/cmake/ament_cmake_export_dependencies-extras.cmake
-- Installing: /home/huangbo/ros2_learn/tongxun_learn/src/install/student_interfaces/share/student_interfaces/cmake/ament_cmake_export_include_directories-extras.cmake
-- Installing: /home/huangbo/ros2_learn/tongxun_learn/src/install/student_interfaces/share/student_interfaces/cmake/ament_cmake_export_libraries-extras.cmake
-- Installing: /home/huangbo/ros2_learn/tongxun_learn/src/install/student_interfaces/share/student_interfaces/cmake/ament_cmake_export_targets-extras.cmake
-- Installing: /home/huangbo/ros2_learn/tongxun_learn/src/install/student_interfaces/share/student_interfaces/cmake/rosidl_cmake_export_typesupport_targets-extras.cmake
-- Installing: /home/huangbo/ros2_learn/tongxun_learn/src/install/student_interfaces/share/student_interfaces/cmake/rosidl_cmake_export_typesupport_libraries-extras.cmake
-- Installing: /home/huangbo/ros2_learn/tongxun_learn/src/install/student_interfaces/share/student_interfaces/cmake/rosidl_cmake_aggregate_target-extras.cmake
-- Installing: /home/huangbo/ros2_learn/tongxun_learn/src/install/student_interfaces/share/student_interfaces/cmake/student_interfacesConfig.cmake
-- Installing: /home/huangbo/ros2_learn/tongxun_learn/src/install/student_interfaces/share/student_interfaces/cmake/student_interfacesConfig-version.cmake
-- Installing: /home/huangbo/ros2_learn/tongxun_learn/src/install/student_interfaces/share/student_interfaces/package.xml
