[3.088s] Invoking command in '/home/huangbo/ros2_learn/tools_learn/build/py06_urdf': DEBUGINFOD_URLS=https://debuginfod.ubuntu.com PYTHONPATH=/home/huangbo/ros2_learn/tools_learn/build/py06_urdf/prefix_override:/usr/lib/python3/dist-packages/colcon_core/task/python/colcon_distutils_commands:/home/huangbo/ros2_learn/tools_learn/install/py06_urdf/lib/python3.12/site-packages:${PYTHONPATH} /usr/bin/python3 -W ignore:setup.py install is deprecated -W ignore:easy_install command is deprecated setup.py develop --editable --build-directory /home/huangbo/ros2_learn/tools_learn/build/py06_urdf/build --no-deps symlink_data
[3.468s] running develop
[3.691s] running egg_info
[3.691s] creating py06_urdf.egg-info
[3.715s] writing py06_urdf.egg-info/PKG-INFO
[3.715s] writing dependency_links to py06_urdf.egg-info/dependency_links.txt
[3.715s] writing requirements to py06_urdf.egg-info/requires.txt
[3.715s] writing top-level names to py06_urdf.egg-info/top_level.txt
[3.717s] writing manifest file 'py06_urdf.egg-info/SOURCES.txt'
[3.760s] reading manifest file 'py06_urdf.egg-info/SOURCES.txt'
[3.762s] writing manifest file 'py06_urdf.egg-info/SOURCES.txt'
[3.785s] running build_ext
[3.785s] Creating /home/huangbo/ros2_learn/tools_learn/install/py06_urdf/lib/python3.12/site-packages/py06-urdf.egg-link (link to .)
[3.786s] 
[3.786s] Installed /home/huangbo/ros2_learn/tools_learn/build/py06_urdf
[3.786s] running symlink_data
[3.786s] creating /home/huangbo/ros2_learn/tools_learn/install/py06_urdf/share/ament_index
[3.787s] creating /home/huangbo/ros2_learn/tools_learn/install/py06_urdf/share/ament_index/resource_index
[3.787s] creating /home/huangbo/ros2_learn/tools_learn/install/py06_urdf/share/ament_index/resource_index/packages
[3.787s] symbolically linking /home/huangbo/ros2_learn/tools_learn/build/py06_urdf/resource/py06_urdf -> /home/huangbo/ros2_learn/tools_learn/install/py06_urdf/share/ament_index/resource_index/packages
[3.787s] symbolically linking /home/huangbo/ros2_learn/tools_learn/build/py06_urdf/package.xml -> /home/huangbo/ros2_learn/tools_learn/install/py06_urdf/share/py06_urdf
[3.787s] creating /home/huangbo/ros2_learn/tools_learn/install/py06_urdf/share/py06_urdf/launch
[3.787s] symbolically linking /home/huangbo/ros2_learn/tools_learn/build/py06_urdf/launch/display.launch.py -> /home/huangbo/ros2_learn/tools_learn/install/py06_urdf/share/py06_urdf/launch
[3.787s] creating /home/huangbo/ros2_learn/tools_learn/install/py06_urdf/share/py06_urdf/urdf
[3.787s] creating /home/huangbo/ros2_learn/tools_learn/install/py06_urdf/share/py06_urdf/urdf/urdf
[3.788s] symbolically linking /home/huangbo/ros2_learn/tools_learn/build/py06_urdf/urdf/urdf/demo01_helloword.urdf -> /home/huangbo/ros2_learn/tools_learn/install/py06_urdf/share/py06_urdf/urdf/urdf
[3.788s] creating /home/huangbo/ros2_learn/tools_learn/install/py06_urdf/share/py06_urdf/rviz
[3.788s] symbolically linking /home/huangbo/ros2_learn/tools_learn/build/py06_urdf/rviz/urdf1.rviz -> /home/huangbo/ros2_learn/tools_learn/install/py06_urdf/share/py06_urdf/rviz
[3.789s] creating /home/huangbo/ros2_learn/tools_learn/install/py06_urdf/share/py06_urdf/meshes
[3.789s] symbolically linking /home/huangbo/ros2_learn/tools_learn/build/py06_urdf/meshes/.keep -> /home/huangbo/ros2_learn/tools_learn/install/py06_urdf/share/py06_urdf/meshes
[3.830s] Invoked command in '/home/huangbo/ros2_learn/tools_learn/build/py06_urdf' returned '0': DEBUGINFOD_URLS=https://debuginfod.ubuntu.com PYTHONPATH=/home/huangbo/ros2_learn/tools_learn/build/py06_urdf/prefix_override:/usr/lib/python3/dist-packages/colcon_core/task/python/colcon_distutils_commands:/home/huangbo/ros2_learn/tools_learn/install/py06_urdf/lib/python3.12/site-packages:${PYTHONPATH} /usr/bin/python3 -W ignore:setup.py install is deprecated -W ignore:easy_install command is deprecated setup.py develop --editable --build-directory /home/huangbo/ros2_learn/tools_learn/build/py06_urdf/build --no-deps symlink_data
